1778779499
SOM total power                                         :     4540 mW
LPD temperature measurement 		    		:     28 C
FPD temperature measurement (REMOTE)  		    	:     27 C
PL temperature    					:     26 C
1778779501
SOM total power                                         :     4580 mW
LPD temperature measurement 		    		:     29 C
FPD temperature measurement (REMOTE)  		    	:     25 C
PL temperature    					:     27 C
1778779502
SOM total power                                         :     4530 mW
LPD temperature measurement 		    		:     27 C
FPD temperature measurement (REMOTE)  		    	:     26 C
PL temperature    					:     27 C
1778779503
SOM total power                                         :     4930 mW
LPD temperature measurement 		    		:     28 C
FPD temperature measurement (REMOTE)  		    	:     28 C
PL temperature    					:     27 C
1778779505
SOM total power                                         :     4520 mW
LPD temperature measurement 		    		:     27 C
FPD temperature measurement (REMOTE)  		    	:     27 C
PL temperature    					:     26 C
1778779506
SOM total power                                         :     4560 mW
LPD temperature measurement 		    		:     28 C
FPD temperature measurement (REMOTE)  		    	:     27 C
PL temperature    					:     26 C
1778779508
SOM total power                                         :     4580 mW
LPD temperature measurement 		    		:     27 C
FPD temperature measurement (REMOTE)  		    	:     26 C
PL temperature    					:     26 C
1778779509
SOM total power                                         :     4770 mW
LPD temperature measurement 		    		:     27 C
FPD temperature measurement (REMOTE)  		    	:     27 C
PL temperature    					:     26 C
1778779510
SOM total power                                         :     4570 mW
LPD temperature measurement 		    		:     28 C
FPD temperature measurement (REMOTE)  		    	:     26 C
PL temperature    					:     25 C
1778779512
SOM total power                                         :     4900 mW
LPD temperature measurement 		    		:     28 C
FPD temperature measurement (REMOTE)  		    	:     26 C
PL temperature    					:     27 C
1778779513
SOM total power                                         :     4530 mW
LPD temperature measurement 		    		:     28 C
FPD temperature measurement (REMOTE)  		    	:     27 C
PL temperature    					:     27 C
1778779515
SOM total power                                         :     4860 mW
LPD temperature measurement 		    		:     29 C
FPD temperature measurement (REMOTE)  		    	:     26 C
PL temperature    					:     26 C
1778779516
SOM total power                                         :     4830 mW
LPD temperature measurement 		    		:     28 C
FPD temperature measurement (REMOTE)  		    	:     27 C
PL temperature    					:     27 C
1778779517
SOM total power                                         :     5120 mW
LPD temperature measurement 		    		:     28 C
FPD temperature measurement (REMOTE)  		    	:     27 C
PL temperature    					:     27 C
1778779519
SOM total power                                         :     5360 mW
LPD temperature measurement 		    		:     27 C
FPD temperature measurement (REMOTE)  		    	:     28 C
PL temperature    					:     28 C
1778779520
SOM total power                                         :     4930 mW
LPD temperature measurement 		    		:     28 C
FPD temperature measurement (REMOTE)  		    	:     28 C
PL temperature    					:     27 C
1778779522
SOM total power                                         :     5060 mW
LPD temperature measurement 		    		:     28 C
FPD temperature measurement (REMOTE)  		    	:     27 C
PL temperature    					:     27 C
1778779523
SOM total power                                         :     4880 mW
LPD temperature measurement 		    		:     27 C
FPD temperature measurement (REMOTE)  		    	:     26 C
PL temperature    					:     26 C
1778779524
SOM total power                                         :     4940 mW
LPD temperature measurement 		    		:     27 C
FPD temperature measurement (REMOTE)  		    	:     26 C
PL temperature    					:     27 C
1778779526
SOM total power                                         :     4960 mW
LPD temperature measurement 		    		:     28 C
FPD temperature measurement (REMOTE)  		    	:     26 C
PL temperature    					:     27 C
1778779527
SOM total power                                         :     4880 mW
LPD temperature measurement 		    		:     27 C
FPD temperature measurement (REMOTE)  		    	:     28 C
PL temperature    					:     28 C
1778779529
SOM total power                                         :     5090 mW
LPD temperature measurement 		    		:     28 C
FPD temperature measurement (REMOTE)  		    	:     27 C
PL temperature    					:     26 C
1778779530
SOM total power                                         :     4780 mW
LPD temperature measurement 		    		:     28 C
FPD temperature measurement (REMOTE)  		    	:     26 C
PL temperature    					:     26 C
1778779531
SOM total power                                         :     4880 mW
LPD temperature measurement 		    		:     28 C
FPD temperature measurement (REMOTE)  		    	:     27 C
PL temperature    					:     27 C
1778779533
SOM total power                                         :     5070 mW
LPD temperature measurement 		    		:     29 C
FPD temperature measurement (REMOTE)  		    	:     28 C
PL temperature    					:     27 C
1778779534
SOM total power                                         :     5120 mW
LPD temperature measurement 		    		:     29 C
FPD temperature measurement (REMOTE)  		    	:     25 C
PL temperature    					:     27 C
1778779536
SOM total power                                         :     5120 mW
LPD temperature measurement 		    		:     27 C
FPD temperature measurement (REMOTE)  		    	:     27 C
PL temperature    					:     26 C
1778779537
SOM total power                                         :     4820 mW
LPD temperature measurement 		    		:     29 C
FPD temperature measurement (REMOTE)  		    	:     28 C
PL temperature    					:     27 C
1778779538
SOM total power                                         :     5100 mW
LPD temperature measurement 		    		:     27 C
FPD temperature measurement (REMOTE)  		    	:     28 C
PL temperature    					:     27 C
1778779540
SOM total power                                         :     4990 mW
LPD temperature measurement 		    		:     29 C
FPD temperature measurement (REMOTE)  		    	:     28 C
PL temperature    					:     27 C
1778779541
SOM total power                                         :     5160 mW
LPD temperature measurement 		    		:     28 C
FPD temperature measurement (REMOTE)  		    	:     27 C
PL temperature    					:     25 C
1778779543
SOM total power                                         :     5130 mW
LPD temperature measurement 		    		:     27 C
FPD temperature measurement (REMOTE)  		    	:     28 C
PL temperature    					:     26 C
1778779544
SOM total power                                         :     4840 mW
LPD temperature measurement 		    		:     29 C
FPD temperature measurement (REMOTE)  		    	:     28 C
PL temperature    					:     25 C
1778779545
SOM total power                                         :     5090 mW
LPD temperature measurement 		    		:     28 C
FPD temperature measurement (REMOTE)  		    	:     26 C
PL temperature    					:     28 C
1778779547
SOM total power                                         :     5100 mW
LPD temperature measurement 		    		:     28 C
FPD temperature measurement (REMOTE)  		    	:     28 C
PL temperature    					:     26 C
1778779548
SOM total power                                         :     4810 mW
LPD temperature measurement 		    		:     28 C
FPD temperature measurement (REMOTE)  		    	:     27 C
PL temperature    					:     26 C
1778779550
SOM total power                                         :     5070 mW
LPD temperature measurement 		    		:     28 C
FPD temperature measurement (REMOTE)  		    	:     26 C
PL temperature    					:     26 C
1778779551
SOM total power                                         :     5280 mW
LPD temperature measurement 		    		:     28 C
FPD temperature measurement (REMOTE)  		    	:     27 C
PL temperature    					:     26 C
1778779552
SOM total power                                         :     5040 mW
LPD temperature measurement 		    		:     27 C
FPD temperature measurement (REMOTE)  		    	:     27 C
PL temperature    					:     26 C
1778779554
SOM total power                                         :     5050 mW
LPD temperature measurement 		    		:     28 C
FPD temperature measurement (REMOTE)  		    	:     28 C
PL temperature    					:     27 C
1778779555
SOM total power                                         :     5110 mW
LPD temperature measurement 		    		:     28 C
FPD temperature measurement (REMOTE)  		    	:     27 C
PL temperature    					:     27 C
1778779557
SOM total power                                         :     4790 mW
LPD temperature measurement 		    		:     28 C
FPD temperature measurement (REMOTE)  		    	:     27 C
PL temperature    					:     27 C
1778779558
SOM total power                                         :     5020 mW
LPD temperature measurement 		    		:     27 C
FPD temperature measurement (REMOTE)  		    	:     27 C
PL temperature    					:     28 C
1778779560
SOM total power                                         :     5050 mW
LPD temperature measurement 		    		:     28 C
FPD temperature measurement (REMOTE)  		    	:     28 C
PL temperature    					:     27 C
1778779561
SOM total power                                         :     5100 mW
LPD temperature measurement 		    		:     28 C
FPD temperature measurement (REMOTE)  		    	:     27 C
PL temperature    					:     27 C
1778779562
SOM total power                                         :     4930 mW
LPD temperature measurement 		    		:     28 C
FPD temperature measurement (REMOTE)  		    	:     26 C
PL temperature    					:     27 C
1778779564
SOM total power                                         :     4940 mW
LPD temperature measurement 		    		:     28 C
FPD temperature measurement (REMOTE)  		    	:     28 C
PL temperature    					:     26 C
1778779565
SOM total power                                         :     5080 mW
LPD temperature measurement 		    		:     28 C
FPD temperature measurement (REMOTE)  		    	:     28 C
PL temperature    					:     26 C
1778779566
SOM total power                                         :     4970 mW
LPD temperature measurement 		    		:     27 C
FPD temperature measurement (REMOTE)  		    	:     28 C
PL temperature    					:     27 C
1778779568
SOM total power                                         :     5060 mW
LPD temperature measurement 		    		:     27 C
FPD temperature measurement (REMOTE)  		    	:     27 C
PL temperature    					:     27 C
1778779569
SOM total power                                         :     5120 mW
LPD temperature measurement 		    		:     27 C
FPD temperature measurement (REMOTE)  		    	:     27 C
PL temperature    					:     26 C
1778779571
SOM total power                                         :     5090 mW
LPD temperature measurement 		    		:     28 C
FPD temperature measurement (REMOTE)  		    	:     27 C
PL temperature    					:     26 C
1778779572
SOM total power                                         :     5130 mW
LPD temperature measurement 		    		:     29 C
FPD temperature measurement (REMOTE)  		    	:     28 C
PL temperature    					:     27 C
1778779573
SOM total power                                         :     4980 mW
LPD temperature measurement 		    		:     28 C
FPD temperature measurement (REMOTE)  		    	:     27 C
PL temperature    					:     27 C
1778779575
SOM total power                                         :     4890 mW
LPD temperature measurement 		    		:     28 C
FPD temperature measurement (REMOTE)  		    	:     28 C
PL temperature    					:     27 C
1778779576
SOM total power                                         :     4930 mW
LPD temperature measurement 		    		:     28 C
FPD temperature measurement (REMOTE)  		    	:     27 C
PL temperature    					:     28 C
1778779578
SOM total power                                         :     5020 mW
LPD temperature measurement 		    		:     30 C
FPD temperature measurement (REMOTE)  		    	:     29 C
PL temperature    					:     27 C
1778779579
SOM total power                                         :     4900 mW
LPD temperature measurement 		    		:     28 C
FPD temperature measurement (REMOTE)  		    	:     27 C
PL temperature    					:     27 C
1778779580
SOM total power                                         :     4950 mW
LPD temperature measurement 		    		:     28 C
FPD temperature measurement (REMOTE)  		    	:     27 C
PL temperature    					:     26 C
1778779582
SOM total power                                         :     4940 mW
LPD temperature measurement 		    		:     28 C
FPD temperature measurement (REMOTE)  		    	:     28 C
PL temperature    					:     26 C
1778779583
SOM total power                                         :     5170 mW
LPD temperature measurement 		    		:     28 C
FPD temperature measurement (REMOTE)  		    	:     28 C
PL temperature    					:     27 C
1778779585
SOM total power                                         :     5150 mW
LPD temperature measurement 		    		:     28 C
FPD temperature measurement (REMOTE)  		    	:     27 C
PL temperature    					:     26 C
1778779586
SOM total power                                         :     5010 mW
LPD temperature measurement 		    		:     28 C
FPD temperature measurement (REMOTE)  		    	:     28 C
PL temperature    					:     28 C
1778779587
SOM total power                                         :     4780 mW
LPD temperature measurement 		    		:     29 C
FPD temperature measurement (REMOTE)  		    	:     28 C
PL temperature    					:     26 C
1778779589
SOM total power                                         :     4800 mW
LPD temperature measurement 		    		:     29 C
FPD temperature measurement (REMOTE)  		    	:     27 C
PL temperature    					:     28 C
1778779590
SOM total power                                         :     5030 mW
LPD temperature measurement 		    		:     29 C
FPD temperature measurement (REMOTE)  		    	:     26 C
PL temperature    					:     27 C
1778779592
SOM total power                                         :     5010 mW
LPD temperature measurement 		    		:     30 C
FPD temperature measurement (REMOTE)  		    	:     27 C
PL temperature    					:     27 C
1778779593
SOM total power                                         :     5040 mW
LPD temperature measurement 		    		:     29 C
FPD temperature measurement (REMOTE)  		    	:     28 C
PL temperature    					:     27 C
1778779594
SOM total power                                         :     5040 mW
LPD temperature measurement 		    		:     27 C
FPD temperature measurement (REMOTE)  		    	:     27 C
PL temperature    					:     27 C
1778779596
SOM total power                                         :     5090 mW
LPD temperature measurement 		    		:     28 C
FPD temperature measurement (REMOTE)  		    	:     29 C
PL temperature    					:     28 C
1778779597
SOM total power                                         :     5010 mW
LPD temperature measurement 		    		:     28 C
FPD temperature measurement (REMOTE)  		    	:     27 C
PL temperature    					:     28 C
1778779599
SOM total power                                         :     5110 mW
LPD temperature measurement 		    		:     27 C
FPD temperature measurement (REMOTE)  		    	:     28 C
PL temperature    					:     27 C
1778779600
SOM total power                                         :     5010 mW
LPD temperature measurement 		    		:     28 C
FPD temperature measurement (REMOTE)  		    	:     28 C
PL temperature    					:     27 C
1778779601
SOM total power                                         :     5140 mW
LPD temperature measurement 		    		:     28 C
FPD temperature measurement (REMOTE)  		    	:     28 C
PL temperature    					:     26 C
1778779603
SOM total power                                         :     4940 mW
LPD temperature measurement 		    		:     29 C
FPD temperature measurement (REMOTE)  		    	:     26 C
PL temperature    					:     26 C
1778779604
SOM total power                                         :     5080 mW
LPD temperature measurement 		    		:     29 C
FPD temperature measurement (REMOTE)  		    	:     30 C
PL temperature    					:     26 C
1778779606
SOM total power                                         :     5000 mW
LPD temperature measurement 		    		:     28 C
FPD temperature measurement (REMOTE)  		    	:     28 C
PL temperature    					:     27 C
1778779607
SOM total power                                         :     5000 mW
LPD temperature measurement 		    		:     29 C
FPD temperature measurement (REMOTE)  		    	:     28 C
PL temperature    					:     29 C
1778779608
SOM total power                                         :     5080 mW
LPD temperature measurement 		    		:     29 C
FPD temperature measurement (REMOTE)  		    	:     27 C
PL temperature    					:     26 C
1778779610
SOM total power                                         :     5020 mW
LPD temperature measurement 		    		:     29 C
FPD temperature measurement (REMOTE)  		    	:     28 C
PL temperature    					:     27 C
1778779611
SOM total power                                         :     5060 mW
LPD temperature measurement 		    		:     29 C
FPD temperature measurement (REMOTE)  		    	:     27 C
PL temperature    					:     27 C
1778779613
SOM total power                                         :     5260 mW
LPD temperature measurement 		    		:     28 C
FPD temperature measurement (REMOTE)  		    	:     28 C
PL temperature    					:     27 C
1778779614
SOM total power                                         :     4990 mW
LPD temperature measurement 		    		:     27 C
FPD temperature measurement (REMOTE)  		    	:     27 C
PL temperature    					:     29 C
1778779615
SOM total power                                         :     5150 mW
LPD temperature measurement 		    		:     28 C
FPD temperature measurement (REMOTE)  		    	:     28 C
PL temperature    					:     27 C
1778779617
SOM total power                                         :     4890 mW
LPD temperature measurement 		    		:     29 C
FPD temperature measurement (REMOTE)  		    	:     28 C
PL temperature    					:     26 C
1778779618
SOM total power                                         :     4760 mW
LPD temperature measurement 		    		:     29 C
FPD temperature measurement (REMOTE)  		    	:     27 C
PL temperature    					:     27 C
1778779620
SOM total power                                         :     5060 mW
LPD temperature measurement 		    		:     28 C
FPD temperature measurement (REMOTE)  		    	:     27 C
PL temperature    					:     27 C
1778779621
SOM total power                                         :     5020 mW
LPD temperature measurement 		    		:     29 C
FPD temperature measurement (REMOTE)  		    	:     27 C
PL temperature    					:     28 C
1778779622
SOM total power                                         :     5010 mW
LPD temperature measurement 		    		:     28 C
FPD temperature measurement (REMOTE)  		    	:     28 C
PL temperature    					:     27 C
1778779624
SOM total power                                         :     5130 mW
LPD temperature measurement 		    		:     28 C
FPD temperature measurement (REMOTE)  		    	:     28 C
PL temperature    					:     27 C
1778779625
SOM total power                                         :     5190 mW
LPD temperature measurement 		    		:     29 C
FPD temperature measurement (REMOTE)  		    	:     27 C
PL temperature    					:     29 C
1778779627
SOM total power                                         :     4940 mW
LPD temperature measurement 		    		:     28 C
FPD temperature measurement (REMOTE)  		    	:     28 C
PL temperature    					:     27 C
1778779628
SOM total power                                         :     5180 mW
LPD temperature measurement 		    		:     28 C
FPD temperature measurement (REMOTE)  		    	:     27 C
PL temperature    					:     28 C
1778779629
SOM total power                                         :     5100 mW
LPD temperature measurement 		    		:     28 C
FPD temperature measurement (REMOTE)  		    	:     29 C
PL temperature    					:     28 C
1778779631
SOM total power                                         :     5080 mW
LPD temperature measurement 		    		:     29 C
FPD temperature measurement (REMOTE)  		    	:     27 C
PL temperature    					:     28 C
1778779632
SOM total power                                         :     4870 mW
LPD temperature measurement 		    		:     29 C
FPD temperature measurement (REMOTE)  		    	:     27 C
PL temperature    					:     28 C
1778779634
SOM total power                                         :     5050 mW
LPD temperature measurement 		    		:     29 C
FPD temperature measurement (REMOTE)  		    	:     28 C
PL temperature    					:     28 C
1778779635
SOM total power                                         :     5050 mW
LPD temperature measurement 		    		:     29 C
FPD temperature measurement (REMOTE)  		    	:     27 C
PL temperature    					:     27 C
1778779636
SOM total power                                         :     5130 mW
LPD temperature measurement 		    		:     28 C
FPD temperature measurement (REMOTE)  		    	:     28 C
PL temperature    					:     27 C
1778779638
SOM total power                                         :     5000 mW
LPD temperature measurement 		    		:     28 C
FPD temperature measurement (REMOTE)  		    	:     26 C
PL temperature    					:     27 C
1778779639
SOM total power                                         :     5060 mW
LPD temperature measurement 		    		:     28 C
FPD temperature measurement (REMOTE)  		    	:     28 C
PL temperature    					:     26 C
1778779640
SOM total power                                         :     5040 mW
LPD temperature measurement 		    		:     28 C
FPD temperature measurement (REMOTE)  		    	:     27 C
PL temperature    					:     28 C
1778779642
SOM total power                                         :     5490 mW
LPD temperature measurement 		    		:     29 C
FPD temperature measurement (REMOTE)  		    	:     28 C
PL temperature    					:     26 C
1778779643
SOM total power                                         :     4850 mW
LPD temperature measurement 		    		:     28 C
FPD temperature measurement (REMOTE)  		    	:     28 C
PL temperature    					:     28 C
1778779645
SOM total power                                         :     5030 mW
LPD temperature measurement 		    		:     29 C
FPD temperature measurement (REMOTE)  		    	:     28 C
PL temperature    					:     26 C
1778779646
SOM total power                                         :     5130 mW
LPD temperature measurement 		    		:     29 C
FPD temperature measurement (REMOTE)  		    	:     28 C
PL temperature    					:     27 C
1778779647
SOM total power                                         :     4890 mW
LPD temperature measurement 		    		:     28 C
FPD temperature measurement (REMOTE)  		    	:     29 C
PL temperature    					:     27 C
1778779649
SOM total power                                         :     5030 mW
LPD temperature measurement 		    		:     28 C
FPD temperature measurement (REMOTE)  		    	:     27 C
PL temperature    					:     29 C
1778779650
SOM total power                                         :     4940 mW
LPD temperature measurement 		    		:     28 C
FPD temperature measurement (REMOTE)  		    	:     28 C
PL temperature    					:     28 C
1778779652
SOM total power                                         :     5040 mW
LPD temperature measurement 		    		:     29 C
FPD temperature measurement (REMOTE)  		    	:     27 C
PL temperature    					:     28 C
1778779653
SOM total power                                         :     5060 mW
LPD temperature measurement 		    		:     28 C
FPD temperature measurement (REMOTE)  		    	:     27 C
PL temperature    					:     27 C
1778779654
SOM total power                                         :     5070 mW
LPD temperature measurement 		    		:     29 C
FPD temperature measurement (REMOTE)  		    	:     28 C
PL temperature    					:     27 C
1778779656
SOM total power                                         :     4900 mW
LPD temperature measurement 		    		:     29 C
FPD temperature measurement (REMOTE)  		    	:     27 C
PL temperature    					:     27 C
1778779657
SOM total power                                         :     5000 mW
LPD temperature measurement 		    		:     28 C
FPD temperature measurement (REMOTE)  		    	:     27 C
PL temperature    					:     28 C
1778779659
SOM total power                                         :     5000 mW
LPD temperature measurement 		    		:     28 C
FPD temperature measurement (REMOTE)  		    	:     26 C
PL temperature    					:     27 C
1778779660
SOM total power                                         :     4780 mW
LPD temperature measurement 		    		:     28 C
FPD temperature measurement (REMOTE)  		    	:     27 C
PL temperature    					:     27 C
1778779661
SOM total power                                         :     4960 mW
LPD temperature measurement 		    		:     29 C
FPD temperature measurement (REMOTE)  		    	:     28 C
PL temperature    					:     26 C
1778779663
SOM total power                                         :     5130 mW
LPD temperature measurement 		    		:     29 C
FPD temperature measurement (REMOTE)  		    	:     28 C
PL temperature    					:     27 C
1778779664
SOM total power                                         :     5360 mW
LPD temperature measurement 		    		:     28 C
FPD temperature measurement (REMOTE)  		    	:     27 C
PL temperature    					:     27 C
1778779666
SOM total power                                         :     4900 mW
LPD temperature measurement 		    		:     27 C
FPD temperature measurement (REMOTE)  		    	:     26 C
PL temperature    					:     27 C
1778779667
SOM total power                                         :     4860 mW
LPD temperature measurement 		    		:     28 C
FPD temperature measurement (REMOTE)  		    	:     27 C
PL temperature    					:     29 C
1778779668
SOM total power                                         :     4820 mW
LPD temperature measurement 		    		:     29 C
FPD temperature measurement (REMOTE)  		    	:     28 C
PL temperature    					:     27 C
1778779670
SOM total power                                         :     5010 mW
LPD temperature measurement 		    		:     28 C
FPD temperature measurement (REMOTE)  		    	:     28 C
PL temperature    					:     28 C
1778779671
SOM total power                                         :     4920 mW
LPD temperature measurement 		    		:     28 C
FPD temperature measurement (REMOTE)  		    	:     29 C
PL temperature    					:     28 C
1778779673
SOM total power                                         :     5060 mW
LPD temperature measurement 		    		:     29 C
FPD temperature measurement (REMOTE)  		    	:     27 C
PL temperature    					:     28 C
1778779674
SOM total power                                         :     4980 mW
LPD temperature measurement 		    		:     29 C
FPD temperature measurement (REMOTE)  		    	:     28 C
PL temperature    					:     26 C
1778779675
SOM total power                                         :     4800 mW
LPD temperature measurement 		    		:     28 C
FPD temperature measurement (REMOTE)  		    	:     28 C
PL temperature    					:     26 C
1778779677
SOM total power                                         :     5130 mW
LPD temperature measurement 		    		:     30 C
FPD temperature measurement (REMOTE)  		    	:     27 C
PL temperature    					:     28 C
1778779678
SOM total power                                         :     5380 mW
LPD temperature measurement 		    		:     29 C
FPD temperature measurement (REMOTE)  		    	:     28 C
PL temperature    					:     28 C
1778779680
SOM total power                                         :     4880 mW
LPD temperature measurement 		    		:     29 C
FPD temperature measurement (REMOTE)  		    	:     28 C
PL temperature    					:     28 C
1778779681
SOM total power                                         :     4830 mW
LPD temperature measurement 		    		:     30 C
FPD temperature measurement (REMOTE)  		    	:     28 C
PL temperature    					:     27 C
1778779682
SOM total power                                         :     5040 mW
LPD temperature measurement 		    		:     29 C
FPD temperature measurement (REMOTE)  		    	:     28 C
PL temperature    					:     27 C
1778779684
SOM total power                                         :     5060 mW
LPD temperature measurement 		    		:     29 C
FPD temperature measurement (REMOTE)  		    	:     28 C
PL temperature    					:     28 C
1778779685
SOM total power                                         :     4980 mW
LPD temperature measurement 		    		:     28 C
FPD temperature measurement (REMOTE)  		    	:     27 C
PL temperature    					:     26 C
1778779686
SOM total power                                         :     5140 mW
LPD temperature measurement 		    		:     29 C
FPD temperature measurement (REMOTE)  		    	:     28 C
PL temperature    					:     27 C
1778779688
SOM total power                                         :     5090 mW
LPD temperature measurement 		    		:     30 C
FPD temperature measurement (REMOTE)  		    	:     30 C
PL temperature    					:     27 C
1778779689
SOM total power                                         :     5090 mW
LPD temperature measurement 		    		:     27 C
FPD temperature measurement (REMOTE)  		    	:     27 C
PL temperature    					:     26 C
1778779691
SOM total power                                         :     5060 mW
LPD temperature measurement 		    		:     29 C
FPD temperature measurement (REMOTE)  		    	:     29 C
PL temperature    					:     26 C
1778779692
SOM total power                                         :     5320 mW
LPD temperature measurement 		    		:     28 C
FPD temperature measurement (REMOTE)  		    	:     28 C
PL temperature    					:     27 C
1778779693
SOM total power                                         :     4920 mW
LPD temperature measurement 		    		:     30 C
FPD temperature measurement (REMOTE)  		    	:     29 C
PL temperature    					:     28 C
1778779695
SOM total power                                         :     5130 mW
LPD temperature measurement 		    		:     29 C
FPD temperature measurement (REMOTE)  		    	:     28 C
PL temperature    					:     28 C
1778779696
SOM total power                                         :     5100 mW
LPD temperature measurement 		    		:     29 C
FPD temperature measurement (REMOTE)  		    	:     27 C
PL temperature    					:     27 C
1778779698
SOM total power                                         :     5050 mW
LPD temperature measurement 		    		:     29 C
FPD temperature measurement (REMOTE)  		    	:     29 C
PL temperature    					:     27 C
1778779699
SOM total power                                         :     5800 mW
LPD temperature measurement 		    		:     29 C
FPD temperature measurement (REMOTE)  		    	:     28 C
PL temperature    					:     29 C
1778779700
SOM total power                                         :     5120 mW
LPD temperature measurement 		    		:     29 C
FPD temperature measurement (REMOTE)  		    	:     29 C
PL temperature    					:     27 C
1778779702
SOM total power                                         :     5120 mW
LPD temperature measurement 		    		:     28 C
FPD temperature measurement (REMOTE)  		    	:     28 C
PL temperature    					:     27 C
1778779703
SOM total power                                         :     5270 mW
LPD temperature measurement 		    		:     29 C
FPD temperature measurement (REMOTE)  		    	:     28 C
PL temperature    					:     27 C
1778779705
SOM total power                                         :     5060 mW
LPD temperature measurement 		    		:     28 C
FPD temperature measurement (REMOTE)  		    	:     29 C
PL temperature    					:     26 C
1778779706
SOM total power                                         :     5040 mW
LPD temperature measurement 		    		:     28 C
FPD temperature measurement (REMOTE)  		    	:     29 C
PL temperature    					:     28 C
1778779707
SOM total power                                         :     5000 mW
LPD temperature measurement 		    		:     29 C
FPD temperature measurement (REMOTE)  		    	:     29 C
PL temperature    					:     28 C
1778779709
SOM total power                                         :     5010 mW
LPD temperature measurement 		    		:     28 C
FPD temperature measurement (REMOTE)  		    	:     28 C
PL temperature    					:     29 C
1778779710
SOM total power                                         :     4880 mW
LPD temperature measurement 		    		:     27 C
FPD temperature measurement (REMOTE)  		    	:     27 C
PL temperature    					:     28 C
1778779712
SOM total power                                         :     4980 mW
LPD temperature measurement 		    		:     28 C
FPD temperature measurement (REMOTE)  		    	:     27 C
PL temperature    					:     28 C
1778779713
SOM total power                                         :     4960 mW
LPD temperature measurement 		    		:     29 C
FPD temperature measurement (REMOTE)  		    	:     28 C
PL temperature    					:     29 C
1778779714
SOM total power                                         :     4760 mW
LPD temperature measurement 		    		:     28 C
FPD temperature measurement (REMOTE)  		    	:     28 C
PL temperature    					:     28 C
1778779716
SOM total power                                         :     5080 mW
LPD temperature measurement 		    		:     29 C
FPD temperature measurement (REMOTE)  		    	:     28 C
PL temperature    					:     28 C
1778779717
SOM total power                                         :     4840 mW
LPD temperature measurement 		    		:     27 C
FPD temperature measurement (REMOTE)  		    	:     27 C
PL temperature    					:     27 C
1778779719
SOM total power                                         :     4990 mW
LPD temperature measurement 		    		:     29 C
FPD temperature measurement (REMOTE)  		    	:     28 C
PL temperature    					:     27 C
1778779720
SOM total power                                         :     5040 mW
LPD temperature measurement 		    		:     27 C
FPD temperature measurement (REMOTE)  		    	:     27 C
PL temperature    					:     29 C
1778779722
SOM total power                                         :     5280 mW
LPD temperature measurement 		    		:     29 C
FPD temperature measurement (REMOTE)  		    	:     27 C
PL temperature    					:     27 C
1778779723
SOM total power                                         :     5110 mW
LPD temperature measurement 		    		:     28 C
FPD temperature measurement (REMOTE)  		    	:     27 C
PL temperature    					:     26 C
1778779724
SOM total power                                         :     4990 mW
LPD temperature measurement 		    		:     28 C
FPD temperature measurement (REMOTE)  		    	:     28 C
PL temperature    					:     27 C
1778779726
SOM total power                                         :     4820 mW
LPD temperature measurement 		    		:     28 C
FPD temperature measurement (REMOTE)  		    	:     29 C
PL temperature    					:     28 C
1778779727
SOM total power                                         :     5030 mW
LPD temperature measurement 		    		:     28 C
FPD temperature measurement (REMOTE)  		    	:     27 C
PL temperature    					:     26 C
1778779729
SOM total power                                         :     5050 mW
LPD temperature measurement 		    		:     28 C
FPD temperature measurement (REMOTE)  		    	:     29 C
PL temperature    					:     27 C
1778779730
SOM total power                                         :     5000 mW
LPD temperature measurement 		    		:     28 C
FPD temperature measurement (REMOTE)  		    	:     28 C
PL temperature    					:     27 C
1778779731
SOM total power                                         :     4950 mW
LPD temperature measurement 		    		:     29 C
FPD temperature measurement (REMOTE)  		    	:     28 C
PL temperature    					:     28 C
1778779733
SOM total power                                         :     4800 mW
LPD temperature measurement 		    		:     29 C
FPD temperature measurement (REMOTE)  		    	:     27 C
PL temperature    					:     27 C
1778779734
SOM total power                                         :     4950 mW
LPD temperature measurement 		    		:     27 C
FPD temperature measurement (REMOTE)  		    	:     28 C
PL temperature    					:     27 C
1778779736
SOM total power                                         :     4980 mW
LPD temperature measurement 		    		:     28 C
FPD temperature measurement (REMOTE)  		    	:     28 C
PL temperature    					:     27 C
1778779737
SOM total power                                         :     5090 mW
LPD temperature measurement 		    		:     29 C
FPD temperature measurement (REMOTE)  		    	:     27 C
PL temperature    					:     28 C
1778779738
SOM total power                                         :     5220 mW
LPD temperature measurement 		    		:     29 C
FPD temperature measurement (REMOTE)  		    	:     27 C
PL temperature    					:     27 C
1778779740
SOM total power                                         :     5080 mW
LPD temperature measurement 		    		:     28 C
FPD temperature measurement (REMOTE)  		    	:     27 C
PL temperature    					:     27 C
1778779741
SOM total power                                         :     5210 mW
LPD temperature measurement 		    		:     27 C
FPD temperature measurement (REMOTE)  		    	:     27 C
PL temperature    					:     27 C
1778779743
SOM total power                                         :     5330 mW
LPD temperature measurement 		    		:     28 C
FPD temperature measurement (REMOTE)  		    	:     28 C
PL temperature    					:     26 C
1778779744
SOM total power                                         :     5090 mW
LPD temperature measurement 		    		:     28 C
FPD temperature measurement (REMOTE)  		    	:     27 C
PL temperature    					:     28 C
1778779745
SOM total power                                         :     5650 mW
LPD temperature measurement 		    		:     28 C
FPD temperature measurement (REMOTE)  		    	:     27 C
PL temperature    					:     27 C
1778779747
SOM total power                                         :     4860 mW
LPD temperature measurement 		    		:     29 C
FPD temperature measurement (REMOTE)  		    	:     28 C
PL temperature    					:     29 C
1778779748
SOM total power                                         :     4980 mW
LPD temperature measurement 		    		:     29 C
FPD temperature measurement (REMOTE)  		    	:     27 C
PL temperature    					:     28 C
1778779750
SOM total power                                         :     5020 mW
LPD temperature measurement 		    		:     29 C
FPD temperature measurement (REMOTE)  		    	:     26 C
PL temperature    					:     27 C
1778779751
SOM total power                                         :     4870 mW
LPD temperature measurement 		    		:     28 C
FPD temperature measurement (REMOTE)  		    	:     29 C
PL temperature    					:     26 C
1778779752
SOM total power                                         :     5110 mW
LPD temperature measurement 		    		:     28 C
FPD temperature measurement (REMOTE)  		    	:     29 C
PL temperature    					:     27 C
1778779754
SOM total power                                         :     6010 mW
LPD temperature measurement 		    		:     29 C
FPD temperature measurement (REMOTE)  		    	:     28 C
PL temperature    					:     27 C
1778779755
SOM total power                                         :     4810 mW
LPD temperature measurement 		    		:     28 C
FPD temperature measurement (REMOTE)  		    	:     27 C
PL temperature    					:     27 C
1778779757
SOM total power                                         :     4860 mW
LPD temperature measurement 		    		:     28 C
FPD temperature measurement (REMOTE)  		    	:     27 C
PL temperature    					:     26 C
1778779758
SOM total power                                         :     4720 mW
LPD temperature measurement 		    		:     29 C
FPD temperature measurement (REMOTE)  		    	:     28 C
PL temperature    					:     27 C
1778779760
SOM total power                                         :     5020 mW
LPD temperature measurement 		    		:     28 C
FPD temperature measurement (REMOTE)  		    	:     27 C
PL temperature    					:     27 C
1778779761
SOM total power                                         :     5060 mW
LPD temperature measurement 		    		:     28 C
FPD temperature measurement (REMOTE)  		    	:     29 C
PL temperature    					:     27 C
1778779762
SOM total power                                         :     5010 mW
LPD temperature measurement 		    		:     28 C
FPD temperature measurement (REMOTE)  		    	:     29 C
PL temperature    					:     29 C
1778779764
SOM total power                                         :     5330 mW
LPD temperature measurement 		    		:     29 C
FPD temperature measurement (REMOTE)  		    	:     28 C
PL temperature    					:     27 C
1778779765
SOM total power                                         :     4840 mW
LPD temperature measurement 		    		:     29 C
FPD temperature measurement (REMOTE)  		    	:     28 C
PL temperature    					:     27 C
1778779766
SOM total power                                         :     4920 mW
LPD temperature measurement 		    		:     28 C
FPD temperature measurement (REMOTE)  		    	:     29 C
PL temperature    					:     27 C
1778779768
SOM total power                                         :     5110 mW
LPD temperature measurement 		    		:     28 C
FPD temperature measurement (REMOTE)  		    	:     28 C
PL temperature    					:     27 C
1778779769
SOM total power                                         :     4870 mW
LPD temperature measurement 		    		:     28 C
FPD temperature measurement (REMOTE)  		    	:     27 C
PL temperature    					:     27 C
1778779771
SOM total power                                         :     4980 mW
LPD temperature measurement 		    		:     28 C
FPD temperature measurement (REMOTE)  		    	:     27 C
PL temperature    					:     28 C
1778779772
SOM total power                                         :     5060 mW
LPD temperature measurement 		    		:     28 C
FPD temperature measurement (REMOTE)  		    	:     28 C
PL temperature    					:     27 C
1778779773
SOM total power                                         :     5000 mW
LPD temperature measurement 		    		:     29 C
FPD temperature measurement (REMOTE)  		    	:     27 C
PL temperature    					:     27 C
1778779775
SOM total power                                         :     5330 mW
LPD temperature measurement 		    		:     28 C
FPD temperature measurement (REMOTE)  		    	:     26 C
PL temperature    					:     27 C
1778779776
SOM total power                                         :     4980 mW
LPD temperature measurement 		    		:     29 C
FPD temperature measurement (REMOTE)  		    	:     28 C
PL temperature    					:     27 C
1778779778
SOM total power                                         :     5030 mW
LPD temperature measurement 		    		:     29 C
FPD temperature measurement (REMOTE)  		    	:     27 C
PL temperature    					:     28 C
1778779779
SOM total power                                         :     4840 mW
LPD temperature measurement 		    		:     28 C
FPD temperature measurement (REMOTE)  		    	:     28 C
PL temperature    					:     28 C
1778779781
SOM total power                                         :     4800 mW
LPD temperature measurement 		    		:     29 C
FPD temperature measurement (REMOTE)  		    	:     28 C
PL temperature    					:     27 C
1778779782
SOM total power                                         :     4900 mW
LPD temperature measurement 		    		:     29 C
FPD temperature measurement (REMOTE)  		    	:     29 C
PL temperature    					:     28 C
1778779783
SOM total power                                         :     5100 mW
LPD temperature measurement 		    		:     28 C
FPD temperature measurement (REMOTE)  		    	:     27 C
PL temperature    					:     27 C
1778779785
SOM total power                                         :     4930 mW
LPD temperature measurement 		    		:     28 C
FPD temperature measurement (REMOTE)  		    	:     27 C
PL temperature    					:     27 C
1778779786
SOM total power                                         :     5110 mW
LPD temperature measurement 		    		:     28 C
FPD temperature measurement (REMOTE)  		    	:     29 C
PL temperature    					:     29 C
1778779788
SOM total power                                         :     4830 mW
LPD temperature measurement 		    		:     27 C
FPD temperature measurement (REMOTE)  		    	:     27 C
PL temperature    					:     27 C
1778779789
SOM total power                                         :     5210 mW
LPD temperature measurement 		    		:     28 C
FPD temperature measurement (REMOTE)  		    	:     28 C
PL temperature    					:     28 C
1778779790
SOM total power                                         :     5010 mW
LPD temperature measurement 		    		:     28 C
FPD temperature measurement (REMOTE)  		    	:     27 C
PL temperature    					:     27 C
1778779792
SOM total power                                         :     5150 mW
LPD temperature measurement 		    		:     28 C
FPD temperature measurement (REMOTE)  		    	:     28 C
PL temperature    					:     28 C
1778779793
SOM total power                                         :     5030 mW
LPD temperature measurement 		    		:     29 C
FPD temperature measurement (REMOTE)  		    	:     27 C
PL temperature    					:     27 C
1778779794
SOM total power                                         :     5090 mW
LPD temperature measurement 		    		:     28 C
FPD temperature measurement (REMOTE)  		    	:     28 C
PL temperature    					:     27 C
1778779796
SOM total power                                         :     4950 mW
LPD temperature measurement 		    		:     29 C
FPD temperature measurement (REMOTE)  		    	:     27 C
PL temperature    					:     28 C
1778779797
SOM total power                                         :     4940 mW
LPD temperature measurement 		    		:     29 C
FPD temperature measurement (REMOTE)  		    	:     28 C
PL temperature    					:     27 C
1778779799
SOM total power                                         :     4990 mW
LPD temperature measurement 		    		:     29 C
FPD temperature measurement (REMOTE)  		    	:     28 C
PL temperature    					:     27 C
1778779800
SOM total power                                         :     5050 mW
LPD temperature measurement 		    		:     28 C
FPD temperature measurement (REMOTE)  		    	:     26 C
PL temperature    					:     27 C
1778779802
SOM total power                                         :     5080 mW
LPD temperature measurement 		    		:     29 C
FPD temperature measurement (REMOTE)  		    	:     29 C
PL temperature    					:     27 C
1778779803
SOM total power                                         :     5100 mW
LPD temperature measurement 		    		:     28 C
FPD temperature measurement (REMOTE)  		    	:     28 C
PL temperature    					:     27 C
1778779804
SOM total power                                         :     5040 mW
LPD temperature measurement 		    		:     29 C
FPD temperature measurement (REMOTE)  		    	:     27 C
PL temperature    					:     28 C
1778779806
SOM total power                                         :     5110 mW
LPD temperature measurement 		    		:     28 C
FPD temperature measurement (REMOTE)  		    	:     26 C
PL temperature    					:     28 C
1778779807
SOM total power                                         :     5210 mW
LPD temperature measurement 		    		:     29 C
FPD temperature measurement (REMOTE)  		    	:     28 C
PL temperature    					:     28 C
1778779809
SOM total power                                         :     4970 mW
LPD temperature measurement 		    		:     28 C
FPD temperature measurement (REMOTE)  		    	:     28 C
PL temperature    					:     27 C
1778779810
SOM total power                                         :     4940 mW
LPD temperature measurement 		    		:     28 C
FPD temperature measurement (REMOTE)  		    	:     28 C
PL temperature    					:     28 C
1778779811
SOM total power                                         :     4930 mW
LPD temperature measurement 		    		:     29 C
FPD temperature measurement (REMOTE)  		    	:     26 C
PL temperature    					:     28 C
1778779813
SOM total power                                         :     5130 mW
LPD temperature measurement 		    		:     30 C
FPD temperature measurement (REMOTE)  		    	:     29 C
PL temperature    					:     27 C
1778779814
SOM total power                                         :     5170 mW
LPD temperature measurement 		    		:     28 C
FPD temperature measurement (REMOTE)  		    	:     28 C
PL temperature    					:     27 C
1778779816
SOM total power                                         :     5080 mW
LPD temperature measurement 		    		:     29 C
FPD temperature measurement (REMOTE)  		    	:     28 C
PL temperature    					:     29 C
1778779817
SOM total power                                         :     5190 mW
LPD temperature measurement 		    		:     28 C
FPD temperature measurement (REMOTE)  		    	:     28 C
PL temperature    					:     27 C
1778779818
SOM total power                                         :     5070 mW
LPD temperature measurement 		    		:     28 C
FPD temperature measurement (REMOTE)  		    	:     27 C
PL temperature    					:     27 C
1778779820
SOM total power                                         :     4830 mW
LPD temperature measurement 		    		:     28 C
FPD temperature measurement (REMOTE)  		    	:     28 C
PL temperature    					:     27 C
1778779821
SOM total power                                         :     4970 mW
LPD temperature measurement 		    		:     28 C
FPD temperature measurement (REMOTE)  		    	:     27 C
PL temperature    					:     27 C
1778779823
SOM total power                                         :     5000 mW
LPD temperature measurement 		    		:     29 C
FPD temperature measurement (REMOTE)  		    	:     26 C
PL temperature    					:     28 C
1778779824
SOM total power                                         :     4820 mW
LPD temperature measurement 		    		:     29 C
FPD temperature measurement (REMOTE)  		    	:     29 C
PL temperature    					:     26 C
1778779825
SOM total power                                         :     4980 mW
LPD temperature measurement 		    		:     29 C
FPD temperature measurement (REMOTE)  		    	:     28 C
PL temperature    					:     27 C
1778779827
SOM total power                                         :     4930 mW
LPD temperature measurement 		    		:     28 C
FPD temperature measurement (REMOTE)  		    	:     29 C
PL temperature    					:     27 C
1778779828
SOM total power                                         :     5120 mW
LPD temperature measurement 		    		:     28 C
FPD temperature measurement (REMOTE)  		    	:     28 C
PL temperature    					:     28 C
1778779830
SOM total power                                         :     5690 mW
LPD temperature measurement 		    		:     28 C
FPD temperature measurement (REMOTE)  		    	:     27 C
PL temperature    					:     28 C
1778779831
SOM total power                                         :     5040 mW
LPD temperature measurement 		    		:     27 C
FPD temperature measurement (REMOTE)  		    	:     27 C
PL temperature    					:     27 C
1778779832
SOM total power                                         :     5030 mW
LPD temperature measurement 		    		:     29 C
FPD temperature measurement (REMOTE)  		    	:     27 C
PL temperature    					:     28 C
1778779834
SOM total power                                         :     5360 mW
LPD temperature measurement 		    		:     29 C
FPD temperature measurement (REMOTE)  		    	:     28 C
PL temperature    					:     28 C
1778779835
SOM total power                                         :     5100 mW
LPD temperature measurement 		    		:     28 C
FPD temperature measurement (REMOTE)  		    	:     28 C
PL temperature    					:     27 C
1778779836
SOM total power                                         :     5040 mW
LPD temperature measurement 		    		:     28 C
FPD temperature measurement (REMOTE)  		    	:     28 C
PL temperature    					:     28 C
1778779838
SOM total power                                         :     5100 mW
LPD temperature measurement 		    		:     27 C
FPD temperature measurement (REMOTE)  		    	:     28 C
PL temperature    					:     26 C
1778779839
SOM total power                                         :     4400 mW
LPD temperature measurement 		    		:     28 C
FPD temperature measurement (REMOTE)  		    	:     28 C
PL temperature    					:     26 C
1778779841
SOM total power                                         :     4410 mW
LPD temperature measurement 		    		:     27 C
FPD temperature measurement (REMOTE)  		    	:     27 C
PL temperature    					:     28 C
