1779178145
SOM total power                                         :     4600 mW
LPD temperature measurement 		    		:     27 C
FPD temperature measurement (REMOTE)  		    	:     26 C
PL temperature    					:     25 C
1779178146
SOM total power                                         :     4480 mW
LPD temperature measurement 		    		:     28 C
FPD temperature measurement (REMOTE)  		    	:     25 C
PL temperature    					:     25 C
1779178147
SOM total power                                         :     4320 mW
LPD temperature measurement 		    		:     25 C
FPD temperature measurement (REMOTE)  		    	:     25 C
PL temperature    					:     24 C
1779178149
SOM total power                                         :     4230 mW
LPD temperature measurement 		    		:     26 C
FPD temperature measurement (REMOTE)  		    	:     25 C
PL temperature    					:     24 C
1779178150
SOM total power                                         :     4210 mW
LPD temperature measurement 		    		:     26 C
FPD temperature measurement (REMOTE)  		    	:     26 C
PL temperature    					:     25 C
1779178151
SOM total power                                         :     4320 mW
LPD temperature measurement 		    		:     26 C
FPD temperature measurement (REMOTE)  		    	:     25 C
PL temperature    					:     25 C
1779178153
SOM total power                                         :     4240 mW
LPD temperature measurement 		    		:     25 C
FPD temperature measurement (REMOTE)  		    	:     24 C
PL temperature    					:     24 C
1779178154
SOM total power                                         :     4240 mW
LPD temperature measurement 		    		:     25 C
FPD temperature measurement (REMOTE)  		    	:     25 C
PL temperature    					:     25 C
1779178155
SOM total power                                         :     4240 mW
LPD temperature measurement 		    		:     26 C
FPD temperature measurement (REMOTE)  		    	:     25 C
PL temperature    					:     25 C
1779178157
SOM total power                                         :     4230 mW
LPD temperature measurement 		    		:     26 C
FPD temperature measurement (REMOTE)  		    	:     26 C
PL temperature    					:     26 C
1779178158
SOM total power                                         :     4290 mW
LPD temperature measurement 		    		:     27 C
FPD temperature measurement (REMOTE)  		    	:     26 C
PL temperature    					:     24 C
1779178160
SOM total power                                         :     4230 mW
LPD temperature measurement 		    		:     26 C
FPD temperature measurement (REMOTE)  		    	:     27 C
PL temperature    					:     26 C
1779178161
SOM total power                                         :     4240 mW
LPD temperature measurement 		    		:     26 C
FPD temperature measurement (REMOTE)  		    	:     25 C
PL temperature    					:     25 C
1779178162
SOM total power                                         :     4460 mW
LPD temperature measurement 		    		:     26 C
FPD temperature measurement (REMOTE)  		    	:     24 C
PL temperature    					:     26 C
1779178164
SOM total power                                         :     4250 mW
LPD temperature measurement 		    		:     25 C
FPD temperature measurement (REMOTE)  		    	:     26 C
PL temperature    					:     25 C
1779178165
SOM total power                                         :     3920 mW
LPD temperature measurement 		    		:     25 C
FPD temperature measurement (REMOTE)  		    	:     24 C
PL temperature    					:     24 C
1779178167
SOM total power                                         :     4350 mW
LPD temperature measurement 		    		:     25 C
FPD temperature measurement (REMOTE)  		    	:     24 C
PL temperature    					:     26 C
1779178168
SOM total power                                         :     4870 mW
LPD temperature measurement 		    		:     27 C
FPD temperature measurement (REMOTE)  		    	:     25 C
PL temperature    					:     24 C
1779178169
SOM total power                                         :     4420 mW
LPD temperature measurement 		    		:     25 C
FPD temperature measurement (REMOTE)  		    	:     25 C
PL temperature    					:     26 C
1779178171
SOM total power                                         :     4430 mW
LPD temperature measurement 		    		:     27 C
FPD temperature measurement (REMOTE)  		    	:     26 C
PL temperature    					:     24 C
1779178172
SOM total power                                         :     4930 mW
LPD temperature measurement 		    		:     25 C
FPD temperature measurement (REMOTE)  		    	:     25 C
PL temperature    					:     26 C
1779178173
SOM total power                                         :     4440 mW
LPD temperature measurement 		    		:     27 C
FPD temperature measurement (REMOTE)  		    	:     26 C
PL temperature    					:     25 C
1779178175
SOM total power                                         :     4440 mW
LPD temperature measurement 		    		:     26 C
FPD temperature measurement (REMOTE)  		    	:     25 C
PL temperature    					:     27 C
1779178176
SOM total power                                         :     4700 mW
LPD temperature measurement 		    		:     25 C
FPD temperature measurement (REMOTE)  		    	:     25 C
PL temperature    					:     24 C
1779178178
SOM total power                                         :     4810 mW
LPD temperature measurement 		    		:     26 C
FPD temperature measurement (REMOTE)  		    	:     27 C
PL temperature    					:     26 C
1779178179
SOM total power                                         :     4690 mW
LPD temperature measurement 		    		:     27 C
FPD temperature measurement (REMOTE)  		    	:     24 C
PL temperature    					:     24 C
1779178181
SOM total power                                         :     4680 mW
LPD temperature measurement 		    		:     26 C
FPD temperature measurement (REMOTE)  		    	:     26 C
PL temperature    					:     26 C
1779178182
SOM total power                                         :     4980 mW
LPD temperature measurement 		    		:     26 C
FPD temperature measurement (REMOTE)  		    	:     26 C
PL temperature    					:     25 C
1779178183
SOM total power                                         :     4770 mW
LPD temperature measurement 		    		:     26 C
FPD temperature measurement (REMOTE)  		    	:     25 C
PL temperature    					:     26 C
1779178185
SOM total power                                         :     5180 mW
LPD temperature measurement 		    		:     27 C
FPD temperature measurement (REMOTE)  		    	:     26 C
PL temperature    					:     25 C
1779178186
SOM total power                                         :     4790 mW
LPD temperature measurement 		    		:     27 C
FPD temperature measurement (REMOTE)  		    	:     25 C
PL temperature    					:     25 C
1779178188
SOM total power                                         :     4660 mW
LPD temperature measurement 		    		:     26 C
FPD temperature measurement (REMOTE)  		    	:     25 C
PL temperature    					:     25 C
1779178189
SOM total power                                         :     4620 mW
LPD temperature measurement 		    		:     26 C
FPD temperature measurement (REMOTE)  		    	:     25 C
PL temperature    					:     25 C
1779178191
SOM total power                                         :     5670 mW
LPD temperature measurement 		    		:     27 C
FPD temperature measurement (REMOTE)  		    	:     25 C
PL temperature    					:     25 C
1779178192
SOM total power                                         :     4960 mW
LPD temperature measurement 		    		:     26 C
FPD temperature measurement (REMOTE)  		    	:     26 C
PL temperature    					:     26 C
1779178193
SOM total power                                         :     4650 mW
LPD temperature measurement 		    		:     26 C
FPD temperature measurement (REMOTE)  		    	:     25 C
PL temperature    					:     25 C
1779178195
SOM total power                                         :     5060 mW
LPD temperature measurement 		    		:     26 C
FPD temperature measurement (REMOTE)  		    	:     27 C
PL temperature    					:     26 C
1779178196
SOM total power                                         :     4710 mW
LPD temperature measurement 		    		:     26 C
FPD temperature measurement (REMOTE)  		    	:     26 C
PL temperature    					:     25 C
1779178198
SOM total power                                         :     4870 mW
LPD temperature measurement 		    		:     25 C
FPD temperature measurement (REMOTE)  		    	:     24 C
PL temperature    					:     24 C
1779178199
SOM total power                                         :     4850 mW
LPD temperature measurement 		    		:     27 C
FPD temperature measurement (REMOTE)  		    	:     27 C
PL temperature    					:     26 C
1779178200
SOM total power                                         :     4900 mW
LPD temperature measurement 		    		:     26 C
FPD temperature measurement (REMOTE)  		    	:     25 C
PL temperature    					:     24 C
1779178202
SOM total power                                         :     4930 mW
LPD temperature measurement 		    		:     26 C
FPD temperature measurement (REMOTE)  		    	:     27 C
PL temperature    					:     26 C
1779178203
SOM total power                                         :     4910 mW
LPD temperature measurement 		    		:     28 C
FPD temperature measurement (REMOTE)  		    	:     26 C
PL temperature    					:     26 C
1779178205
SOM total power                                         :     4710 mW
LPD temperature measurement 		    		:     26 C
FPD temperature measurement (REMOTE)  		    	:     26 C
PL temperature    					:     26 C
1779178206
SOM total power                                         :     4990 mW
LPD temperature measurement 		    		:     26 C
FPD temperature measurement (REMOTE)  		    	:     26 C
PL temperature    					:     25 C
1779178207
SOM total power                                         :     4900 mW
LPD temperature measurement 		    		:     26 C
FPD temperature measurement (REMOTE)  		    	:     25 C
PL temperature    					:     26 C
1779178209
SOM total power                                         :     4850 mW
LPD temperature measurement 		    		:     26 C
FPD temperature measurement (REMOTE)  		    	:     26 C
PL temperature    					:     25 C
1779178210
SOM total power                                         :     4830 mW
LPD temperature measurement 		    		:     27 C
FPD temperature measurement (REMOTE)  		    	:     26 C
PL temperature    					:     26 C
1779178212
SOM total power                                         :     4890 mW
LPD temperature measurement 		    		:     28 C
FPD temperature measurement (REMOTE)  		    	:     27 C
PL temperature    					:     27 C
1779178213
SOM total power                                         :     4700 mW
LPD temperature measurement 		    		:     28 C
FPD temperature measurement (REMOTE)  		    	:     24 C
PL temperature    					:     25 C
1779178214
SOM total power                                         :     4820 mW
LPD temperature measurement 		    		:     25 C
FPD temperature measurement (REMOTE)  		    	:     26 C
PL temperature    					:     26 C
1779178216
SOM total power                                         :     4830 mW
LPD temperature measurement 		    		:     27 C
FPD temperature measurement (REMOTE)  		    	:     25 C
PL temperature    					:     26 C
1779178217
SOM total power                                         :     4800 mW
LPD temperature measurement 		    		:     27 C
FPD temperature measurement (REMOTE)  		    	:     26 C
PL temperature    					:     25 C
1779178219
SOM total power                                         :     4650 mW
LPD temperature measurement 		    		:     26 C
FPD temperature measurement (REMOTE)  		    	:     26 C
PL temperature    					:     26 C
1779178220
SOM total power                                         :     4660 mW
LPD temperature measurement 		    		:     27 C
FPD temperature measurement (REMOTE)  		    	:     26 C
PL temperature    					:     25 C
1779178222
SOM total power                                         :     4840 mW
LPD temperature measurement 		    		:     25 C
FPD temperature measurement (REMOTE)  		    	:     25 C
PL temperature    					:     26 C
1779178223
SOM total power                                         :     5150 mW
LPD temperature measurement 		    		:     27 C
FPD temperature measurement (REMOTE)  		    	:     26 C
PL temperature    					:     25 C
1779178224
SOM total power                                         :     4990 mW
LPD temperature measurement 		    		:     25 C
FPD temperature measurement (REMOTE)  		    	:     26 C
PL temperature    					:     25 C
1779178226
SOM total power                                         :     4970 mW
LPD temperature measurement 		    		:     27 C
FPD temperature measurement (REMOTE)  		    	:     26 C
PL temperature    					:     24 C
1779178227
SOM total power                                         :     5200 mW
LPD temperature measurement 		    		:     27 C
FPD temperature measurement (REMOTE)  		    	:     24 C
PL temperature    					:     26 C
1779178229
SOM total power                                         :     4750 mW
LPD temperature measurement 		    		:     27 C
FPD temperature measurement (REMOTE)  		    	:     26 C
PL temperature    					:     26 C
1779178230
SOM total power                                         :     4960 mW
LPD temperature measurement 		    		:     26 C
FPD temperature measurement (REMOTE)  		    	:     27 C
PL temperature    					:     25 C
1779178231
SOM total power                                         :     5850 mW
LPD temperature measurement 		    		:     28 C
FPD temperature measurement (REMOTE)  		    	:     25 C
PL temperature    					:     25 C
1779178233
SOM total power                                         :     4830 mW
LPD temperature measurement 		    		:     27 C
FPD temperature measurement (REMOTE)  		    	:     26 C
PL temperature    					:     25 C
1779178234
SOM total power                                         :     4760 mW
LPD temperature measurement 		    		:     27 C
FPD temperature measurement (REMOTE)  		    	:     26 C
PL temperature    					:     25 C
1779178235
SOM total power                                         :     4840 mW
LPD temperature measurement 		    		:     27 C
FPD temperature measurement (REMOTE)  		    	:     26 C
PL temperature    					:     24 C
1779178237
SOM total power                                         :     4870 mW
LPD temperature measurement 		    		:     28 C
FPD temperature measurement (REMOTE)  		    	:     26 C
PL temperature    					:     25 C
1779178238
SOM total power                                         :     4870 mW
LPD temperature measurement 		    		:     26 C
FPD temperature measurement (REMOTE)  		    	:     26 C
PL temperature    					:     25 C
1779178240
SOM total power                                         :     4910 mW
LPD temperature measurement 		    		:     26 C
FPD temperature measurement (REMOTE)  		    	:     25 C
PL temperature    					:     26 C
1779178241
SOM total power                                         :     4820 mW
LPD temperature measurement 		    		:     26 C
FPD temperature measurement (REMOTE)  		    	:     26 C
PL temperature    					:     25 C
1779178242
SOM total power                                         :     5060 mW
LPD temperature measurement 		    		:     27 C
FPD temperature measurement (REMOTE)  		    	:     25 C
PL temperature    					:     26 C
1779178244
SOM total power                                         :     5010 mW
LPD temperature measurement 		    		:     28 C
FPD temperature measurement (REMOTE)  		    	:     27 C
PL temperature    					:     25 C
1779178245
SOM total power                                         :     4760 mW
LPD temperature measurement 		    		:     27 C
FPD temperature measurement (REMOTE)  		    	:     26 C
PL temperature    					:     27 C
1779178247
SOM total power                                         :     4780 mW
LPD temperature measurement 		    		:     27 C
FPD temperature measurement (REMOTE)  		    	:     26 C
PL temperature    					:     27 C
1779178248
SOM total power                                         :     4690 mW
LPD temperature measurement 		    		:     26 C
FPD temperature measurement (REMOTE)  		    	:     26 C
PL temperature    					:     25 C
1779178249
SOM total power                                         :     4970 mW
LPD temperature measurement 		    		:     26 C
FPD temperature measurement (REMOTE)  		    	:     25 C
PL temperature    					:     25 C
1779178251
SOM total power                                         :     4830 mW
LPD temperature measurement 		    		:     26 C
FPD temperature measurement (REMOTE)  		    	:     27 C
PL temperature    					:     26 C
1779178252
SOM total power                                         :     4850 mW
LPD temperature measurement 		    		:     26 C
FPD temperature measurement (REMOTE)  		    	:     27 C
PL temperature    					:     26 C
1779178254
SOM total power                                         :     4910 mW
LPD temperature measurement 		    		:     27 C
FPD temperature measurement (REMOTE)  		    	:     29 C
PL temperature    					:     24 C
1779178255
SOM total power                                         :     4740 mW
LPD temperature measurement 		    		:     27 C
FPD temperature measurement (REMOTE)  		    	:     27 C
PL temperature    					:     25 C
1779178256
SOM total power                                         :     4910 mW
LPD temperature measurement 		    		:     26 C
FPD temperature measurement (REMOTE)  		    	:     27 C
PL temperature    					:     25 C
1779178258
SOM total power                                         :     4810 mW
LPD temperature measurement 		    		:     26 C
FPD temperature measurement (REMOTE)  		    	:     25 C
PL temperature    					:     25 C
1779178259
SOM total power                                         :     4800 mW
LPD temperature measurement 		    		:     26 C
FPD temperature measurement (REMOTE)  		    	:     25 C
PL temperature    					:     24 C
1779178261
SOM total power                                         :     4880 mW
LPD temperature measurement 		    		:     27 C
FPD temperature measurement (REMOTE)  		    	:     27 C
PL temperature    					:     27 C
1779178262
SOM total power                                         :     4960 mW
LPD temperature measurement 		    		:     27 C
FPD temperature measurement (REMOTE)  		    	:     25 C
PL temperature    					:     25 C
1779178263
SOM total power                                         :     4760 mW
LPD temperature measurement 		    		:     28 C
FPD temperature measurement (REMOTE)  		    	:     25 C
PL temperature    					:     25 C
1779178265
SOM total power                                         :     4790 mW
LPD temperature measurement 		    		:     28 C
FPD temperature measurement (REMOTE)  		    	:     26 C
PL temperature    					:     26 C
1779178266
SOM total power                                         :     4920 mW
LPD temperature measurement 		    		:     27 C
FPD temperature measurement (REMOTE)  		    	:     26 C
PL temperature    					:     26 C
1779178268
SOM total power                                         :     4910 mW
LPD temperature measurement 		    		:     27 C
FPD temperature measurement (REMOTE)  		    	:     26 C
PL temperature    					:     26 C
1779178269
SOM total power                                         :     4740 mW
LPD temperature measurement 		    		:     27 C
FPD temperature measurement (REMOTE)  		    	:     25 C
PL temperature    					:     25 C
1779178270
SOM total power                                         :     4800 mW
LPD temperature measurement 		    		:     27 C
FPD temperature measurement (REMOTE)  		    	:     26 C
PL temperature    					:     25 C
1779178272
SOM total power                                         :     4710 mW
LPD temperature measurement 		    		:     28 C
FPD temperature measurement (REMOTE)  		    	:     27 C
PL temperature    					:     25 C
1779178273
SOM total power                                         :     4920 mW
LPD temperature measurement 		    		:     27 C
FPD temperature measurement (REMOTE)  		    	:     27 C
PL temperature    					:     24 C
1779178275
SOM total power                                         :     5100 mW
LPD temperature measurement 		    		:     26 C
FPD temperature measurement (REMOTE)  		    	:     26 C
PL temperature    					:     24 C
1779178276
SOM total power                                         :     4870 mW
LPD temperature measurement 		    		:     28 C
FPD temperature measurement (REMOTE)  		    	:     26 C
PL temperature    					:     26 C
1779178277
SOM total power                                         :     4830 mW
LPD temperature measurement 		    		:     27 C
FPD temperature measurement (REMOTE)  		    	:     25 C
PL temperature    					:     26 C
1779178279
SOM total power                                         :     4690 mW
LPD temperature measurement 		    		:     27 C
FPD temperature measurement (REMOTE)  		    	:     25 C
PL temperature    					:     26 C
1779178280
SOM total power                                         :     4730 mW
LPD temperature measurement 		    		:     27 C
FPD temperature measurement (REMOTE)  		    	:     26 C
PL temperature    					:     26 C
1779178282
SOM total power                                         :     4800 mW
LPD temperature measurement 		    		:     26 C
FPD temperature measurement (REMOTE)  		    	:     25 C
PL temperature    					:     26 C
1779178283
SOM total power                                         :     4700 mW
LPD temperature measurement 		    		:     26 C
FPD temperature measurement (REMOTE)  		    	:     25 C
PL temperature    					:     24 C
1779178284
SOM total power                                         :     4980 mW
LPD temperature measurement 		    		:     27 C
FPD temperature measurement (REMOTE)  		    	:     26 C
PL temperature    					:     26 C
1779178286
SOM total power                                         :     4890 mW
LPD temperature measurement 		    		:     26 C
FPD temperature measurement (REMOTE)  		    	:     25 C
PL temperature    					:     25 C
1779178287
SOM total power                                         :     4950 mW
LPD temperature measurement 		    		:     27 C
FPD temperature measurement (REMOTE)  		    	:     26 C
PL temperature    					:     25 C
1779178289
SOM total power                                         :     4920 mW
LPD temperature measurement 		    		:     26 C
FPD temperature measurement (REMOTE)  		    	:     27 C
PL temperature    					:     26 C
1779178290
SOM total power                                         :     4830 mW
LPD temperature measurement 		    		:     27 C
FPD temperature measurement (REMOTE)  		    	:     25 C
PL temperature    					:     26 C
1779178291
SOM total power                                         :     4830 mW
LPD temperature measurement 		    		:     26 C
FPD temperature measurement (REMOTE)  		    	:     25 C
PL temperature    					:     25 C
1779178293
SOM total power                                         :     4650 mW
LPD temperature measurement 		    		:     27 C
FPD temperature measurement (REMOTE)  		    	:     25 C
PL temperature    					:     25 C
1779178294
SOM total power                                         :     4880 mW
LPD temperature measurement 		    		:     27 C
FPD temperature measurement (REMOTE)  		    	:     27 C
PL temperature    					:     26 C
1779178295
SOM total power                                         :     4800 mW
LPD temperature measurement 		    		:     27 C
FPD temperature measurement (REMOTE)  		    	:     27 C
PL temperature    					:     24 C
1779178297
SOM total power                                         :     4640 mW
LPD temperature measurement 		    		:     26 C
FPD temperature measurement (REMOTE)  		    	:     25 C
PL temperature    					:     26 C
1779178298
SOM total power                                         :     5040 mW
LPD temperature measurement 		    		:     27 C
FPD temperature measurement (REMOTE)  		    	:     26 C
PL temperature    					:     27 C
1779178300
SOM total power                                         :     4790 mW
LPD temperature measurement 		    		:     28 C
FPD temperature measurement (REMOTE)  		    	:     26 C
PL temperature    					:     25 C
1779178301
SOM total power                                         :     4750 mW
LPD temperature measurement 		    		:     28 C
FPD temperature measurement (REMOTE)  		    	:     24 C
PL temperature    					:     25 C
1779178302
SOM total power                                         :     4680 mW
LPD temperature measurement 		    		:     27 C
FPD temperature measurement (REMOTE)  		    	:     26 C
PL temperature    					:     26 C
1779178304
SOM total power                                         :     5170 mW
LPD temperature measurement 		    		:     27 C
FPD temperature measurement (REMOTE)  		    	:     26 C
PL temperature    					:     25 C
1779178305
SOM total power                                         :     4850 mW
LPD temperature measurement 		    		:     27 C
FPD temperature measurement (REMOTE)  		    	:     27 C
PL temperature    					:     26 C
1779178307
SOM total power                                         :     4740 mW
LPD temperature measurement 		    		:     26 C
FPD temperature measurement (REMOTE)  		    	:     25 C
PL temperature    					:     26 C
1779178308
SOM total power                                         :     4870 mW
LPD temperature measurement 		    		:     27 C
FPD temperature measurement (REMOTE)  		    	:     26 C
PL temperature    					:     24 C
1779178309
SOM total power                                         :     4810 mW
LPD temperature measurement 		    		:     27 C
FPD temperature measurement (REMOTE)  		    	:     26 C
PL temperature    					:     26 C
1779178311
SOM total power                                         :     4890 mW
LPD temperature measurement 		    		:     27 C
FPD temperature measurement (REMOTE)  		    	:     24 C
PL temperature    					:     25 C
1779178312
SOM total power                                         :     4900 mW
LPD temperature measurement 		    		:     27 C
FPD temperature measurement (REMOTE)  		    	:     26 C
PL temperature    					:     24 C
1779178314
SOM total power                                         :     4720 mW
LPD temperature measurement 		    		:     26 C
FPD temperature measurement (REMOTE)  		    	:     26 C
PL temperature    					:     26 C
1779178315
SOM total power                                         :     4840 mW
LPD temperature measurement 		    		:     27 C
FPD temperature measurement (REMOTE)  		    	:     26 C
PL temperature    					:     24 C
1779178316
SOM total power                                         :     4930 mW
LPD temperature measurement 		    		:     27 C
FPD temperature measurement (REMOTE)  		    	:     27 C
PL temperature    					:     25 C
1779178318
SOM total power                                         :     4700 mW
LPD temperature measurement 		    		:     27 C
FPD temperature measurement (REMOTE)  		    	:     26 C
PL temperature    					:     27 C
1779178319
SOM total power                                         :     4980 mW
LPD temperature measurement 		    		:     26 C
FPD temperature measurement (REMOTE)  		    	:     27 C
PL temperature    					:     26 C
1779178321
SOM total power                                         :     5070 mW
LPD temperature measurement 		    		:     26 C
FPD temperature measurement (REMOTE)  		    	:     25 C
PL temperature    					:     26 C
1779178322
SOM total power                                         :     4670 mW
LPD temperature measurement 		    		:     26 C
FPD temperature measurement (REMOTE)  		    	:     24 C
PL temperature    					:     26 C
1779178323
SOM total power                                         :     4880 mW
LPD temperature measurement 		    		:     28 C
FPD temperature measurement (REMOTE)  		    	:     25 C
PL temperature    					:     26 C
1779178325
SOM total power                                         :     5410 mW
LPD temperature measurement 		    		:     28 C
FPD temperature measurement (REMOTE)  		    	:     25 C
PL temperature    					:     25 C
1779178326
SOM total power                                         :     4920 mW
LPD temperature measurement 		    		:     27 C
FPD temperature measurement (REMOTE)  		    	:     26 C
PL temperature    					:     25 C
1779178327
SOM total power                                         :     4630 mW
LPD temperature measurement 		    		:     26 C
FPD temperature measurement (REMOTE)  		    	:     26 C
PL temperature    					:     26 C
1779178329
SOM total power                                         :     4920 mW
LPD temperature measurement 		    		:     27 C
FPD temperature measurement (REMOTE)  		    	:     26 C
PL temperature    					:     25 C
1779178330
SOM total power                                         :     4850 mW
LPD temperature measurement 		    		:     26 C
FPD temperature measurement (REMOTE)  		    	:     26 C
PL temperature    					:     25 C
1779178332
SOM total power                                         :     4860 mW
LPD temperature measurement 		    		:     28 C
FPD temperature measurement (REMOTE)  		    	:     26 C
PL temperature    					:     25 C
1779178333
SOM total power                                         :     4650 mW
LPD temperature measurement 		    		:     27 C
FPD temperature measurement (REMOTE)  		    	:     26 C
PL temperature    					:     26 C
1779178335
SOM total power                                         :     4920 mW
LPD temperature measurement 		    		:     26 C
FPD temperature measurement (REMOTE)  		    	:     26 C
PL temperature    					:     25 C
1779178336
SOM total power                                         :     4710 mW
LPD temperature measurement 		    		:     26 C
FPD temperature measurement (REMOTE)  		    	:     26 C
PL temperature    					:     27 C
1779178337
SOM total power                                         :     4780 mW
LPD temperature measurement 		    		:     27 C
FPD temperature measurement (REMOTE)  		    	:     26 C
PL temperature    					:     25 C
1779178339
SOM total power                                         :     4780 mW
LPD temperature measurement 		    		:     27 C
FPD temperature measurement (REMOTE)  		    	:     25 C
PL temperature    					:     26 C
1779178340
SOM total power                                         :     4900 mW
LPD temperature measurement 		    		:     25 C
FPD temperature measurement (REMOTE)  		    	:     25 C
PL temperature    					:     25 C
1779178342
SOM total power                                         :     4990 mW
LPD temperature measurement 		    		:     27 C
FPD temperature measurement (REMOTE)  		    	:     27 C
PL temperature    					:     27 C
1779178343
SOM total power                                         :     4850 mW
LPD temperature measurement 		    		:     27 C
FPD temperature measurement (REMOTE)  		    	:     25 C
PL temperature    					:     25 C
1779178344
SOM total power                                         :     5140 mW
LPD temperature measurement 		    		:     27 C
FPD temperature measurement (REMOTE)  		    	:     25 C
PL temperature    					:     26 C
1779178346
SOM total power                                         :     4740 mW
LPD temperature measurement 		    		:     27 C
FPD temperature measurement (REMOTE)  		    	:     25 C
PL temperature    					:     25 C
1779178347
SOM total power                                         :     4830 mW
LPD temperature measurement 		    		:     26 C
FPD temperature measurement (REMOTE)  		    	:     25 C
PL temperature    					:     26 C
1779178349
SOM total power                                         :     4780 mW
LPD temperature measurement 		    		:     26 C
FPD temperature measurement (REMOTE)  		    	:     25 C
PL temperature    					:     26 C
1779178350
SOM total power                                         :     4880 mW
LPD temperature measurement 		    		:     26 C
FPD temperature measurement (REMOTE)  		    	:     26 C
PL temperature    					:     25 C
1779178352
SOM total power                                         :     4830 mW
LPD temperature measurement 		    		:     26 C
FPD temperature measurement (REMOTE)  		    	:     27 C
PL temperature    					:     25 C
1779178353
SOM total power                                         :     4930 mW
LPD temperature measurement 		    		:     27 C
FPD temperature measurement (REMOTE)  		    	:     26 C
PL temperature    					:     26 C
1779178354
SOM total power                                         :     4830 mW
LPD temperature measurement 		    		:     27 C
FPD temperature measurement (REMOTE)  		    	:     27 C
PL temperature    					:     25 C
1779178356
SOM total power                                         :     4720 mW
LPD temperature measurement 		    		:     27 C
FPD temperature measurement (REMOTE)  		    	:     26 C
PL temperature    					:     25 C
1779178357
SOM total power                                         :     4850 mW
LPD temperature measurement 		    		:     29 C
FPD temperature measurement (REMOTE)  		    	:     26 C
PL temperature    					:     26 C
1779178359
SOM total power                                         :     5010 mW
LPD temperature measurement 		    		:     27 C
FPD temperature measurement (REMOTE)  		    	:     27 C
PL temperature    					:     25 C
1779178360
SOM total power                                         :     4680 mW
LPD temperature measurement 		    		:     27 C
FPD temperature measurement (REMOTE)  		    	:     27 C
PL temperature    					:     25 C
1779178361
SOM total power                                         :     4870 mW
LPD temperature measurement 		    		:     27 C
FPD temperature measurement (REMOTE)  		    	:     27 C
PL temperature    					:     25 C
1779178363
SOM total power                                         :     5170 mW
LPD temperature measurement 		    		:     28 C
FPD temperature measurement (REMOTE)  		    	:     26 C
PL temperature    					:     25 C
1779178364
SOM total power                                         :     4950 mW
LPD temperature measurement 		    		:     29 C
FPD temperature measurement (REMOTE)  		    	:     26 C
PL temperature    					:     26 C
1779178366
SOM total power                                         :     4710 mW
LPD temperature measurement 		    		:     27 C
FPD temperature measurement (REMOTE)  		    	:     26 C
PL temperature    					:     26 C
1779178367
SOM total power                                         :     4700 mW
LPD temperature measurement 		    		:     26 C
FPD temperature measurement (REMOTE)  		    	:     26 C
PL temperature    					:     27 C
1779178368
SOM total power                                         :     4850 mW
LPD temperature measurement 		    		:     26 C
FPD temperature measurement (REMOTE)  		    	:     27 C
PL temperature    					:     26 C
1779178370
SOM total power                                         :     4790 mW
LPD temperature measurement 		    		:     26 C
FPD temperature measurement (REMOTE)  		    	:     26 C
PL temperature    					:     27 C
1779178371
SOM total power                                         :     4660 mW
LPD temperature measurement 		    		:     27 C
FPD temperature measurement (REMOTE)  		    	:     25 C
PL temperature    					:     25 C
1779178372
SOM total power                                         :     5000 mW
LPD temperature measurement 		    		:     26 C
FPD temperature measurement (REMOTE)  		    	:     27 C
PL temperature    					:     25 C
1779178374
SOM total power                                         :     4700 mW
LPD temperature measurement 		    		:     27 C
FPD temperature measurement (REMOTE)  		    	:     25 C
PL temperature    					:     26 C
1779178375
SOM total power                                         :     4680 mW
LPD temperature measurement 		    		:     27 C
FPD temperature measurement (REMOTE)  		    	:     27 C
PL temperature    					:     25 C
1779178377
SOM total power                                         :     4800 mW
LPD temperature measurement 		    		:     27 C
FPD temperature measurement (REMOTE)  		    	:     26 C
PL temperature    					:     27 C
1779178378
SOM total power                                         :     4900 mW
LPD temperature measurement 		    		:     26 C
FPD temperature measurement (REMOTE)  		    	:     25 C
PL temperature    					:     25 C
1779178379
SOM total power                                         :     5070 mW
LPD temperature measurement 		    		:     26 C
FPD temperature measurement (REMOTE)  		    	:     27 C
PL temperature    					:     26 C
1779178381
SOM total power                                         :     4620 mW
LPD temperature measurement 		    		:     28 C
FPD temperature measurement (REMOTE)  		    	:     25 C
PL temperature    					:     25 C
1779178382
SOM total power                                         :     4940 mW
LPD temperature measurement 		    		:     27 C
FPD temperature measurement (REMOTE)  		    	:     26 C
PL temperature    					:     26 C
1779178384
SOM total power                                         :     4600 mW
LPD temperature measurement 		    		:     27 C
FPD temperature measurement (REMOTE)  		    	:     26 C
PL temperature    					:     26 C
1779178385
SOM total power                                         :     4870 mW
LPD temperature measurement 		    		:     27 C
FPD temperature measurement (REMOTE)  		    	:     27 C
PL temperature    					:     26 C
1779178387
SOM total power                                         :     4920 mW
LPD temperature measurement 		    		:     27 C
FPD temperature measurement (REMOTE)  		    	:     28 C
PL temperature    					:     26 C
1779178388
SOM total power                                         :     4960 mW
LPD temperature measurement 		    		:     27 C
FPD temperature measurement (REMOTE)  		    	:     25 C
PL temperature    					:     25 C
1779178389
SOM total power                                         :     4910 mW
LPD temperature measurement 		    		:     27 C
FPD temperature measurement (REMOTE)  		    	:     25 C
PL temperature    					:     25 C
1779178391
SOM total power                                         :     4880 mW
LPD temperature measurement 		    		:     26 C
FPD temperature measurement (REMOTE)  		    	:     26 C
PL temperature    					:     24 C
1779178392
SOM total power                                         :     4670 mW
LPD temperature measurement 		    		:     26 C
FPD temperature measurement (REMOTE)  		    	:     25 C
PL temperature    					:     27 C
1779178394
SOM total power                                         :     4920 mW
LPD temperature measurement 		    		:     26 C
FPD temperature measurement (REMOTE)  		    	:     25 C
PL temperature    					:     25 C
1779178395
SOM total power                                         :     4880 mW
LPD temperature measurement 		    		:     26 C
FPD temperature measurement (REMOTE)  		    	:     25 C
PL temperature    					:     26 C
1779178396
SOM total power                                         :     4930 mW
LPD temperature measurement 		    		:     27 C
FPD temperature measurement (REMOTE)  		    	:     27 C
PL temperature    					:     25 C
1779178398
SOM total power                                         :     5070 mW
LPD temperature measurement 		    		:     28 C
FPD temperature measurement (REMOTE)  		    	:     27 C
PL temperature    					:     26 C
1779178399
SOM total power                                         :     4790 mW
LPD temperature measurement 		    		:     28 C
FPD temperature measurement (REMOTE)  		    	:     27 C
PL temperature    					:     27 C
1779178400
SOM total power                                         :     4700 mW
LPD temperature measurement 		    		:     27 C
FPD temperature measurement (REMOTE)  		    	:     25 C
PL temperature    					:     25 C
1779178402
SOM total power                                         :     4730 mW
LPD temperature measurement 		    		:     28 C
FPD temperature measurement (REMOTE)  		    	:     27 C
PL temperature    					:     26 C
1779178403
SOM total power                                         :     4830 mW
LPD temperature measurement 		    		:     26 C
FPD temperature measurement (REMOTE)  		    	:     25 C
PL temperature    					:     27 C
1779178405
SOM total power                                         :     4930 mW
LPD temperature measurement 		    		:     27 C
FPD temperature measurement (REMOTE)  		    	:     27 C
PL temperature    					:     25 C
1779178406
SOM total power                                         :     4920 mW
LPD temperature measurement 		    		:     26 C
FPD temperature measurement (REMOTE)  		    	:     25 C
PL temperature    					:     25 C
1779178408
SOM total power                                         :     4670 mW
LPD temperature measurement 		    		:     27 C
FPD temperature measurement (REMOTE)  		    	:     26 C
PL temperature    					:     26 C
1779178409
SOM total power                                         :     5170 mW
LPD temperature measurement 		    		:     28 C
FPD temperature measurement (REMOTE)  		    	:     26 C
PL temperature    					:     26 C
1779178410
SOM total power                                         :     4910 mW
LPD temperature measurement 		    		:     28 C
FPD temperature measurement (REMOTE)  		    	:     27 C
PL temperature    					:     25 C
1779178412
SOM total power                                         :     4870 mW
LPD temperature measurement 		    		:     25 C
FPD temperature measurement (REMOTE)  		    	:     25 C
PL temperature    					:     25 C
1779178413
SOM total power                                         :     4820 mW
LPD temperature measurement 		    		:     27 C
FPD temperature measurement (REMOTE)  		    	:     26 C
PL temperature    					:     25 C
1779178415
SOM total power                                         :     4860 mW
LPD temperature measurement 		    		:     27 C
FPD temperature measurement (REMOTE)  		    	:     26 C
PL temperature    					:     25 C
1779178416
SOM total power                                         :     5150 mW
LPD temperature measurement 		    		:     27 C
FPD temperature measurement (REMOTE)  		    	:     25 C
PL temperature    					:     26 C
1779178417
SOM total power                                         :     4670 mW
LPD temperature measurement 		    		:     27 C
FPD temperature measurement (REMOTE)  		    	:     25 C
PL temperature    					:     26 C
1779178419
SOM total power                                         :     4800 mW
LPD temperature measurement 		    		:     27 C
FPD temperature measurement (REMOTE)  		    	:     27 C
PL temperature    					:     25 C
1779178420
SOM total power                                         :     4880 mW
LPD temperature measurement 		    		:     26 C
FPD temperature measurement (REMOTE)  		    	:     27 C
PL temperature    					:     27 C
1779178422
SOM total power                                         :     4910 mW
LPD temperature measurement 		    		:     27 C
FPD temperature measurement (REMOTE)  		    	:     26 C
PL temperature    					:     25 C
1779178423
SOM total power                                         :     4910 mW
LPD temperature measurement 		    		:     27 C
FPD temperature measurement (REMOTE)  		    	:     26 C
PL temperature    					:     26 C
1779178424
SOM total power                                         :     4950 mW
LPD temperature measurement 		    		:     27 C
FPD temperature measurement (REMOTE)  		    	:     25 C
PL temperature    					:     26 C
1779178426
SOM total power                                         :     5050 mW
LPD temperature measurement 		    		:     27 C
FPD temperature measurement (REMOTE)  		    	:     27 C
PL temperature    					:     25 C
1779178427
SOM total power                                         :     4870 mW
LPD temperature measurement 		    		:     27 C
FPD temperature measurement (REMOTE)  		    	:     24 C
PL temperature    					:     26 C
1779178429
SOM total power                                         :     5020 mW
LPD temperature measurement 		    		:     27 C
FPD temperature measurement (REMOTE)  		    	:     27 C
PL temperature    					:     27 C
1779178430
SOM total power                                         :     4680 mW
LPD temperature measurement 		    		:     28 C
FPD temperature measurement (REMOTE)  		    	:     27 C
PL temperature    					:     27 C
1779178431
SOM total power                                         :     4860 mW
LPD temperature measurement 		    		:     27 C
FPD temperature measurement (REMOTE)  		    	:     27 C
PL temperature    					:     26 C
1779178433
SOM total power                                         :     4920 mW
LPD temperature measurement 		    		:     27 C
FPD temperature measurement (REMOTE)  		    	:     27 C
PL temperature    					:     25 C
1779178434
SOM total power                                         :     4850 mW
LPD temperature measurement 		    		:     27 C
FPD temperature measurement (REMOTE)  		    	:     26 C
PL temperature    					:     25 C
1779178436
SOM total power                                         :     4690 mW
LPD temperature measurement 		    		:     28 C
FPD temperature measurement (REMOTE)  		    	:     27 C
PL temperature    					:     26 C
1779178437
SOM total power                                         :     5170 mW
LPD temperature measurement 		    		:     27 C
FPD temperature measurement (REMOTE)  		    	:     26 C
PL temperature    					:     25 C
1779178438
SOM total power                                         :     4940 mW
LPD temperature measurement 		    		:     26 C
FPD temperature measurement (REMOTE)  		    	:     27 C
PL temperature    					:     25 C
1779178440
SOM total power                                         :     4870 mW
LPD temperature measurement 		    		:     27 C
FPD temperature measurement (REMOTE)  		    	:     27 C
PL temperature    					:     27 C
1779178441
SOM total power                                         :     4640 mW
LPD temperature measurement 		    		:     27 C
FPD temperature measurement (REMOTE)  		    	:     27 C
PL temperature    					:     25 C
1779178443
SOM total power                                         :     4830 mW
LPD temperature measurement 		    		:     27 C
FPD temperature measurement (REMOTE)  		    	:     26 C
PL temperature    					:     25 C
1779178444
SOM total power                                         :     4860 mW
LPD temperature measurement 		    		:     26 C
FPD temperature measurement (REMOTE)  		    	:     27 C
PL temperature    					:     25 C
1779178445
SOM total power                                         :     4880 mW
LPD temperature measurement 		    		:     26 C
FPD temperature measurement (REMOTE)  		    	:     26 C
PL temperature    					:     24 C
1779178447
SOM total power                                         :     4970 mW
LPD temperature measurement 		    		:     26 C
FPD temperature measurement (REMOTE)  		    	:     27 C
PL temperature    					:     25 C
1779178448
SOM total power                                         :     4920 mW
LPD temperature measurement 		    		:     26 C
FPD temperature measurement (REMOTE)  		    	:     26 C
PL temperature    					:     26 C
1779178449
SOM total power                                         :     4900 mW
LPD temperature measurement 		    		:     27 C
FPD temperature measurement (REMOTE)  		    	:     27 C
PL temperature    					:     25 C
1779178451
SOM total power                                         :     4910 mW
LPD temperature measurement 		    		:     27 C
FPD temperature measurement (REMOTE)  		    	:     26 C
PL temperature    					:     27 C
1779178452
SOM total power                                         :     5900 mW
LPD temperature measurement 		    		:     28 C
FPD temperature measurement (REMOTE)  		    	:     27 C
PL temperature    					:     27 C
1779178454
SOM total power                                         :     4870 mW
LPD temperature measurement 		    		:     26 C
FPD temperature measurement (REMOTE)  		    	:     26 C
PL temperature    					:     25 C
1779178455
SOM total power                                         :     5000 mW
LPD temperature measurement 		    		:     27 C
FPD temperature measurement (REMOTE)  		    	:     26 C
PL temperature    					:     26 C
1779178456
SOM total power                                         :     4970 mW
LPD temperature measurement 		    		:     27 C
FPD temperature measurement (REMOTE)  		    	:     26 C
PL temperature    					:     27 C
1779178458
SOM total power                                         :     4810 mW
LPD temperature measurement 		    		:     28 C
FPD temperature measurement (REMOTE)  		    	:     27 C
PL temperature    					:     25 C
1779178459
SOM total power                                         :     4700 mW
LPD temperature measurement 		    		:     28 C
FPD temperature measurement (REMOTE)  		    	:     26 C
PL temperature    					:     25 C
1779178461
SOM total power                                         :     5380 mW
LPD temperature measurement 		    		:     28 C
FPD temperature measurement (REMOTE)  		    	:     26 C
PL temperature    					:     25 C
1779178462
SOM total power                                         :     4900 mW
LPD temperature measurement 		    		:     27 C
FPD temperature measurement (REMOTE)  		    	:     25 C
PL temperature    					:     26 C
1779178463
SOM total power                                         :     4920 mW
LPD temperature measurement 		    		:     26 C
FPD temperature measurement (REMOTE)  		    	:     27 C
PL temperature    					:     26 C
1779178465
SOM total power                                         :     5050 mW
LPD temperature measurement 		    		:     28 C
FPD temperature measurement (REMOTE)  		    	:     27 C
PL temperature    					:     25 C
1779178466
SOM total power                                         :     4840 mW
LPD temperature measurement 		    		:     27 C
FPD temperature measurement (REMOTE)  		    	:     28 C
PL temperature    					:     27 C
1779178468
SOM total power                                         :     5010 mW
LPD temperature measurement 		    		:     26 C
FPD temperature measurement (REMOTE)  		    	:     27 C
PL temperature    					:     25 C
1779178469
SOM total power                                         :     6070 mW
LPD temperature measurement 		    		:     26 C
FPD temperature measurement (REMOTE)  		    	:     25 C
PL temperature    					:     25 C
1779178470
SOM total power                                         :     4930 mW
LPD temperature measurement 		    		:     26 C
FPD temperature measurement (REMOTE)  		    	:     26 C
PL temperature    					:     26 C
1779178472
SOM total power                                         :     4930 mW
LPD temperature measurement 		    		:     27 C
FPD temperature measurement (REMOTE)  		    	:     26 C
PL temperature    					:     26 C
1779178473
SOM total power                                         :     5120 mW
LPD temperature measurement 		    		:     25 C
FPD temperature measurement (REMOTE)  		    	:     25 C
PL temperature    					:     26 C
1779178475
SOM total power                                         :     4810 mW
LPD temperature measurement 		    		:     29 C
FPD temperature measurement (REMOTE)  		    	:     27 C
PL temperature    					:     26 C
1779178476
SOM total power                                         :     4770 mW
LPD temperature measurement 		    		:     27 C
FPD temperature measurement (REMOTE)  		    	:     28 C
PL temperature    					:     26 C
1779178478
SOM total power                                         :     5150 mW
LPD temperature measurement 		    		:     28 C
FPD temperature measurement (REMOTE)  		    	:     28 C
PL temperature    					:     26 C
1779178479
SOM total power                                         :     4680 mW
LPD temperature measurement 		    		:     29 C
FPD temperature measurement (REMOTE)  		    	:     27 C
PL temperature    					:     27 C
1779178480
SOM total power                                         :     4680 mW
LPD temperature measurement 		    		:     27 C
FPD temperature measurement (REMOTE)  		    	:     27 C
PL temperature    					:     26 C
1779178482
SOM total power                                         :     4800 mW
LPD temperature measurement 		    		:     29 C
FPD temperature measurement (REMOTE)  		    	:     26 C
PL temperature    					:     26 C
1779178483
SOM total power                                         :     4270 mW
LPD temperature measurement 		    		:     26 C
FPD temperature measurement (REMOTE)  		    	:     26 C
PL temperature    					:     26 C
1779178484
SOM total power                                         :     4220 mW
LPD temperature measurement 		    		:     27 C
FPD temperature measurement (REMOTE)  		    	:     25 C
PL temperature    					:     25 C
