================================================================
== Design Size Report
================================================================

* Total Instructions per Compilation Phase
+---------------+-----------------------------+--------------+----------------------------------------------------------------------------------------+
| Phase         | Step                        | Instructions | Description                                                                            |
+---------------+-----------------------------+--------------+----------------------------------------------------------------------------------------+
| Compile/Link  |                             | 43,066       | After all functions are compiled and linked into a single design                       |
|               |                             |              |                                                                                        |
| Unroll/Inline |                             |              | After user unroll and inline pragmas are applied                                       |
|               | (1) unroll                  | 14,417       | user unroll pragmas are applied                                                        |
|               | (2) simplification          | 10,452       | simplification of applied user unroll pragmas                                          |
|               | (3) inline                  | 10,202       | user inline pragmas are applied                                                        |
|               | (4) simplification          |  9,861       | simplification of applied user inline pragmas                                          |
|               |                             |              |                                                                                        |
| Array/Struct  |                             |              | After user array partition and struct aggregate/disaggregate pragmas are applied       |
|               | (1) array partition         | 27,762       | user array partition pragmas are applied                                               |
|               | (2) simplification          | 19,593       | simplification of applied user array partition & struct aggregate/disaggregate pragmas |
|               | (3) aggregate/disaggregate  | 19,593       | user struct aggregate/disaggregate pragmas are applied                                 |
|               | (4) array reshape           | 19,593       | apply array reshape pragmas                                                            |
|               | (5) access patterns         | 21,404       | array access pattern optmizations                                                      |
|               |                             |              |                                                                                        |
| Performance   |                             |              | After transformations are applied to meet performance pragma targets                   |
|               | (1) loop simplification     | 21,365       | loop and instruction simplification                                                    |
|               | (2) parallelization         | 19,596       | loops are unrolled or pipelined to meet performance targets                            |
|               | (3) array partition         | 28,842       | arrays are partitioned to meet performance targets                                     |
|               | (4) simplification          | 22,738       | simplification of design after performance transformations                             |
|               |                             |              |                                                                                        |
| HW Transforms |                             |              | After hardware transfomations                                                          |
|               | (1) lowering                | 22,766       | initial conversion to HW specific instructions                                         |
|               | (2) optimizations           | 20,680       | high level synthesis optimizations                                                     |
+---------------+-----------------------------+--------------+----------------------------------------------------------------------------------------+

* Instructions per Function for each Compilation Phase
+----------------------------+----------------+------------------+----------------+-----------------+-----------------+-----------------+
| Function                   | Location       | Compile/Link     | Unroll/Inline  | Array/Struct    | Performance     | HW Transforms   |
+----------------------------+----------------+------------------+----------------+-----------------+-----------------+-----------------+
| + swiglu                   | swiglu.cpp:804 | 43,066           | 9,861          | 21,404          | 22,738          | 20,680          |
|    load_x_local            | swiglu.cpp:774 |   104            |  140           |   732           | 1,152           | 1,157           |
|  + compute_X1              | swiglu.cpp:241 | 13,605           | 2,085          | 3,851           | 3,805           | 3,407           |
|     load_row_wv            | swiglu.cpp:100 |   726 (2 calls)  |   40 (2 calls) |   126 (2 calls) |   124 (2 calls) |   140 (2 calls) |
|   + mac_blocks_wv_k2       | swiglu.cpp:121 | 8,532            | 1,935          | 3,522           | 3,478           | 3,115           |
|      get_byte              | swiglu.cpp:83  | 2,784 (58 calls) |                |                 |                 |                 |
|      fp16_to_fp32          | swiglu.cpp:58  |   268 (4 calls)  |  364 (4 calls) |   364 (4 calls) |   364 (4 calls) |   368 (4 calls) |
|  + compute_X2              | swiglu.cpp:276 | 13,605           | 2,085          | 3,851           | 3,805           | 3,407           |
|     load_row_wv            | swiglu.cpp:100 |   726 (2 calls)  |   40 (2 calls) |   126 (2 calls) |   124 (2 calls) |   140 (2 calls) |
|   + mac_blocks_wv_k2       | swiglu.cpp:121 | 8,532            | 1,935          | 3,522           | 3,478           | 3,115           |
|      get_byte              | swiglu.cpp:83  | 2,784 (58 calls) |                |                 |                 |                 |
|      fp16_to_fp32          | swiglu.cpp:58  |   268 (4 calls)  |  364 (4 calls) |   364 (4 calls) |   364 (4 calls) |   368 (4 calls) |
|    compute_gate            | swiglu.cpp:314 | 6,557            |  201           |   353           |   314           |   302           |
|  + compute_output          | swiglu.cpp:698 | 9,125            | 5,299          | 12,436          | 11,256          |                 |
|     load_row_down_q4k      | swiglu.cpp:374 |   522 (2 calls)  |   44 (2 calls) |   364 (2 calls) |   362 (2 calls) |                 |
|   + mac_blocks_down_q4k_k2 | swiglu.cpp:396 | 8,547            | 5,199          | 11,460          | 10,284          |                 |
|      get_byte              | swiglu.cpp:83  | 2,784 (58 calls) |                |                 |                 |                 |
|      fp16_to_fp32          | swiglu.cpp:58  |   268 (4 calls)  |  364 (4 calls) |   364 (4 calls) |   364 (4 calls) |                 |
+----------------------------+----------------+------------------+----------------+-----------------+-----------------+-----------------+

* Design Size Message Settings
+---------------------------------------------+--------+------------------------------------------------------------------+
| Message Setting                             | Value  | Description                                                      |
+---------------------------------------------+--------+------------------------------------------------------------------+
| config_compile -design_size_maximum_warning | 100000 | Show a warning when total design instructions exceeds this value |
+---------------------------------------------+--------+------------------------------------------------------------------+


