

================================================================
== Vitis HLS Report for 'fp16_to_fp32'
================================================================
* Date:           Sat Mar 28 22:37:30 2026

* Version:        2025.1 (Build 6135595 on May 21 2025)
* Project:        swiglu
* Solution:       hls (Vivado IP Flow Target)
* Product family: zynquplus
* Target device:  xck26-sfvc784-2LV-c


================================================================
== Performance Estimates
================================================================
+ Timing: 
    * Summary: 
    +--------+---------+----------+------------+
    |  Clock |  Target | Estimated| Uncertainty|
    +--------+---------+----------+------------+
    |ap_clk  |  3.33 ns|  2.344 ns|     0.90 ns|
    +--------+---------+----------+------------+

+ Latency: 
    * Summary: 
    +---------+---------+----------+----------+-----+-----+---------+
    |  Latency (cycles) |  Latency (absolute) |  Interval | Pipeline|
    |   min   |   max   |    min   |    max   | min | max |   Type  |
    +---------+---------+----------+----------+-----+-----+---------+
    |        3|        3|  9.990 ns|  9.990 ns|    3|    3|       no|
    +---------+---------+----------+----------+-----+-----+---------+

    + Detail: 
        * Instance: 
        N/A

        * Loop: 
        N/A



================================================================
== Utilization Estimates
================================================================
* Summary: 
+-----------------+---------+------+--------+--------+-----+
|       Name      | BRAM_18K|  DSP |   FF   |   LUT  | URAM|
+-----------------+---------+------+--------+--------+-----+
|DSP              |        -|     -|       -|       -|    -|
|Expression       |        -|     -|       0|     255|    -|
|FIFO             |        -|     -|       -|       -|    -|
|Instance         |        -|     -|       -|       -|    -|
|Memory           |        -|     -|       -|       -|    -|
|Multiplexer      |        -|     -|       0|      26|    -|
|Register         |        -|     -|      50|       -|    -|
+-----------------+---------+------+--------+--------+-----+
|Total            |        0|     0|      50|     281|    0|
+-----------------+---------+------+--------+--------+-----+
|Available        |      288|  1248|  234240|  117120|   64|
+-----------------+---------+------+--------+--------+-----+
|Utilization (%)  |        0|     0|      ~0|      ~0|    0|
+-----------------+---------+------+--------+--------+-----+

+ Detail: 
    * Instance: 
    N/A

    * DSP: 
    N/A

    * Memory: 
    N/A

    * FIFO: 
    N/A

    * Expression: 
    +-----------------------+----------+----+---+----+------------+------------+
    |     Variable Name     | Operation| DSP| FF| LUT| Bitwidth P0| Bitwidth P1|
    +-----------------------+----------+----+---+----+------------+------------+
    |e_17_fu_147_p2         |         +|   0|  0|  13|           6|           2|
    |e_19_fu_181_p2         |         +|   0|  0|  13|           6|           2|
    |e_21_fu_216_p2         |         +|   0|  0|  13|           6|           2|
    |e_23_fu_241_p2         |         +|   0|  0|  13|           6|           2|
    |e_25_fu_280_p2         |         +|   0|  0|  13|           6|           2|
    |e_27_fu_320_p2         |         +|   0|  0|  13|           6|           2|
    |icmp_ln33_fu_48_p2     |      icmp|   0|  0|  15|           8|           1|
    |e_15_fu_106_p3         |    select|   0|  0|   6|           1|           6|
    |e_16_fu_114_p3         |    select|   0|  0|   6|           1|           6|
    |e_18_fu_160_p3         |    select|   0|  0|   6|           1|           6|
    |e_20_fu_195_p3         |    select|   0|  0|   6|           1|           6|
    |e_22_fu_227_p3         |    select|   0|  0|   6|           1|           6|
    |e_24_fu_247_p3         |    select|   0|  0|   6|           1|           6|
    |e_26_fu_293_p3         |    select|   0|  0|   6|           1|           6|
    |e_28_fu_326_p3         |    select|   0|  0|   6|           1|           6|
    |e_fu_90_p3             |    select|   0|  0|   6|           1|           6|
    |f32_4_fu_356_p3        |    select|   0|  0|  29|           1|           1|
    |m_16_fu_127_p3         |    select|   0|  0|  10|           1|          10|
    |m_18_fu_152_p3         |    select|   0|  0|  10|           1|          10|
    |m_20_fu_187_p3         |    select|   0|  0|  10|           1|          10|
    |m_22_fu_221_p3         |    select|   0|  0|  10|           1|          10|
    |m_24_fu_260_p3         |    select|   0|  0|  10|           1|          10|
    |m_26_fu_285_p3         |    select|   0|  0|  10|           1|          10|
    |m_fu_82_p3             |    select|   0|  0|  10|           1|          10|
    |select_ln39_fu_338_p3  |    select|   0|  0|   9|           1|           9|
    +-----------------------+----------+----+---+----+------------+------------+
    |Total                  |          |   0|  0| 255|          62|         147|
    +-----------------------+----------+----+---+----+------------+------------+

    * Multiplexer: 
    +-----------+----+-----------+-----+-----------+
    |    Name   | LUT| Input Size| Bits| Total Bits|
    +-----------+----+-----------+-----+-----------+
    |ap_NS_fsm  |  26|          5|    1|          5|
    +-----------+----+-----------+-----+-----------+
    |Total      |  26|          5|    1|          5|
    +-----------+----+-----------+-----+-----------+

    * Register: 
    +-------------------+----+----+-----+-----------+
    |        Name       | FF | LUT| Bits| Const Bits|
    +-------------------+----+----+-----+-----------+
    |ap_CS_fsm          |   4|   0|    4|          0|
    |e_16_reg_391       |   2|   0|    6|          4|
    |e_20_reg_403       |   6|   0|    6|          0|
    |e_24_reg_426       |   6|   0|    6|          0|
    |icmp_ln33_reg_375  |   1|   0|    1|          0|
    |m_20_reg_397       |  10|   0|   10|          0|
    |m_22_reg_415       |  10|   0|   10|          0|
    |m_reg_380          |   8|   0|   10|          2|
    |tmp_146_reg_386    |   1|   0|    1|          0|
    |tmp_149_reg_409    |   1|   0|    1|          0|
    |tmp_150_reg_421    |   1|   0|    1|          0|
    +-------------------+----+----+-----+-----------+
    |Total              |  50|   0|   56|          6|
    +-------------------+----+----+-----+-----------+



================================================================
== Interface
================================================================
* Summary: 
+-----------+-----+-----+------------+--------------+--------------+
| RTL Ports | Dir | Bits|  Protocol  | Source Object|    C Type    |
+-----------+-----+-----+------------+--------------+--------------+
|ap_clk     |   in|    1|  ap_ctrl_hs|  fp16_to_fp32|  return value|
|ap_rst     |   in|    1|  ap_ctrl_hs|  fp16_to_fp32|  return value|
|ap_start   |   in|    1|  ap_ctrl_hs|  fp16_to_fp32|  return value|
|ap_done    |  out|    1|  ap_ctrl_hs|  fp16_to_fp32|  return value|
|ap_idle    |  out|    1|  ap_ctrl_hs|  fp16_to_fp32|  return value|
|ap_ready   |  out|    1|  ap_ctrl_hs|  fp16_to_fp32|  return value|
|ap_return  |  out|   32|  ap_ctrl_hs|  fp16_to_fp32|  return value|
|h          |   in|    8|     ap_none|             h|        scalar|
+-----------+-----+-----+------------+--------------+--------------+

