

================================================================
== Vitis HLS Report for 'load_row_down_q6k'
================================================================
* Date:           Sat Mar 28 22:37:34 2026

* Version:        2025.1 (Build 6135595 on May 21 2025)
* Project:        swiglu
* Solution:       hls (Vivado IP Flow Target)
* Product family: zynquplus
* Target device:  xck26-sfvc784-2LV-c


================================================================
== Performance Estimates
================================================================
+ Timing: 
    * Summary: 
    +--------+---------+----------+------------+
    |  Clock |  Target | Estimated| Uncertainty|
    +--------+---------+----------+------------+
    |ap_clk  |  3.33 ns|  1.630 ns|     0.90 ns|
    +--------+---------+----------+------------+

+ Latency: 
    * Summary: 
    +---------+---------+----------+----------+-----+-----+------------------------------------------------+
    |  Latency (cycles) |  Latency (absolute) |  Interval |                    Pipeline                    |
    |   min   |   max   |    min   |    max   | min | max |                      Type                      |
    +---------+---------+----------+----------+-----+-----+------------------------------------------------+
    |      422|      422|  1.405 us|  1.405 us|  421|  421|  loop auto-rewind stp (delay=0 clock cycles(s))|
    +---------+---------+----------+----------+-----+-----+------------------------------------------------+

    + Detail: 
        * Instance: 
        N/A

        * Loop: 
        +-----------------+---------+---------+----------+-----------+-----------+------+----------+
        |                 |  Latency (cycles) | Iteration|  Initiation Interval  | Trip |          |
        |    Loop Name    |   min   |   max   |  Latency |  achieved |   target  | Count| Pipelined|
        +-----------------+---------+---------+----------+-----------+-----------+------+----------+
        |- LOAD_DOWN_Q6K  |      420|      420|         1|          1|          1|   420|       yes|
        +-----------------+---------+---------+----------+-----------+-----------+------+----------+



================================================================
== Utilization Estimates
================================================================
* Summary: 
+-----------------+---------+------+--------+--------+-----+
|       Name      | BRAM_18K|  DSP |   FF   |   LUT  | URAM|
+-----------------+---------+------+--------+--------+-----+
|DSP              |        -|     -|       -|       -|    -|
|Expression       |        -|     -|       0|      32|    -|
|FIFO             |        -|     -|       -|       -|    -|
|Instance         |        -|     -|       -|       -|    -|
|Memory           |        -|     -|       -|       -|    -|
|Multiplexer      |        -|     -|       0|      27|    -|
|Register         |        -|     -|      11|       -|    -|
+-----------------+---------+------+--------+--------+-----+
|Total            |        0|     0|      11|      59|    0|
+-----------------+---------+------+--------+--------+-----+
|Available        |      288|  1248|  234240|  117120|   64|
+-----------------+---------+------+--------+--------+-----+
|Utilization (%)  |        0|     0|      ~0|      ~0|    0|
+-----------------+---------+------+--------+--------+-----+

+ Detail: 
    * Instance: 
    N/A

    * DSP: 
    N/A

    * Memory: 
    N/A

    * FIFO: 
    N/A

    * Expression: 
    +-----------------------+----------+----+---+----+------------+------------+
    |     Variable Name     | Operation| DSP| FF| LUT| Bitwidth P0| Bitwidth P1|
    +-----------------------+----------+----+---+----+------------+------------+
    |add_ln432_fu_5086_p2   |         +|   0|  0|  16|           9|           1|
    |icmp_ln432_fu_5080_p2  |      icmp|   0|  0|  16|           9|           8|
    +-----------------------+----------+----+---+----+------------+------------+
    |Total                  |          |   0|  0|  32|          18|           9|
    +-----------------------+----------+----+---+----+------------+------------+

    * Multiplexer: 
    +----------------------+----+-----------+-----+-----------+
    |         Name         | LUT| Input Size| Bits| Total Bits|
    +----------------------+----+-----------+-----+-----------+
    |ap_done_int           |   9|          2|    1|          2|
    |ap_sig_allocacmp_i_1  |   9|          2|    9|         18|
    |i_fu_1702             |   9|          2|    9|         18|
    +----------------------+----+-----------+-----+-----------+
    |Total                 |  27|          6|   19|         38|
    +----------------------+----+-----------+-----+-----------+

    * Register: 
    +-------------+---+----+-----+-----------+
    |     Name    | FF| LUT| Bits| Const Bits|
    +-------------+---+----+-----+-----------+
    |ap_CS_fsm    |  1|   0|    1|          0|
    |ap_done_reg  |  1|   0|    1|          0|
    |i_fu_1702    |  9|   0|    9|          0|
    +-------------+---+----+-----+-----------+
    |Total        | 11|   0|   11|          0|
    +-------------+---+----+-----+-----------+



================================================================
== Interface
================================================================
* Summary: 
+------------------+-----+-----+------------+-------------------+--------------+
|     RTL Ports    | Dir | Bits|  Protocol  |   Source Object   |    C Type    |
+------------------+-----+-----+------------+-------------------+--------------+
|ap_clk            |   in|    1|  ap_ctrl_hs|  load_row_down_q6k|  return value|
|ap_rst            |   in|    1|  ap_ctrl_hs|  load_row_down_q6k|  return value|
|ap_start          |   in|    1|  ap_ctrl_hs|  load_row_down_q6k|  return value|
|ap_done           |  out|    1|  ap_ctrl_hs|  load_row_down_q6k|  return value|
|ap_idle           |  out|    1|  ap_ctrl_hs|  load_row_down_q6k|  return value|
|ap_ready          |  out|    1|  ap_ctrl_hs|  load_row_down_q6k|  return value|
|W_down_wide_read  |   in|    8|     ap_none|   W_down_wide_read|        scalar|
|rb_0              |  out|    8|      ap_vld|               rb_0|       pointer|
|rb_0_ap_vld       |  out|    1|      ap_vld|               rb_0|       pointer|
|rb_1              |  out|    8|      ap_vld|               rb_1|       pointer|
|rb_1_ap_vld       |  out|    1|      ap_vld|               rb_1|       pointer|
|rb_2              |  out|    8|      ap_vld|               rb_2|       pointer|
|rb_2_ap_vld       |  out|    1|      ap_vld|               rb_2|       pointer|
|rb_3              |  out|    8|      ap_vld|               rb_3|       pointer|
|rb_3_ap_vld       |  out|    1|      ap_vld|               rb_3|       pointer|
|rb_4              |  out|    8|      ap_vld|               rb_4|       pointer|
|rb_4_ap_vld       |  out|    1|      ap_vld|               rb_4|       pointer|
|rb_5              |  out|    8|      ap_vld|               rb_5|       pointer|
|rb_5_ap_vld       |  out|    1|      ap_vld|               rb_5|       pointer|
|rb_6              |  out|    8|      ap_vld|               rb_6|       pointer|
|rb_6_ap_vld       |  out|    1|      ap_vld|               rb_6|       pointer|
|rb_7              |  out|    8|      ap_vld|               rb_7|       pointer|
|rb_7_ap_vld       |  out|    1|      ap_vld|               rb_7|       pointer|
|rb_8              |  out|    8|      ap_vld|               rb_8|       pointer|
|rb_8_ap_vld       |  out|    1|      ap_vld|               rb_8|       pointer|
|rb_9              |  out|    8|      ap_vld|               rb_9|       pointer|
|rb_9_ap_vld       |  out|    1|      ap_vld|               rb_9|       pointer|
|rb_10             |  out|    8|      ap_vld|              rb_10|       pointer|
|rb_10_ap_vld      |  out|    1|      ap_vld|              rb_10|       pointer|
|rb_11             |  out|    8|      ap_vld|              rb_11|       pointer|
|rb_11_ap_vld      |  out|    1|      ap_vld|              rb_11|       pointer|
|rb_12             |  out|    8|      ap_vld|              rb_12|       pointer|
|rb_12_ap_vld      |  out|    1|      ap_vld|              rb_12|       pointer|
|rb_13             |  out|    8|      ap_vld|              rb_13|       pointer|
|rb_13_ap_vld      |  out|    1|      ap_vld|              rb_13|       pointer|
|rb_14             |  out|    8|      ap_vld|              rb_14|       pointer|
|rb_14_ap_vld      |  out|    1|      ap_vld|              rb_14|       pointer|
|rb_15             |  out|    8|      ap_vld|              rb_15|       pointer|
|rb_15_ap_vld      |  out|    1|      ap_vld|              rb_15|       pointer|
|rb_16             |  out|    8|      ap_vld|              rb_16|       pointer|
|rb_16_ap_vld      |  out|    1|      ap_vld|              rb_16|       pointer|
|rb_17             |  out|    8|      ap_vld|              rb_17|       pointer|
|rb_17_ap_vld      |  out|    1|      ap_vld|              rb_17|       pointer|
|rb_18             |  out|    8|      ap_vld|              rb_18|       pointer|
|rb_18_ap_vld      |  out|    1|      ap_vld|              rb_18|       pointer|
|rb_19             |  out|    8|      ap_vld|              rb_19|       pointer|
|rb_19_ap_vld      |  out|    1|      ap_vld|              rb_19|       pointer|
|rb_20             |  out|    8|      ap_vld|              rb_20|       pointer|
|rb_20_ap_vld      |  out|    1|      ap_vld|              rb_20|       pointer|
|rb_21             |  out|    8|      ap_vld|              rb_21|       pointer|
|rb_21_ap_vld      |  out|    1|      ap_vld|              rb_21|       pointer|
|rb_22             |  out|    8|      ap_vld|              rb_22|       pointer|
|rb_22_ap_vld      |  out|    1|      ap_vld|              rb_22|       pointer|
|rb_23             |  out|    8|      ap_vld|              rb_23|       pointer|
|rb_23_ap_vld      |  out|    1|      ap_vld|              rb_23|       pointer|
|rb_24             |  out|    8|      ap_vld|              rb_24|       pointer|
|rb_24_ap_vld      |  out|    1|      ap_vld|              rb_24|       pointer|
|rb_25             |  out|    8|      ap_vld|              rb_25|       pointer|
|rb_25_ap_vld      |  out|    1|      ap_vld|              rb_25|       pointer|
|rb_26             |  out|    8|      ap_vld|              rb_26|       pointer|
|rb_26_ap_vld      |  out|    1|      ap_vld|              rb_26|       pointer|
|rb_27             |  out|    8|      ap_vld|              rb_27|       pointer|
|rb_27_ap_vld      |  out|    1|      ap_vld|              rb_27|       pointer|
|rb_28             |  out|    8|      ap_vld|              rb_28|       pointer|
|rb_28_ap_vld      |  out|    1|      ap_vld|              rb_28|       pointer|
|rb_29             |  out|    8|      ap_vld|              rb_29|       pointer|
|rb_29_ap_vld      |  out|    1|      ap_vld|              rb_29|       pointer|
|rb_30             |  out|    8|      ap_vld|              rb_30|       pointer|
|rb_30_ap_vld      |  out|    1|      ap_vld|              rb_30|       pointer|
|rb_31             |  out|    8|      ap_vld|              rb_31|       pointer|
|rb_31_ap_vld      |  out|    1|      ap_vld|              rb_31|       pointer|
|rb_32             |  out|    8|      ap_vld|              rb_32|       pointer|
|rb_32_ap_vld      |  out|    1|      ap_vld|              rb_32|       pointer|
|rb_33             |  out|    8|      ap_vld|              rb_33|       pointer|
|rb_33_ap_vld      |  out|    1|      ap_vld|              rb_33|       pointer|
|rb_34             |  out|    8|      ap_vld|              rb_34|       pointer|
|rb_34_ap_vld      |  out|    1|      ap_vld|              rb_34|       pointer|
|rb_35             |  out|    8|      ap_vld|              rb_35|       pointer|
|rb_35_ap_vld      |  out|    1|      ap_vld|              rb_35|       pointer|
|rb_36             |  out|    8|      ap_vld|              rb_36|       pointer|
|rb_36_ap_vld      |  out|    1|      ap_vld|              rb_36|       pointer|
|rb_37             |  out|    8|      ap_vld|              rb_37|       pointer|
|rb_37_ap_vld      |  out|    1|      ap_vld|              rb_37|       pointer|
|rb_38             |  out|    8|      ap_vld|              rb_38|       pointer|
|rb_38_ap_vld      |  out|    1|      ap_vld|              rb_38|       pointer|
|rb_39             |  out|    8|      ap_vld|              rb_39|       pointer|
|rb_39_ap_vld      |  out|    1|      ap_vld|              rb_39|       pointer|
|rb_40             |  out|    8|      ap_vld|              rb_40|       pointer|
|rb_40_ap_vld      |  out|    1|      ap_vld|              rb_40|       pointer|
|rb_41             |  out|    8|      ap_vld|              rb_41|       pointer|
|rb_41_ap_vld      |  out|    1|      ap_vld|              rb_41|       pointer|
|rb_42             |  out|    8|      ap_vld|              rb_42|       pointer|
|rb_42_ap_vld      |  out|    1|      ap_vld|              rb_42|       pointer|
|rb_43             |  out|    8|      ap_vld|              rb_43|       pointer|
|rb_43_ap_vld      |  out|    1|      ap_vld|              rb_43|       pointer|
|rb_44             |  out|    8|      ap_vld|              rb_44|       pointer|
|rb_44_ap_vld      |  out|    1|      ap_vld|              rb_44|       pointer|
|rb_45             |  out|    8|      ap_vld|              rb_45|       pointer|
|rb_45_ap_vld      |  out|    1|      ap_vld|              rb_45|       pointer|
|rb_46             |  out|    8|      ap_vld|              rb_46|       pointer|
|rb_46_ap_vld      |  out|    1|      ap_vld|              rb_46|       pointer|
|rb_47             |  out|    8|      ap_vld|              rb_47|       pointer|
|rb_47_ap_vld      |  out|    1|      ap_vld|              rb_47|       pointer|
|rb_48             |  out|    8|      ap_vld|              rb_48|       pointer|
|rb_48_ap_vld      |  out|    1|      ap_vld|              rb_48|       pointer|
|rb_49             |  out|    8|      ap_vld|              rb_49|       pointer|
|rb_49_ap_vld      |  out|    1|      ap_vld|              rb_49|       pointer|
|rb_50             |  out|    8|      ap_vld|              rb_50|       pointer|
|rb_50_ap_vld      |  out|    1|      ap_vld|              rb_50|       pointer|
|rb_51             |  out|    8|      ap_vld|              rb_51|       pointer|
|rb_51_ap_vld      |  out|    1|      ap_vld|              rb_51|       pointer|
|rb_52             |  out|    8|      ap_vld|              rb_52|       pointer|
|rb_52_ap_vld      |  out|    1|      ap_vld|              rb_52|       pointer|
|rb_53             |  out|    8|      ap_vld|              rb_53|       pointer|
|rb_53_ap_vld      |  out|    1|      ap_vld|              rb_53|       pointer|
|rb_54             |  out|    8|      ap_vld|              rb_54|       pointer|
|rb_54_ap_vld      |  out|    1|      ap_vld|              rb_54|       pointer|
|rb_55             |  out|    8|      ap_vld|              rb_55|       pointer|
|rb_55_ap_vld      |  out|    1|      ap_vld|              rb_55|       pointer|
|rb_56             |  out|    8|      ap_vld|              rb_56|       pointer|
|rb_56_ap_vld      |  out|    1|      ap_vld|              rb_56|       pointer|
|rb_57             |  out|    8|      ap_vld|              rb_57|       pointer|
|rb_57_ap_vld      |  out|    1|      ap_vld|              rb_57|       pointer|
|rb_58             |  out|    8|      ap_vld|              rb_58|       pointer|
|rb_58_ap_vld      |  out|    1|      ap_vld|              rb_58|       pointer|
|rb_59             |  out|    8|      ap_vld|              rb_59|       pointer|
|rb_59_ap_vld      |  out|    1|      ap_vld|              rb_59|       pointer|
|rb_60             |  out|    8|      ap_vld|              rb_60|       pointer|
|rb_60_ap_vld      |  out|    1|      ap_vld|              rb_60|       pointer|
|rb_61             |  out|    8|      ap_vld|              rb_61|       pointer|
|rb_61_ap_vld      |  out|    1|      ap_vld|              rb_61|       pointer|
|rb_62             |  out|    8|      ap_vld|              rb_62|       pointer|
|rb_62_ap_vld      |  out|    1|      ap_vld|              rb_62|       pointer|
|rb_63             |  out|    8|      ap_vld|              rb_63|       pointer|
|rb_63_ap_vld      |  out|    1|      ap_vld|              rb_63|       pointer|
|rb_64             |  out|    8|      ap_vld|              rb_64|       pointer|
|rb_64_ap_vld      |  out|    1|      ap_vld|              rb_64|       pointer|
|rb_65             |  out|    8|      ap_vld|              rb_65|       pointer|
|rb_65_ap_vld      |  out|    1|      ap_vld|              rb_65|       pointer|
|rb_66             |  out|    8|      ap_vld|              rb_66|       pointer|
|rb_66_ap_vld      |  out|    1|      ap_vld|              rb_66|       pointer|
|rb_67             |  out|    8|      ap_vld|              rb_67|       pointer|
|rb_67_ap_vld      |  out|    1|      ap_vld|              rb_67|       pointer|
|rb_68             |  out|    8|      ap_vld|              rb_68|       pointer|
|rb_68_ap_vld      |  out|    1|      ap_vld|              rb_68|       pointer|
|rb_69             |  out|    8|      ap_vld|              rb_69|       pointer|
|rb_69_ap_vld      |  out|    1|      ap_vld|              rb_69|       pointer|
|rb_70             |  out|    8|      ap_vld|              rb_70|       pointer|
|rb_70_ap_vld      |  out|    1|      ap_vld|              rb_70|       pointer|
|rb_71             |  out|    8|      ap_vld|              rb_71|       pointer|
|rb_71_ap_vld      |  out|    1|      ap_vld|              rb_71|       pointer|
|rb_72             |  out|    8|      ap_vld|              rb_72|       pointer|
|rb_72_ap_vld      |  out|    1|      ap_vld|              rb_72|       pointer|
|rb_73             |  out|    8|      ap_vld|              rb_73|       pointer|
|rb_73_ap_vld      |  out|    1|      ap_vld|              rb_73|       pointer|
|rb_74             |  out|    8|      ap_vld|              rb_74|       pointer|
|rb_74_ap_vld      |  out|    1|      ap_vld|              rb_74|       pointer|
|rb_75             |  out|    8|      ap_vld|              rb_75|       pointer|
|rb_75_ap_vld      |  out|    1|      ap_vld|              rb_75|       pointer|
|rb_76             |  out|    8|      ap_vld|              rb_76|       pointer|
|rb_76_ap_vld      |  out|    1|      ap_vld|              rb_76|       pointer|
|rb_77             |  out|    8|      ap_vld|              rb_77|       pointer|
|rb_77_ap_vld      |  out|    1|      ap_vld|              rb_77|       pointer|
|rb_78             |  out|    8|      ap_vld|              rb_78|       pointer|
|rb_78_ap_vld      |  out|    1|      ap_vld|              rb_78|       pointer|
|rb_79             |  out|    8|      ap_vld|              rb_79|       pointer|
|rb_79_ap_vld      |  out|    1|      ap_vld|              rb_79|       pointer|
|rb_80             |  out|    8|      ap_vld|              rb_80|       pointer|
|rb_80_ap_vld      |  out|    1|      ap_vld|              rb_80|       pointer|
|rb_81             |  out|    8|      ap_vld|              rb_81|       pointer|
|rb_81_ap_vld      |  out|    1|      ap_vld|              rb_81|       pointer|
|rb_82             |  out|    8|      ap_vld|              rb_82|       pointer|
|rb_82_ap_vld      |  out|    1|      ap_vld|              rb_82|       pointer|
|rb_83             |  out|    8|      ap_vld|              rb_83|       pointer|
|rb_83_ap_vld      |  out|    1|      ap_vld|              rb_83|       pointer|
|rb_84             |  out|    8|      ap_vld|              rb_84|       pointer|
|rb_84_ap_vld      |  out|    1|      ap_vld|              rb_84|       pointer|
|rb_85             |  out|    8|      ap_vld|              rb_85|       pointer|
|rb_85_ap_vld      |  out|    1|      ap_vld|              rb_85|       pointer|
|rb_86             |  out|    8|      ap_vld|              rb_86|       pointer|
|rb_86_ap_vld      |  out|    1|      ap_vld|              rb_86|       pointer|
|rb_87             |  out|    8|      ap_vld|              rb_87|       pointer|
|rb_87_ap_vld      |  out|    1|      ap_vld|              rb_87|       pointer|
|rb_88             |  out|    8|      ap_vld|              rb_88|       pointer|
|rb_88_ap_vld      |  out|    1|      ap_vld|              rb_88|       pointer|
|rb_89             |  out|    8|      ap_vld|              rb_89|       pointer|
|rb_89_ap_vld      |  out|    1|      ap_vld|              rb_89|       pointer|
|rb_90             |  out|    8|      ap_vld|              rb_90|       pointer|
|rb_90_ap_vld      |  out|    1|      ap_vld|              rb_90|       pointer|
|rb_91             |  out|    8|      ap_vld|              rb_91|       pointer|
|rb_91_ap_vld      |  out|    1|      ap_vld|              rb_91|       pointer|
|rb_92             |  out|    8|      ap_vld|              rb_92|       pointer|
|rb_92_ap_vld      |  out|    1|      ap_vld|              rb_92|       pointer|
|rb_93             |  out|    8|      ap_vld|              rb_93|       pointer|
|rb_93_ap_vld      |  out|    1|      ap_vld|              rb_93|       pointer|
|rb_94             |  out|    8|      ap_vld|              rb_94|       pointer|
|rb_94_ap_vld      |  out|    1|      ap_vld|              rb_94|       pointer|
|rb_95             |  out|    8|      ap_vld|              rb_95|       pointer|
|rb_95_ap_vld      |  out|    1|      ap_vld|              rb_95|       pointer|
|rb_96             |  out|    8|      ap_vld|              rb_96|       pointer|
|rb_96_ap_vld      |  out|    1|      ap_vld|              rb_96|       pointer|
|rb_97             |  out|    8|      ap_vld|              rb_97|       pointer|
|rb_97_ap_vld      |  out|    1|      ap_vld|              rb_97|       pointer|
|rb_98             |  out|    8|      ap_vld|              rb_98|       pointer|
|rb_98_ap_vld      |  out|    1|      ap_vld|              rb_98|       pointer|
|rb_99             |  out|    8|      ap_vld|              rb_99|       pointer|
|rb_99_ap_vld      |  out|    1|      ap_vld|              rb_99|       pointer|
|rb_100            |  out|    8|      ap_vld|             rb_100|       pointer|
|rb_100_ap_vld     |  out|    1|      ap_vld|             rb_100|       pointer|
|rb_101            |  out|    8|      ap_vld|             rb_101|       pointer|
|rb_101_ap_vld     |  out|    1|      ap_vld|             rb_101|       pointer|
|rb_102            |  out|    8|      ap_vld|             rb_102|       pointer|
|rb_102_ap_vld     |  out|    1|      ap_vld|             rb_102|       pointer|
|rb_103            |  out|    8|      ap_vld|             rb_103|       pointer|
|rb_103_ap_vld     |  out|    1|      ap_vld|             rb_103|       pointer|
|rb_104            |  out|    8|      ap_vld|             rb_104|       pointer|
|rb_104_ap_vld     |  out|    1|      ap_vld|             rb_104|       pointer|
|rb_105            |  out|    8|      ap_vld|             rb_105|       pointer|
|rb_105_ap_vld     |  out|    1|      ap_vld|             rb_105|       pointer|
|rb_106            |  out|    8|      ap_vld|             rb_106|       pointer|
|rb_106_ap_vld     |  out|    1|      ap_vld|             rb_106|       pointer|
|rb_107            |  out|    8|      ap_vld|             rb_107|       pointer|
|rb_107_ap_vld     |  out|    1|      ap_vld|             rb_107|       pointer|
|rb_108            |  out|    8|      ap_vld|             rb_108|       pointer|
|rb_108_ap_vld     |  out|    1|      ap_vld|             rb_108|       pointer|
|rb_109            |  out|    8|      ap_vld|             rb_109|       pointer|
|rb_109_ap_vld     |  out|    1|      ap_vld|             rb_109|       pointer|
|rb_110            |  out|    8|      ap_vld|             rb_110|       pointer|
|rb_110_ap_vld     |  out|    1|      ap_vld|             rb_110|       pointer|
|rb_111            |  out|    8|      ap_vld|             rb_111|       pointer|
|rb_111_ap_vld     |  out|    1|      ap_vld|             rb_111|       pointer|
|rb_112            |  out|    8|      ap_vld|             rb_112|       pointer|
|rb_112_ap_vld     |  out|    1|      ap_vld|             rb_112|       pointer|
|rb_113            |  out|    8|      ap_vld|             rb_113|       pointer|
|rb_113_ap_vld     |  out|    1|      ap_vld|             rb_113|       pointer|
|rb_114            |  out|    8|      ap_vld|             rb_114|       pointer|
|rb_114_ap_vld     |  out|    1|      ap_vld|             rb_114|       pointer|
|rb_115            |  out|    8|      ap_vld|             rb_115|       pointer|
|rb_115_ap_vld     |  out|    1|      ap_vld|             rb_115|       pointer|
|rb_116            |  out|    8|      ap_vld|             rb_116|       pointer|
|rb_116_ap_vld     |  out|    1|      ap_vld|             rb_116|       pointer|
|rb_117            |  out|    8|      ap_vld|             rb_117|       pointer|
|rb_117_ap_vld     |  out|    1|      ap_vld|             rb_117|       pointer|
|rb_118            |  out|    8|      ap_vld|             rb_118|       pointer|
|rb_118_ap_vld     |  out|    1|      ap_vld|             rb_118|       pointer|
|rb_119            |  out|    8|      ap_vld|             rb_119|       pointer|
|rb_119_ap_vld     |  out|    1|      ap_vld|             rb_119|       pointer|
|rb_120            |  out|    8|      ap_vld|             rb_120|       pointer|
|rb_120_ap_vld     |  out|    1|      ap_vld|             rb_120|       pointer|
|rb_121            |  out|    8|      ap_vld|             rb_121|       pointer|
|rb_121_ap_vld     |  out|    1|      ap_vld|             rb_121|       pointer|
|rb_122            |  out|    8|      ap_vld|             rb_122|       pointer|
|rb_122_ap_vld     |  out|    1|      ap_vld|             rb_122|       pointer|
|rb_123            |  out|    8|      ap_vld|             rb_123|       pointer|
|rb_123_ap_vld     |  out|    1|      ap_vld|             rb_123|       pointer|
|rb_124            |  out|    8|      ap_vld|             rb_124|       pointer|
|rb_124_ap_vld     |  out|    1|      ap_vld|             rb_124|       pointer|
|rb_125            |  out|    8|      ap_vld|             rb_125|       pointer|
|rb_125_ap_vld     |  out|    1|      ap_vld|             rb_125|       pointer|
|rb_126            |  out|    8|      ap_vld|             rb_126|       pointer|
|rb_126_ap_vld     |  out|    1|      ap_vld|             rb_126|       pointer|
|rb_127            |  out|    8|      ap_vld|             rb_127|       pointer|
|rb_127_ap_vld     |  out|    1|      ap_vld|             rb_127|       pointer|
|rb_128            |  out|    8|      ap_vld|             rb_128|       pointer|
|rb_128_ap_vld     |  out|    1|      ap_vld|             rb_128|       pointer|
|rb_129            |  out|    8|      ap_vld|             rb_129|       pointer|
|rb_129_ap_vld     |  out|    1|      ap_vld|             rb_129|       pointer|
|rb_130            |  out|    8|      ap_vld|             rb_130|       pointer|
|rb_130_ap_vld     |  out|    1|      ap_vld|             rb_130|       pointer|
|rb_131            |  out|    8|      ap_vld|             rb_131|       pointer|
|rb_131_ap_vld     |  out|    1|      ap_vld|             rb_131|       pointer|
|rb_132            |  out|    8|      ap_vld|             rb_132|       pointer|
|rb_132_ap_vld     |  out|    1|      ap_vld|             rb_132|       pointer|
|rb_133            |  out|    8|      ap_vld|             rb_133|       pointer|
|rb_133_ap_vld     |  out|    1|      ap_vld|             rb_133|       pointer|
|rb_134            |  out|    8|      ap_vld|             rb_134|       pointer|
|rb_134_ap_vld     |  out|    1|      ap_vld|             rb_134|       pointer|
|rb_135            |  out|    8|      ap_vld|             rb_135|       pointer|
|rb_135_ap_vld     |  out|    1|      ap_vld|             rb_135|       pointer|
|rb_136            |  out|    8|      ap_vld|             rb_136|       pointer|
|rb_136_ap_vld     |  out|    1|      ap_vld|             rb_136|       pointer|
|rb_137            |  out|    8|      ap_vld|             rb_137|       pointer|
|rb_137_ap_vld     |  out|    1|      ap_vld|             rb_137|       pointer|
|rb_138            |  out|    8|      ap_vld|             rb_138|       pointer|
|rb_138_ap_vld     |  out|    1|      ap_vld|             rb_138|       pointer|
|rb_139            |  out|    8|      ap_vld|             rb_139|       pointer|
|rb_139_ap_vld     |  out|    1|      ap_vld|             rb_139|       pointer|
|rb_140            |  out|    8|      ap_vld|             rb_140|       pointer|
|rb_140_ap_vld     |  out|    1|      ap_vld|             rb_140|       pointer|
|rb_141            |  out|    8|      ap_vld|             rb_141|       pointer|
|rb_141_ap_vld     |  out|    1|      ap_vld|             rb_141|       pointer|
|rb_142            |  out|    8|      ap_vld|             rb_142|       pointer|
|rb_142_ap_vld     |  out|    1|      ap_vld|             rb_142|       pointer|
|rb_143            |  out|    8|      ap_vld|             rb_143|       pointer|
|rb_143_ap_vld     |  out|    1|      ap_vld|             rb_143|       pointer|
|rb_144            |  out|    8|      ap_vld|             rb_144|       pointer|
|rb_144_ap_vld     |  out|    1|      ap_vld|             rb_144|       pointer|
|rb_145            |  out|    8|      ap_vld|             rb_145|       pointer|
|rb_145_ap_vld     |  out|    1|      ap_vld|             rb_145|       pointer|
|rb_146            |  out|    8|      ap_vld|             rb_146|       pointer|
|rb_146_ap_vld     |  out|    1|      ap_vld|             rb_146|       pointer|
|rb_147            |  out|    8|      ap_vld|             rb_147|       pointer|
|rb_147_ap_vld     |  out|    1|      ap_vld|             rb_147|       pointer|
|rb_148            |  out|    8|      ap_vld|             rb_148|       pointer|
|rb_148_ap_vld     |  out|    1|      ap_vld|             rb_148|       pointer|
|rb_149            |  out|    8|      ap_vld|             rb_149|       pointer|
|rb_149_ap_vld     |  out|    1|      ap_vld|             rb_149|       pointer|
|rb_150            |  out|    8|      ap_vld|             rb_150|       pointer|
|rb_150_ap_vld     |  out|    1|      ap_vld|             rb_150|       pointer|
|rb_151            |  out|    8|      ap_vld|             rb_151|       pointer|
|rb_151_ap_vld     |  out|    1|      ap_vld|             rb_151|       pointer|
|rb_152            |  out|    8|      ap_vld|             rb_152|       pointer|
|rb_152_ap_vld     |  out|    1|      ap_vld|             rb_152|       pointer|
|rb_153            |  out|    8|      ap_vld|             rb_153|       pointer|
|rb_153_ap_vld     |  out|    1|      ap_vld|             rb_153|       pointer|
|rb_154            |  out|    8|      ap_vld|             rb_154|       pointer|
|rb_154_ap_vld     |  out|    1|      ap_vld|             rb_154|       pointer|
|rb_155            |  out|    8|      ap_vld|             rb_155|       pointer|
|rb_155_ap_vld     |  out|    1|      ap_vld|             rb_155|       pointer|
|rb_156            |  out|    8|      ap_vld|             rb_156|       pointer|
|rb_156_ap_vld     |  out|    1|      ap_vld|             rb_156|       pointer|
|rb_157            |  out|    8|      ap_vld|             rb_157|       pointer|
|rb_157_ap_vld     |  out|    1|      ap_vld|             rb_157|       pointer|
|rb_158            |  out|    8|      ap_vld|             rb_158|       pointer|
|rb_158_ap_vld     |  out|    1|      ap_vld|             rb_158|       pointer|
|rb_159            |  out|    8|      ap_vld|             rb_159|       pointer|
|rb_159_ap_vld     |  out|    1|      ap_vld|             rb_159|       pointer|
|rb_160            |  out|    8|      ap_vld|             rb_160|       pointer|
|rb_160_ap_vld     |  out|    1|      ap_vld|             rb_160|       pointer|
|rb_161            |  out|    8|      ap_vld|             rb_161|       pointer|
|rb_161_ap_vld     |  out|    1|      ap_vld|             rb_161|       pointer|
|rb_162            |  out|    8|      ap_vld|             rb_162|       pointer|
|rb_162_ap_vld     |  out|    1|      ap_vld|             rb_162|       pointer|
|rb_163            |  out|    8|      ap_vld|             rb_163|       pointer|
|rb_163_ap_vld     |  out|    1|      ap_vld|             rb_163|       pointer|
|rb_164            |  out|    8|      ap_vld|             rb_164|       pointer|
|rb_164_ap_vld     |  out|    1|      ap_vld|             rb_164|       pointer|
|rb_165            |  out|    8|      ap_vld|             rb_165|       pointer|
|rb_165_ap_vld     |  out|    1|      ap_vld|             rb_165|       pointer|
|rb_166            |  out|    8|      ap_vld|             rb_166|       pointer|
|rb_166_ap_vld     |  out|    1|      ap_vld|             rb_166|       pointer|
|rb_167            |  out|    8|      ap_vld|             rb_167|       pointer|
|rb_167_ap_vld     |  out|    1|      ap_vld|             rb_167|       pointer|
|rb_168            |  out|    8|      ap_vld|             rb_168|       pointer|
|rb_168_ap_vld     |  out|    1|      ap_vld|             rb_168|       pointer|
|rb_169            |  out|    8|      ap_vld|             rb_169|       pointer|
|rb_169_ap_vld     |  out|    1|      ap_vld|             rb_169|       pointer|
|rb_170            |  out|    8|      ap_vld|             rb_170|       pointer|
|rb_170_ap_vld     |  out|    1|      ap_vld|             rb_170|       pointer|
|rb_171            |  out|    8|      ap_vld|             rb_171|       pointer|
|rb_171_ap_vld     |  out|    1|      ap_vld|             rb_171|       pointer|
|rb_172            |  out|    8|      ap_vld|             rb_172|       pointer|
|rb_172_ap_vld     |  out|    1|      ap_vld|             rb_172|       pointer|
|rb_173            |  out|    8|      ap_vld|             rb_173|       pointer|
|rb_173_ap_vld     |  out|    1|      ap_vld|             rb_173|       pointer|
|rb_174            |  out|    8|      ap_vld|             rb_174|       pointer|
|rb_174_ap_vld     |  out|    1|      ap_vld|             rb_174|       pointer|
|rb_175            |  out|    8|      ap_vld|             rb_175|       pointer|
|rb_175_ap_vld     |  out|    1|      ap_vld|             rb_175|       pointer|
|rb_176            |  out|    8|      ap_vld|             rb_176|       pointer|
|rb_176_ap_vld     |  out|    1|      ap_vld|             rb_176|       pointer|
|rb_177            |  out|    8|      ap_vld|             rb_177|       pointer|
|rb_177_ap_vld     |  out|    1|      ap_vld|             rb_177|       pointer|
|rb_178            |  out|    8|      ap_vld|             rb_178|       pointer|
|rb_178_ap_vld     |  out|    1|      ap_vld|             rb_178|       pointer|
|rb_179            |  out|    8|      ap_vld|             rb_179|       pointer|
|rb_179_ap_vld     |  out|    1|      ap_vld|             rb_179|       pointer|
|rb_180            |  out|    8|      ap_vld|             rb_180|       pointer|
|rb_180_ap_vld     |  out|    1|      ap_vld|             rb_180|       pointer|
|rb_181            |  out|    8|      ap_vld|             rb_181|       pointer|
|rb_181_ap_vld     |  out|    1|      ap_vld|             rb_181|       pointer|
|rb_182            |  out|    8|      ap_vld|             rb_182|       pointer|
|rb_182_ap_vld     |  out|    1|      ap_vld|             rb_182|       pointer|
|rb_183            |  out|    8|      ap_vld|             rb_183|       pointer|
|rb_183_ap_vld     |  out|    1|      ap_vld|             rb_183|       pointer|
|rb_184            |  out|    8|      ap_vld|             rb_184|       pointer|
|rb_184_ap_vld     |  out|    1|      ap_vld|             rb_184|       pointer|
|rb_185            |  out|    8|      ap_vld|             rb_185|       pointer|
|rb_185_ap_vld     |  out|    1|      ap_vld|             rb_185|       pointer|
|rb_186            |  out|    8|      ap_vld|             rb_186|       pointer|
|rb_186_ap_vld     |  out|    1|      ap_vld|             rb_186|       pointer|
|rb_187            |  out|    8|      ap_vld|             rb_187|       pointer|
|rb_187_ap_vld     |  out|    1|      ap_vld|             rb_187|       pointer|
|rb_188            |  out|    8|      ap_vld|             rb_188|       pointer|
|rb_188_ap_vld     |  out|    1|      ap_vld|             rb_188|       pointer|
|rb_189            |  out|    8|      ap_vld|             rb_189|       pointer|
|rb_189_ap_vld     |  out|    1|      ap_vld|             rb_189|       pointer|
|rb_190            |  out|    8|      ap_vld|             rb_190|       pointer|
|rb_190_ap_vld     |  out|    1|      ap_vld|             rb_190|       pointer|
|rb_191            |  out|    8|      ap_vld|             rb_191|       pointer|
|rb_191_ap_vld     |  out|    1|      ap_vld|             rb_191|       pointer|
|rb_192            |  out|    8|      ap_vld|             rb_192|       pointer|
|rb_192_ap_vld     |  out|    1|      ap_vld|             rb_192|       pointer|
|rb_193            |  out|    8|      ap_vld|             rb_193|       pointer|
|rb_193_ap_vld     |  out|    1|      ap_vld|             rb_193|       pointer|
|rb_194            |  out|    8|      ap_vld|             rb_194|       pointer|
|rb_194_ap_vld     |  out|    1|      ap_vld|             rb_194|       pointer|
|rb_195            |  out|    8|      ap_vld|             rb_195|       pointer|
|rb_195_ap_vld     |  out|    1|      ap_vld|             rb_195|       pointer|
|rb_196            |  out|    8|      ap_vld|             rb_196|       pointer|
|rb_196_ap_vld     |  out|    1|      ap_vld|             rb_196|       pointer|
|rb_197            |  out|    8|      ap_vld|             rb_197|       pointer|
|rb_197_ap_vld     |  out|    1|      ap_vld|             rb_197|       pointer|
|rb_198            |  out|    8|      ap_vld|             rb_198|       pointer|
|rb_198_ap_vld     |  out|    1|      ap_vld|             rb_198|       pointer|
|rb_199            |  out|    8|      ap_vld|             rb_199|       pointer|
|rb_199_ap_vld     |  out|    1|      ap_vld|             rb_199|       pointer|
|rb_200            |  out|    8|      ap_vld|             rb_200|       pointer|
|rb_200_ap_vld     |  out|    1|      ap_vld|             rb_200|       pointer|
|rb_201            |  out|    8|      ap_vld|             rb_201|       pointer|
|rb_201_ap_vld     |  out|    1|      ap_vld|             rb_201|       pointer|
|rb_202            |  out|    8|      ap_vld|             rb_202|       pointer|
|rb_202_ap_vld     |  out|    1|      ap_vld|             rb_202|       pointer|
|rb_203            |  out|    8|      ap_vld|             rb_203|       pointer|
|rb_203_ap_vld     |  out|    1|      ap_vld|             rb_203|       pointer|
|rb_204            |  out|    8|      ap_vld|             rb_204|       pointer|
|rb_204_ap_vld     |  out|    1|      ap_vld|             rb_204|       pointer|
|rb_205            |  out|    8|      ap_vld|             rb_205|       pointer|
|rb_205_ap_vld     |  out|    1|      ap_vld|             rb_205|       pointer|
|rb_206            |  out|    8|      ap_vld|             rb_206|       pointer|
|rb_206_ap_vld     |  out|    1|      ap_vld|             rb_206|       pointer|
|rb_207            |  out|    8|      ap_vld|             rb_207|       pointer|
|rb_207_ap_vld     |  out|    1|      ap_vld|             rb_207|       pointer|
|rb_208            |  out|    8|      ap_vld|             rb_208|       pointer|
|rb_208_ap_vld     |  out|    1|      ap_vld|             rb_208|       pointer|
|rb_209            |  out|    8|      ap_vld|             rb_209|       pointer|
|rb_209_ap_vld     |  out|    1|      ap_vld|             rb_209|       pointer|
|rb_210            |  out|    8|      ap_vld|             rb_210|       pointer|
|rb_210_ap_vld     |  out|    1|      ap_vld|             rb_210|       pointer|
|rb_211            |  out|    8|      ap_vld|             rb_211|       pointer|
|rb_211_ap_vld     |  out|    1|      ap_vld|             rb_211|       pointer|
|rb_212            |  out|    8|      ap_vld|             rb_212|       pointer|
|rb_212_ap_vld     |  out|    1|      ap_vld|             rb_212|       pointer|
|rb_213            |  out|    8|      ap_vld|             rb_213|       pointer|
|rb_213_ap_vld     |  out|    1|      ap_vld|             rb_213|       pointer|
|rb_214            |  out|    8|      ap_vld|             rb_214|       pointer|
|rb_214_ap_vld     |  out|    1|      ap_vld|             rb_214|       pointer|
|rb_215            |  out|    8|      ap_vld|             rb_215|       pointer|
|rb_215_ap_vld     |  out|    1|      ap_vld|             rb_215|       pointer|
|rb_216            |  out|    8|      ap_vld|             rb_216|       pointer|
|rb_216_ap_vld     |  out|    1|      ap_vld|             rb_216|       pointer|
|rb_217            |  out|    8|      ap_vld|             rb_217|       pointer|
|rb_217_ap_vld     |  out|    1|      ap_vld|             rb_217|       pointer|
|rb_218            |  out|    8|      ap_vld|             rb_218|       pointer|
|rb_218_ap_vld     |  out|    1|      ap_vld|             rb_218|       pointer|
|rb_219            |  out|    8|      ap_vld|             rb_219|       pointer|
|rb_219_ap_vld     |  out|    1|      ap_vld|             rb_219|       pointer|
|rb_220            |  out|    8|      ap_vld|             rb_220|       pointer|
|rb_220_ap_vld     |  out|    1|      ap_vld|             rb_220|       pointer|
|rb_221            |  out|    8|      ap_vld|             rb_221|       pointer|
|rb_221_ap_vld     |  out|    1|      ap_vld|             rb_221|       pointer|
|rb_222            |  out|    8|      ap_vld|             rb_222|       pointer|
|rb_222_ap_vld     |  out|    1|      ap_vld|             rb_222|       pointer|
|rb_223            |  out|    8|      ap_vld|             rb_223|       pointer|
|rb_223_ap_vld     |  out|    1|      ap_vld|             rb_223|       pointer|
|rb_224            |  out|    8|      ap_vld|             rb_224|       pointer|
|rb_224_ap_vld     |  out|    1|      ap_vld|             rb_224|       pointer|
|rb_225            |  out|    8|      ap_vld|             rb_225|       pointer|
|rb_225_ap_vld     |  out|    1|      ap_vld|             rb_225|       pointer|
|rb_226            |  out|    8|      ap_vld|             rb_226|       pointer|
|rb_226_ap_vld     |  out|    1|      ap_vld|             rb_226|       pointer|
|rb_227            |  out|    8|      ap_vld|             rb_227|       pointer|
|rb_227_ap_vld     |  out|    1|      ap_vld|             rb_227|       pointer|
|rb_228            |  out|    8|      ap_vld|             rb_228|       pointer|
|rb_228_ap_vld     |  out|    1|      ap_vld|             rb_228|       pointer|
|rb_229            |  out|    8|      ap_vld|             rb_229|       pointer|
|rb_229_ap_vld     |  out|    1|      ap_vld|             rb_229|       pointer|
|rb_230            |  out|    8|      ap_vld|             rb_230|       pointer|
|rb_230_ap_vld     |  out|    1|      ap_vld|             rb_230|       pointer|
|rb_231            |  out|    8|      ap_vld|             rb_231|       pointer|
|rb_231_ap_vld     |  out|    1|      ap_vld|             rb_231|       pointer|
|rb_232            |  out|    8|      ap_vld|             rb_232|       pointer|
|rb_232_ap_vld     |  out|    1|      ap_vld|             rb_232|       pointer|
|rb_233            |  out|    8|      ap_vld|             rb_233|       pointer|
|rb_233_ap_vld     |  out|    1|      ap_vld|             rb_233|       pointer|
|rb_234            |  out|    8|      ap_vld|             rb_234|       pointer|
|rb_234_ap_vld     |  out|    1|      ap_vld|             rb_234|       pointer|
|rb_235            |  out|    8|      ap_vld|             rb_235|       pointer|
|rb_235_ap_vld     |  out|    1|      ap_vld|             rb_235|       pointer|
|rb_236            |  out|    8|      ap_vld|             rb_236|       pointer|
|rb_236_ap_vld     |  out|    1|      ap_vld|             rb_236|       pointer|
|rb_237            |  out|    8|      ap_vld|             rb_237|       pointer|
|rb_237_ap_vld     |  out|    1|      ap_vld|             rb_237|       pointer|
|rb_238            |  out|    8|      ap_vld|             rb_238|       pointer|
|rb_238_ap_vld     |  out|    1|      ap_vld|             rb_238|       pointer|
|rb_239            |  out|    8|      ap_vld|             rb_239|       pointer|
|rb_239_ap_vld     |  out|    1|      ap_vld|             rb_239|       pointer|
|rb_240            |  out|    8|      ap_vld|             rb_240|       pointer|
|rb_240_ap_vld     |  out|    1|      ap_vld|             rb_240|       pointer|
|rb_241            |  out|    8|      ap_vld|             rb_241|       pointer|
|rb_241_ap_vld     |  out|    1|      ap_vld|             rb_241|       pointer|
|rb_242            |  out|    8|      ap_vld|             rb_242|       pointer|
|rb_242_ap_vld     |  out|    1|      ap_vld|             rb_242|       pointer|
|rb_243            |  out|    8|      ap_vld|             rb_243|       pointer|
|rb_243_ap_vld     |  out|    1|      ap_vld|             rb_243|       pointer|
|rb_244            |  out|    8|      ap_vld|             rb_244|       pointer|
|rb_244_ap_vld     |  out|    1|      ap_vld|             rb_244|       pointer|
|rb_245            |  out|    8|      ap_vld|             rb_245|       pointer|
|rb_245_ap_vld     |  out|    1|      ap_vld|             rb_245|       pointer|
|rb_246            |  out|    8|      ap_vld|             rb_246|       pointer|
|rb_246_ap_vld     |  out|    1|      ap_vld|             rb_246|       pointer|
|rb_247            |  out|    8|      ap_vld|             rb_247|       pointer|
|rb_247_ap_vld     |  out|    1|      ap_vld|             rb_247|       pointer|
|rb_248            |  out|    8|      ap_vld|             rb_248|       pointer|
|rb_248_ap_vld     |  out|    1|      ap_vld|             rb_248|       pointer|
|rb_249            |  out|    8|      ap_vld|             rb_249|       pointer|
|rb_249_ap_vld     |  out|    1|      ap_vld|             rb_249|       pointer|
|rb_250            |  out|    8|      ap_vld|             rb_250|       pointer|
|rb_250_ap_vld     |  out|    1|      ap_vld|             rb_250|       pointer|
|rb_251            |  out|    8|      ap_vld|             rb_251|       pointer|
|rb_251_ap_vld     |  out|    1|      ap_vld|             rb_251|       pointer|
|rb_252            |  out|    8|      ap_vld|             rb_252|       pointer|
|rb_252_ap_vld     |  out|    1|      ap_vld|             rb_252|       pointer|
|rb_253            |  out|    8|      ap_vld|             rb_253|       pointer|
|rb_253_ap_vld     |  out|    1|      ap_vld|             rb_253|       pointer|
|rb_254            |  out|    8|      ap_vld|             rb_254|       pointer|
|rb_254_ap_vld     |  out|    1|      ap_vld|             rb_254|       pointer|
|rb_255            |  out|    8|      ap_vld|             rb_255|       pointer|
|rb_255_ap_vld     |  out|    1|      ap_vld|             rb_255|       pointer|
|rb_256            |  out|    8|      ap_vld|             rb_256|       pointer|
|rb_256_ap_vld     |  out|    1|      ap_vld|             rb_256|       pointer|
|rb_257            |  out|    8|      ap_vld|             rb_257|       pointer|
|rb_257_ap_vld     |  out|    1|      ap_vld|             rb_257|       pointer|
|rb_258            |  out|    8|      ap_vld|             rb_258|       pointer|
|rb_258_ap_vld     |  out|    1|      ap_vld|             rb_258|       pointer|
|rb_259            |  out|    8|      ap_vld|             rb_259|       pointer|
|rb_259_ap_vld     |  out|    1|      ap_vld|             rb_259|       pointer|
|rb_260            |  out|    8|      ap_vld|             rb_260|       pointer|
|rb_260_ap_vld     |  out|    1|      ap_vld|             rb_260|       pointer|
|rb_261            |  out|    8|      ap_vld|             rb_261|       pointer|
|rb_261_ap_vld     |  out|    1|      ap_vld|             rb_261|       pointer|
|rb_262            |  out|    8|      ap_vld|             rb_262|       pointer|
|rb_262_ap_vld     |  out|    1|      ap_vld|             rb_262|       pointer|
|rb_263            |  out|    8|      ap_vld|             rb_263|       pointer|
|rb_263_ap_vld     |  out|    1|      ap_vld|             rb_263|       pointer|
|rb_264            |  out|    8|      ap_vld|             rb_264|       pointer|
|rb_264_ap_vld     |  out|    1|      ap_vld|             rb_264|       pointer|
|rb_265            |  out|    8|      ap_vld|             rb_265|       pointer|
|rb_265_ap_vld     |  out|    1|      ap_vld|             rb_265|       pointer|
|rb_266            |  out|    8|      ap_vld|             rb_266|       pointer|
|rb_266_ap_vld     |  out|    1|      ap_vld|             rb_266|       pointer|
|rb_267            |  out|    8|      ap_vld|             rb_267|       pointer|
|rb_267_ap_vld     |  out|    1|      ap_vld|             rb_267|       pointer|
|rb_268            |  out|    8|      ap_vld|             rb_268|       pointer|
|rb_268_ap_vld     |  out|    1|      ap_vld|             rb_268|       pointer|
|rb_269            |  out|    8|      ap_vld|             rb_269|       pointer|
|rb_269_ap_vld     |  out|    1|      ap_vld|             rb_269|       pointer|
|rb_270            |  out|    8|      ap_vld|             rb_270|       pointer|
|rb_270_ap_vld     |  out|    1|      ap_vld|             rb_270|       pointer|
|rb_271            |  out|    8|      ap_vld|             rb_271|       pointer|
|rb_271_ap_vld     |  out|    1|      ap_vld|             rb_271|       pointer|
|rb_272            |  out|    8|      ap_vld|             rb_272|       pointer|
|rb_272_ap_vld     |  out|    1|      ap_vld|             rb_272|       pointer|
|rb_273            |  out|    8|      ap_vld|             rb_273|       pointer|
|rb_273_ap_vld     |  out|    1|      ap_vld|             rb_273|       pointer|
|rb_274            |  out|    8|      ap_vld|             rb_274|       pointer|
|rb_274_ap_vld     |  out|    1|      ap_vld|             rb_274|       pointer|
|rb_275            |  out|    8|      ap_vld|             rb_275|       pointer|
|rb_275_ap_vld     |  out|    1|      ap_vld|             rb_275|       pointer|
|rb_276            |  out|    8|      ap_vld|             rb_276|       pointer|
|rb_276_ap_vld     |  out|    1|      ap_vld|             rb_276|       pointer|
|rb_277            |  out|    8|      ap_vld|             rb_277|       pointer|
|rb_277_ap_vld     |  out|    1|      ap_vld|             rb_277|       pointer|
|rb_278            |  out|    8|      ap_vld|             rb_278|       pointer|
|rb_278_ap_vld     |  out|    1|      ap_vld|             rb_278|       pointer|
|rb_279            |  out|    8|      ap_vld|             rb_279|       pointer|
|rb_279_ap_vld     |  out|    1|      ap_vld|             rb_279|       pointer|
|rb_280            |  out|    8|      ap_vld|             rb_280|       pointer|
|rb_280_ap_vld     |  out|    1|      ap_vld|             rb_280|       pointer|
|rb_281            |  out|    8|      ap_vld|             rb_281|       pointer|
|rb_281_ap_vld     |  out|    1|      ap_vld|             rb_281|       pointer|
|rb_282            |  out|    8|      ap_vld|             rb_282|       pointer|
|rb_282_ap_vld     |  out|    1|      ap_vld|             rb_282|       pointer|
|rb_283            |  out|    8|      ap_vld|             rb_283|       pointer|
|rb_283_ap_vld     |  out|    1|      ap_vld|             rb_283|       pointer|
|rb_284            |  out|    8|      ap_vld|             rb_284|       pointer|
|rb_284_ap_vld     |  out|    1|      ap_vld|             rb_284|       pointer|
|rb_285            |  out|    8|      ap_vld|             rb_285|       pointer|
|rb_285_ap_vld     |  out|    1|      ap_vld|             rb_285|       pointer|
|rb_286            |  out|    8|      ap_vld|             rb_286|       pointer|
|rb_286_ap_vld     |  out|    1|      ap_vld|             rb_286|       pointer|
|rb_287            |  out|    8|      ap_vld|             rb_287|       pointer|
|rb_287_ap_vld     |  out|    1|      ap_vld|             rb_287|       pointer|
|rb_288            |  out|    8|      ap_vld|             rb_288|       pointer|
|rb_288_ap_vld     |  out|    1|      ap_vld|             rb_288|       pointer|
|rb_289            |  out|    8|      ap_vld|             rb_289|       pointer|
|rb_289_ap_vld     |  out|    1|      ap_vld|             rb_289|       pointer|
|rb_290            |  out|    8|      ap_vld|             rb_290|       pointer|
|rb_290_ap_vld     |  out|    1|      ap_vld|             rb_290|       pointer|
|rb_291            |  out|    8|      ap_vld|             rb_291|       pointer|
|rb_291_ap_vld     |  out|    1|      ap_vld|             rb_291|       pointer|
|rb_292            |  out|    8|      ap_vld|             rb_292|       pointer|
|rb_292_ap_vld     |  out|    1|      ap_vld|             rb_292|       pointer|
|rb_293            |  out|    8|      ap_vld|             rb_293|       pointer|
|rb_293_ap_vld     |  out|    1|      ap_vld|             rb_293|       pointer|
|rb_294            |  out|    8|      ap_vld|             rb_294|       pointer|
|rb_294_ap_vld     |  out|    1|      ap_vld|             rb_294|       pointer|
|rb_295            |  out|    8|      ap_vld|             rb_295|       pointer|
|rb_295_ap_vld     |  out|    1|      ap_vld|             rb_295|       pointer|
|rb_296            |  out|    8|      ap_vld|             rb_296|       pointer|
|rb_296_ap_vld     |  out|    1|      ap_vld|             rb_296|       pointer|
|rb_297            |  out|    8|      ap_vld|             rb_297|       pointer|
|rb_297_ap_vld     |  out|    1|      ap_vld|             rb_297|       pointer|
|rb_298            |  out|    8|      ap_vld|             rb_298|       pointer|
|rb_298_ap_vld     |  out|    1|      ap_vld|             rb_298|       pointer|
|rb_299            |  out|    8|      ap_vld|             rb_299|       pointer|
|rb_299_ap_vld     |  out|    1|      ap_vld|             rb_299|       pointer|
|rb_300            |  out|    8|      ap_vld|             rb_300|       pointer|
|rb_300_ap_vld     |  out|    1|      ap_vld|             rb_300|       pointer|
|rb_301            |  out|    8|      ap_vld|             rb_301|       pointer|
|rb_301_ap_vld     |  out|    1|      ap_vld|             rb_301|       pointer|
|rb_302            |  out|    8|      ap_vld|             rb_302|       pointer|
|rb_302_ap_vld     |  out|    1|      ap_vld|             rb_302|       pointer|
|rb_303            |  out|    8|      ap_vld|             rb_303|       pointer|
|rb_303_ap_vld     |  out|    1|      ap_vld|             rb_303|       pointer|
|rb_304            |  out|    8|      ap_vld|             rb_304|       pointer|
|rb_304_ap_vld     |  out|    1|      ap_vld|             rb_304|       pointer|
|rb_305            |  out|    8|      ap_vld|             rb_305|       pointer|
|rb_305_ap_vld     |  out|    1|      ap_vld|             rb_305|       pointer|
|rb_306            |  out|    8|      ap_vld|             rb_306|       pointer|
|rb_306_ap_vld     |  out|    1|      ap_vld|             rb_306|       pointer|
|rb_307            |  out|    8|      ap_vld|             rb_307|       pointer|
|rb_307_ap_vld     |  out|    1|      ap_vld|             rb_307|       pointer|
|rb_308            |  out|    8|      ap_vld|             rb_308|       pointer|
|rb_308_ap_vld     |  out|    1|      ap_vld|             rb_308|       pointer|
|rb_309            |  out|    8|      ap_vld|             rb_309|       pointer|
|rb_309_ap_vld     |  out|    1|      ap_vld|             rb_309|       pointer|
|rb_310            |  out|    8|      ap_vld|             rb_310|       pointer|
|rb_310_ap_vld     |  out|    1|      ap_vld|             rb_310|       pointer|
|rb_311            |  out|    8|      ap_vld|             rb_311|       pointer|
|rb_311_ap_vld     |  out|    1|      ap_vld|             rb_311|       pointer|
|rb_312            |  out|    8|      ap_vld|             rb_312|       pointer|
|rb_312_ap_vld     |  out|    1|      ap_vld|             rb_312|       pointer|
|rb_313            |  out|    8|      ap_vld|             rb_313|       pointer|
|rb_313_ap_vld     |  out|    1|      ap_vld|             rb_313|       pointer|
|rb_314            |  out|    8|      ap_vld|             rb_314|       pointer|
|rb_314_ap_vld     |  out|    1|      ap_vld|             rb_314|       pointer|
|rb_315            |  out|    8|      ap_vld|             rb_315|       pointer|
|rb_315_ap_vld     |  out|    1|      ap_vld|             rb_315|       pointer|
|rb_316            |  out|    8|      ap_vld|             rb_316|       pointer|
|rb_316_ap_vld     |  out|    1|      ap_vld|             rb_316|       pointer|
|rb_317            |  out|    8|      ap_vld|             rb_317|       pointer|
|rb_317_ap_vld     |  out|    1|      ap_vld|             rb_317|       pointer|
|rb_318            |  out|    8|      ap_vld|             rb_318|       pointer|
|rb_318_ap_vld     |  out|    1|      ap_vld|             rb_318|       pointer|
|rb_319            |  out|    8|      ap_vld|             rb_319|       pointer|
|rb_319_ap_vld     |  out|    1|      ap_vld|             rb_319|       pointer|
|rb_320            |  out|    8|      ap_vld|             rb_320|       pointer|
|rb_320_ap_vld     |  out|    1|      ap_vld|             rb_320|       pointer|
|rb_321            |  out|    8|      ap_vld|             rb_321|       pointer|
|rb_321_ap_vld     |  out|    1|      ap_vld|             rb_321|       pointer|
|rb_322            |  out|    8|      ap_vld|             rb_322|       pointer|
|rb_322_ap_vld     |  out|    1|      ap_vld|             rb_322|       pointer|
|rb_323            |  out|    8|      ap_vld|             rb_323|       pointer|
|rb_323_ap_vld     |  out|    1|      ap_vld|             rb_323|       pointer|
|rb_324            |  out|    8|      ap_vld|             rb_324|       pointer|
|rb_324_ap_vld     |  out|    1|      ap_vld|             rb_324|       pointer|
|rb_325            |  out|    8|      ap_vld|             rb_325|       pointer|
|rb_325_ap_vld     |  out|    1|      ap_vld|             rb_325|       pointer|
|rb_326            |  out|    8|      ap_vld|             rb_326|       pointer|
|rb_326_ap_vld     |  out|    1|      ap_vld|             rb_326|       pointer|
|rb_327            |  out|    8|      ap_vld|             rb_327|       pointer|
|rb_327_ap_vld     |  out|    1|      ap_vld|             rb_327|       pointer|
|rb_328            |  out|    8|      ap_vld|             rb_328|       pointer|
|rb_328_ap_vld     |  out|    1|      ap_vld|             rb_328|       pointer|
|rb_329            |  out|    8|      ap_vld|             rb_329|       pointer|
|rb_329_ap_vld     |  out|    1|      ap_vld|             rb_329|       pointer|
|rb_330            |  out|    8|      ap_vld|             rb_330|       pointer|
|rb_330_ap_vld     |  out|    1|      ap_vld|             rb_330|       pointer|
|rb_331            |  out|    8|      ap_vld|             rb_331|       pointer|
|rb_331_ap_vld     |  out|    1|      ap_vld|             rb_331|       pointer|
|rb_332            |  out|    8|      ap_vld|             rb_332|       pointer|
|rb_332_ap_vld     |  out|    1|      ap_vld|             rb_332|       pointer|
|rb_333            |  out|    8|      ap_vld|             rb_333|       pointer|
|rb_333_ap_vld     |  out|    1|      ap_vld|             rb_333|       pointer|
|rb_334            |  out|    8|      ap_vld|             rb_334|       pointer|
|rb_334_ap_vld     |  out|    1|      ap_vld|             rb_334|       pointer|
|rb_335            |  out|    8|      ap_vld|             rb_335|       pointer|
|rb_335_ap_vld     |  out|    1|      ap_vld|             rb_335|       pointer|
|rb_336            |  out|    8|      ap_vld|             rb_336|       pointer|
|rb_336_ap_vld     |  out|    1|      ap_vld|             rb_336|       pointer|
|rb_337            |  out|    8|      ap_vld|             rb_337|       pointer|
|rb_337_ap_vld     |  out|    1|      ap_vld|             rb_337|       pointer|
|rb_338            |  out|    8|      ap_vld|             rb_338|       pointer|
|rb_338_ap_vld     |  out|    1|      ap_vld|             rb_338|       pointer|
|rb_339            |  out|    8|      ap_vld|             rb_339|       pointer|
|rb_339_ap_vld     |  out|    1|      ap_vld|             rb_339|       pointer|
|rb_340            |  out|    8|      ap_vld|             rb_340|       pointer|
|rb_340_ap_vld     |  out|    1|      ap_vld|             rb_340|       pointer|
|rb_341            |  out|    8|      ap_vld|             rb_341|       pointer|
|rb_341_ap_vld     |  out|    1|      ap_vld|             rb_341|       pointer|
|rb_342            |  out|    8|      ap_vld|             rb_342|       pointer|
|rb_342_ap_vld     |  out|    1|      ap_vld|             rb_342|       pointer|
|rb_343            |  out|    8|      ap_vld|             rb_343|       pointer|
|rb_343_ap_vld     |  out|    1|      ap_vld|             rb_343|       pointer|
|rb_344            |  out|    8|      ap_vld|             rb_344|       pointer|
|rb_344_ap_vld     |  out|    1|      ap_vld|             rb_344|       pointer|
|rb_345            |  out|    8|      ap_vld|             rb_345|       pointer|
|rb_345_ap_vld     |  out|    1|      ap_vld|             rb_345|       pointer|
|rb_346            |  out|    8|      ap_vld|             rb_346|       pointer|
|rb_346_ap_vld     |  out|    1|      ap_vld|             rb_346|       pointer|
|rb_347            |  out|    8|      ap_vld|             rb_347|       pointer|
|rb_347_ap_vld     |  out|    1|      ap_vld|             rb_347|       pointer|
|rb_348            |  out|    8|      ap_vld|             rb_348|       pointer|
|rb_348_ap_vld     |  out|    1|      ap_vld|             rb_348|       pointer|
|rb_349            |  out|    8|      ap_vld|             rb_349|       pointer|
|rb_349_ap_vld     |  out|    1|      ap_vld|             rb_349|       pointer|
|rb_350            |  out|    8|      ap_vld|             rb_350|       pointer|
|rb_350_ap_vld     |  out|    1|      ap_vld|             rb_350|       pointer|
|rb_351            |  out|    8|      ap_vld|             rb_351|       pointer|
|rb_351_ap_vld     |  out|    1|      ap_vld|             rb_351|       pointer|
|rb_352            |  out|    8|      ap_vld|             rb_352|       pointer|
|rb_352_ap_vld     |  out|    1|      ap_vld|             rb_352|       pointer|
|rb_353            |  out|    8|      ap_vld|             rb_353|       pointer|
|rb_353_ap_vld     |  out|    1|      ap_vld|             rb_353|       pointer|
|rb_354            |  out|    8|      ap_vld|             rb_354|       pointer|
|rb_354_ap_vld     |  out|    1|      ap_vld|             rb_354|       pointer|
|rb_355            |  out|    8|      ap_vld|             rb_355|       pointer|
|rb_355_ap_vld     |  out|    1|      ap_vld|             rb_355|       pointer|
|rb_356            |  out|    8|      ap_vld|             rb_356|       pointer|
|rb_356_ap_vld     |  out|    1|      ap_vld|             rb_356|       pointer|
|rb_357            |  out|    8|      ap_vld|             rb_357|       pointer|
|rb_357_ap_vld     |  out|    1|      ap_vld|             rb_357|       pointer|
|rb_358            |  out|    8|      ap_vld|             rb_358|       pointer|
|rb_358_ap_vld     |  out|    1|      ap_vld|             rb_358|       pointer|
|rb_359            |  out|    8|      ap_vld|             rb_359|       pointer|
|rb_359_ap_vld     |  out|    1|      ap_vld|             rb_359|       pointer|
|rb_360            |  out|    8|      ap_vld|             rb_360|       pointer|
|rb_360_ap_vld     |  out|    1|      ap_vld|             rb_360|       pointer|
|rb_361            |  out|    8|      ap_vld|             rb_361|       pointer|
|rb_361_ap_vld     |  out|    1|      ap_vld|             rb_361|       pointer|
|rb_362            |  out|    8|      ap_vld|             rb_362|       pointer|
|rb_362_ap_vld     |  out|    1|      ap_vld|             rb_362|       pointer|
|rb_363            |  out|    8|      ap_vld|             rb_363|       pointer|
|rb_363_ap_vld     |  out|    1|      ap_vld|             rb_363|       pointer|
|rb_364            |  out|    8|      ap_vld|             rb_364|       pointer|
|rb_364_ap_vld     |  out|    1|      ap_vld|             rb_364|       pointer|
|rb_365            |  out|    8|      ap_vld|             rb_365|       pointer|
|rb_365_ap_vld     |  out|    1|      ap_vld|             rb_365|       pointer|
|rb_366            |  out|    8|      ap_vld|             rb_366|       pointer|
|rb_366_ap_vld     |  out|    1|      ap_vld|             rb_366|       pointer|
|rb_367            |  out|    8|      ap_vld|             rb_367|       pointer|
|rb_367_ap_vld     |  out|    1|      ap_vld|             rb_367|       pointer|
|rb_368            |  out|    8|      ap_vld|             rb_368|       pointer|
|rb_368_ap_vld     |  out|    1|      ap_vld|             rb_368|       pointer|
|rb_369            |  out|    8|      ap_vld|             rb_369|       pointer|
|rb_369_ap_vld     |  out|    1|      ap_vld|             rb_369|       pointer|
|rb_370            |  out|    8|      ap_vld|             rb_370|       pointer|
|rb_370_ap_vld     |  out|    1|      ap_vld|             rb_370|       pointer|
|rb_371            |  out|    8|      ap_vld|             rb_371|       pointer|
|rb_371_ap_vld     |  out|    1|      ap_vld|             rb_371|       pointer|
|rb_372            |  out|    8|      ap_vld|             rb_372|       pointer|
|rb_372_ap_vld     |  out|    1|      ap_vld|             rb_372|       pointer|
|rb_373            |  out|    8|      ap_vld|             rb_373|       pointer|
|rb_373_ap_vld     |  out|    1|      ap_vld|             rb_373|       pointer|
|rb_374            |  out|    8|      ap_vld|             rb_374|       pointer|
|rb_374_ap_vld     |  out|    1|      ap_vld|             rb_374|       pointer|
|rb_375            |  out|    8|      ap_vld|             rb_375|       pointer|
|rb_375_ap_vld     |  out|    1|      ap_vld|             rb_375|       pointer|
|rb_376            |  out|    8|      ap_vld|             rb_376|       pointer|
|rb_376_ap_vld     |  out|    1|      ap_vld|             rb_376|       pointer|
|rb_377            |  out|    8|      ap_vld|             rb_377|       pointer|
|rb_377_ap_vld     |  out|    1|      ap_vld|             rb_377|       pointer|
|rb_378            |  out|    8|      ap_vld|             rb_378|       pointer|
|rb_378_ap_vld     |  out|    1|      ap_vld|             rb_378|       pointer|
|rb_379            |  out|    8|      ap_vld|             rb_379|       pointer|
|rb_379_ap_vld     |  out|    1|      ap_vld|             rb_379|       pointer|
|rb_380            |  out|    8|      ap_vld|             rb_380|       pointer|
|rb_380_ap_vld     |  out|    1|      ap_vld|             rb_380|       pointer|
|rb_381            |  out|    8|      ap_vld|             rb_381|       pointer|
|rb_381_ap_vld     |  out|    1|      ap_vld|             rb_381|       pointer|
|rb_382            |  out|    8|      ap_vld|             rb_382|       pointer|
|rb_382_ap_vld     |  out|    1|      ap_vld|             rb_382|       pointer|
|rb_383            |  out|    8|      ap_vld|             rb_383|       pointer|
|rb_383_ap_vld     |  out|    1|      ap_vld|             rb_383|       pointer|
|rb_384            |  out|    8|      ap_vld|             rb_384|       pointer|
|rb_384_ap_vld     |  out|    1|      ap_vld|             rb_384|       pointer|
|rb_385            |  out|    8|      ap_vld|             rb_385|       pointer|
|rb_385_ap_vld     |  out|    1|      ap_vld|             rb_385|       pointer|
|rb_386            |  out|    8|      ap_vld|             rb_386|       pointer|
|rb_386_ap_vld     |  out|    1|      ap_vld|             rb_386|       pointer|
|rb_387            |  out|    8|      ap_vld|             rb_387|       pointer|
|rb_387_ap_vld     |  out|    1|      ap_vld|             rb_387|       pointer|
|rb_388            |  out|    8|      ap_vld|             rb_388|       pointer|
|rb_388_ap_vld     |  out|    1|      ap_vld|             rb_388|       pointer|
|rb_389            |  out|    8|      ap_vld|             rb_389|       pointer|
|rb_389_ap_vld     |  out|    1|      ap_vld|             rb_389|       pointer|
|rb_390            |  out|    8|      ap_vld|             rb_390|       pointer|
|rb_390_ap_vld     |  out|    1|      ap_vld|             rb_390|       pointer|
|rb_391            |  out|    8|      ap_vld|             rb_391|       pointer|
|rb_391_ap_vld     |  out|    1|      ap_vld|             rb_391|       pointer|
|rb_392            |  out|    8|      ap_vld|             rb_392|       pointer|
|rb_392_ap_vld     |  out|    1|      ap_vld|             rb_392|       pointer|
|rb_393            |  out|    8|      ap_vld|             rb_393|       pointer|
|rb_393_ap_vld     |  out|    1|      ap_vld|             rb_393|       pointer|
|rb_394            |  out|    8|      ap_vld|             rb_394|       pointer|
|rb_394_ap_vld     |  out|    1|      ap_vld|             rb_394|       pointer|
|rb_395            |  out|    8|      ap_vld|             rb_395|       pointer|
|rb_395_ap_vld     |  out|    1|      ap_vld|             rb_395|       pointer|
|rb_396            |  out|    8|      ap_vld|             rb_396|       pointer|
|rb_396_ap_vld     |  out|    1|      ap_vld|             rb_396|       pointer|
|rb_397            |  out|    8|      ap_vld|             rb_397|       pointer|
|rb_397_ap_vld     |  out|    1|      ap_vld|             rb_397|       pointer|
|rb_398            |  out|    8|      ap_vld|             rb_398|       pointer|
|rb_398_ap_vld     |  out|    1|      ap_vld|             rb_398|       pointer|
|rb_399            |  out|    8|      ap_vld|             rb_399|       pointer|
|rb_399_ap_vld     |  out|    1|      ap_vld|             rb_399|       pointer|
|rb_400            |  out|    8|      ap_vld|             rb_400|       pointer|
|rb_400_ap_vld     |  out|    1|      ap_vld|             rb_400|       pointer|
|rb_401            |  out|    8|      ap_vld|             rb_401|       pointer|
|rb_401_ap_vld     |  out|    1|      ap_vld|             rb_401|       pointer|
|rb_402            |  out|    8|      ap_vld|             rb_402|       pointer|
|rb_402_ap_vld     |  out|    1|      ap_vld|             rb_402|       pointer|
|rb_403            |  out|    8|      ap_vld|             rb_403|       pointer|
|rb_403_ap_vld     |  out|    1|      ap_vld|             rb_403|       pointer|
|rb_404            |  out|    8|      ap_vld|             rb_404|       pointer|
|rb_404_ap_vld     |  out|    1|      ap_vld|             rb_404|       pointer|
|rb_405            |  out|    8|      ap_vld|             rb_405|       pointer|
|rb_405_ap_vld     |  out|    1|      ap_vld|             rb_405|       pointer|
|rb_406            |  out|    8|      ap_vld|             rb_406|       pointer|
|rb_406_ap_vld     |  out|    1|      ap_vld|             rb_406|       pointer|
|rb_407            |  out|    8|      ap_vld|             rb_407|       pointer|
|rb_407_ap_vld     |  out|    1|      ap_vld|             rb_407|       pointer|
|rb_408            |  out|    8|      ap_vld|             rb_408|       pointer|
|rb_408_ap_vld     |  out|    1|      ap_vld|             rb_408|       pointer|
|rb_409            |  out|    8|      ap_vld|             rb_409|       pointer|
|rb_409_ap_vld     |  out|    1|      ap_vld|             rb_409|       pointer|
|rb_410            |  out|    8|      ap_vld|             rb_410|       pointer|
|rb_410_ap_vld     |  out|    1|      ap_vld|             rb_410|       pointer|
|rb_411            |  out|    8|      ap_vld|             rb_411|       pointer|
|rb_411_ap_vld     |  out|    1|      ap_vld|             rb_411|       pointer|
|rb_412            |  out|    8|      ap_vld|             rb_412|       pointer|
|rb_412_ap_vld     |  out|    1|      ap_vld|             rb_412|       pointer|
|rb_413            |  out|    8|      ap_vld|             rb_413|       pointer|
|rb_413_ap_vld     |  out|    1|      ap_vld|             rb_413|       pointer|
|rb_414            |  out|    8|      ap_vld|             rb_414|       pointer|
|rb_414_ap_vld     |  out|    1|      ap_vld|             rb_414|       pointer|
|rb_415            |  out|    8|      ap_vld|             rb_415|       pointer|
|rb_415_ap_vld     |  out|    1|      ap_vld|             rb_415|       pointer|
|rb_416            |  out|    8|      ap_vld|             rb_416|       pointer|
|rb_416_ap_vld     |  out|    1|      ap_vld|             rb_416|       pointer|
|rb_417            |  out|    8|      ap_vld|             rb_417|       pointer|
|rb_417_ap_vld     |  out|    1|      ap_vld|             rb_417|       pointer|
|rb_418            |  out|    8|      ap_vld|             rb_418|       pointer|
|rb_418_ap_vld     |  out|    1|      ap_vld|             rb_418|       pointer|
|rb_419            |  out|    8|      ap_vld|             rb_419|       pointer|
|rb_419_ap_vld     |  out|    1|      ap_vld|             rb_419|       pointer|
+------------------+-----+-----+------------+-------------------+--------------+

