

================================================================
== Vitis HLS Report for 'mac_blocks_down_q6k5'
================================================================
* Date:           Sun Apr  5 16:07:12 2026

* Version:        2025.1 (Build 6135595 on May 21 2025)
* Project:        swiglu
* Solution:       hls (Vivado IP Flow Target)
* Product family: zynquplus
* Target device:  xck26-sfvc784-2LV-c


================================================================
== Performance Estimates
================================================================
+ Timing: 
    * Summary: 
    +--------+---------+----------+------------+
    |  Clock |  Target | Estimated| Uncertainty|
    +--------+---------+----------+------------+
    |ap_clk  |  3.33 ns|  2.431 ns|     0.90 ns|
    +--------+---------+----------+------------+

+ Latency: 
    * Summary: 
    +---------+---------+----------+----------+------+------+---------+
    |  Latency (cycles) |  Latency (absolute) |   Interval  | Pipeline|
    |   min   |   max   |    min   |    max   |  min |  max |   Type  |
    +---------+---------+----------+----------+------+------+---------+
    |     2283|     2283|  7.609 us|  7.609 us|  2283|  2283|       no|
    +---------+---------+----------+----------+------+------+---------+

    + Detail: 
        * Instance: 
        +-----------------------------------------------------------+------------------------------------------------+---------+---------+-----------+-----------+-----+-----+------------------------------------------------+
        |                                                           |                                                |  Latency (cycles) |   Latency (absolute)  |  Interval |                    Pipeline                    |
        |                          Instance                         |                     Module                     |   min   |   max   |    min    |    max    | min | max |                      Type                      |
        +-----------------------------------------------------------+------------------------------------------------+---------+---------+-----------+-----------+-----+-----+------------------------------------------------+
        |grp_mac_blocks_down_q6k5_Pipeline_Q6K_MAC_GROUP_fu_842     |mac_blocks_down_q6k5_Pipeline_Q6K_MAC_GROUP     |      264|      264|   0.880 us|   0.880 us|  257|  257|  loop auto-rewind stp (delay=0 clock cycles(s))|
        |grp_mac_blocks_down_q6k5_Pipeline_VITIS_LOOP_614_4_fu_933  |mac_blocks_down_q6k5_Pipeline_VITIS_LOOP_614_4  |       15|       15|  49.995 ns|  49.995 ns|    5|    5|  loop auto-rewind stp (delay=0 clock cycles(s))|
        +-----------------------------------------------------------+------------------------------------------------+---------+---------+-----------+-----------+-----+-----+------------------------------------------------+

        * Loop: 
        +--------------------+---------+---------+----------+-----------+-----------+------+----------+
        |                    |  Latency (cycles) | Iteration|  Initiation Interval  | Trip |          |
        |      Loop Name     |   min   |   max   |  Latency |  achieved |   target  | Count| Pipelined|
        +--------------------+---------+---------+----------+-----------+-----------+------+----------+
        |- VITIS_LOOP_576_1  |     2272|     2272|       284|          -|          -|     8|        no|
        +--------------------+---------+---------+----------+-----------+-----------+------+----------+



================================================================
== Utilization Estimates
================================================================
* Summary: 
+-----------------+---------+------+--------+--------+-----+
|       Name      | BRAM_18K|  DSP |   FF   |   LUT  | URAM|
+-----------------+---------+------+--------+--------+-----+
|DSP              |        -|     -|       -|       -|    -|
|Expression       |        -|     -|       0|    1100|    -|
|FIFO             |        -|     -|       -|       -|    -|
|Instance         |        -|    13|    4717|    4515|    -|
|Memory           |        -|     -|       -|       -|    -|
|Multiplexer      |        -|     -|       0|     108|    -|
|Register         |        -|     -|    1034|       -|    -|
+-----------------+---------+------+--------+--------+-----+
|Total            |        0|    13|    5751|    5723|    0|
+-----------------+---------+------+--------+--------+-----+
|Available        |      288|  1248|  234240|  117120|   64|
+-----------------+---------+------+--------+--------+-----+
|Utilization (%)  |        0|     1|       2|       4|    0|
+-----------------+---------+------+--------+--------+-----+

+ Detail: 
    * Instance: 
    +-----------------------------------------------------------+------------------------------------------------+---------+----+------+------+-----+
    |                          Instance                         |                     Module                     | BRAM_18K| DSP|  FF  |  LUT | URAM|
    +-----------------------------------------------------------+------------------------------------------------+---------+----+------+------+-----+
    |bitselect_1ns_56ns_6ns_1_1_1_U2255                         |bitselect_1ns_56ns_6ns_1_1_1                    |        0|   0|     0|    17|    0|
    |ctlz_56_56_1_1_U2254                                       |ctlz_56_56_1_1                                  |        0|   0|     0|    80|    0|
    |fmul_32ns_32ns_32_7_max_dsp_1_U2249                        |fmul_32ns_32ns_32_7_max_dsp_1                   |        0|   3|   197|   123|    0|
    |grp_mac_blocks_down_q6k5_Pipeline_Q6K_MAC_GROUP_fu_842     |mac_blocks_down_q6k5_Pipeline_Q6K_MAC_GROUP     |        0|   4|  3436|  2572|    0|
    |grp_mac_blocks_down_q6k5_Pipeline_VITIS_LOOP_614_4_fu_933  |mac_blocks_down_q6k5_Pipeline_VITIS_LOOP_614_4  |        0|   6|  1084|  1551|    0|
    |sparsemux_17_3_128_1_1_U2250                               |sparsemux_17_3_128_1_1                          |        0|   0|     0|    43|    0|
    |sparsemux_17_3_128_1_1_U2251                               |sparsemux_17_3_128_1_1                          |        0|   0|     0|    43|    0|
    |sparsemux_17_3_128_1_1_U2252                               |sparsemux_17_3_128_1_1                          |        0|   0|     0|    43|    0|
    |sparsemux_17_3_128_1_1_U2253                               |sparsemux_17_3_128_1_1                          |        0|   0|     0|    43|    0|
    +-----------------------------------------------------------+------------------------------------------------+---------+----+------+------+-----+
    |Total                                                      |                                                |        0|  13|  4717|  4515|    0|
    +-----------------------------------------------------------+------------------------------------------------+---------+----+------+------+-----+

    * DSP: 
    N/A

    * Memory: 
    N/A

    * FIFO: 
    N/A

    * Expression: 
    +---------------------------+----------+----+---+-----+------------+------------+
    |       Variable Name       | Operation| DSP| FF| LUT | Bitwidth P0| Bitwidth P1|
    +---------------------------+----------+----+---+-----+------------+------------+
    |add_ln576_fu_1032_p2       |         +|   0|  0|   12|           4|           1|
    |add_ln624_1_fu_1526_p2     |         +|   0|  0|   13|           6|           6|
    |add_ln624_2_fu_1574_p2     |         +|   0|  0|   64|          57|          57|
    |add_ln624_3_fu_1619_p2     |         +|   0|  0|   15|           8|           8|
    |add_ln624_fu_1435_p2       |         +|   0|  0|   14|           7|           6|
    |sub_ln624_1_fu_1420_p2     |         -|   0|  0|   13|           5|           6|
    |sub_ln624_2_fu_1544_p2     |         -|   0|  0|   13|           5|           6|
    |sub_ln624_3_fu_1610_p2     |         -|   0|  0|   14|           6|           7|
    |sub_ln624_4_fu_1426_p2     |         -|   0|  0|   13|           5|           6|
    |sub_ln624_fu_1228_p2       |         -|   0|  0|   63|           1|          56|
    |pi_assign_fu_1632_p5       |      1003|   0|  0|    2|          64|           9|
    |and_ln624_fu_1470_p2       |       and|   0|  0|   56|          56|          56|
    |phi_ln624_1_fu_1508_p2     |       and|   0|  0|    2|           1|           1|
    |phi_ln624_fu_1481_p2       |       and|   0|  0|    2|           1|           1|
    |icmp_ln576_fu_1026_p2      |      icmp|   0|  0|   12|           4|           5|
    |icmp_ln624_1_fu_1455_p2    |      icmp|   0|  0|   13|           6|           1|
    |icmp_ln624_2_fu_1475_p2    |      icmp|   0|  0|   63|          56|           1|
    |icmp_ln624_3_fu_1520_p2    |      icmp|   0|  0|   14|           7|           1|
    |icmp_ln624_fu_1214_p2      |      icmp|   0|  0|   63|          56|           1|
    |lshr_ln624_2_fu_1464_p2    |      lshr|   0|  0|  162|           2|          56|
    |lshr_ln624_fu_1539_p2      |      lshr|   0|  0|  162|          56|          56|
    |or_ln624_fu_1514_p2        |        or|   0|  0|    2|           1|           1|
    |cond49_i_i_in_fu_1562_p3   |    select|   0|  0|   55|           1|          56|
    |retval_0_i_i_fu_1652_p3    |    select|   0|  0|   32|           1|           1|
    |select_ln624_1_fu_1602_p3  |    select|   0|  0|    7|           1|           7|
    |select_ln624_fu_1234_p3    |    select|   0|  0|   55|           1|          56|
    |shl_ln624_fu_1557_p2       |       shl|   0|  0|  162|          56|          56|
    |xor_ln624_fu_1495_p2       |       xor|   0|  0|    2|           1|           2|
    +---------------------------+----------+----+---+-----+------------+------------+
    |Total                      |          |   0|  0| 1100|         475|         526|
    +---------------------------+----------+----+---+-----+------------+------------+

    * Multiplexer: 
    +--------------+----+-----------+-----+-----------+
    |     Name     | LUT| Input Size| Bits| Total Bits|
    +--------------+----+-----------+-----+-----------+
    |ap_NS_fsm     |  81|         17|    1|         17|
    |ap_return     |   9|          2|   32|         64|
    |g_fu_316      |   9|          2|    4|          8|
    |total_fu_312  |   9|          2|   56|        112|
    +--------------+----+-----------+-----+-----------+
    |Total         | 108|         23|   93|        201|
    +--------------+----+-----------+-----+-----------+

    * Register: 
    +------------------------------------------------------------------------+-----+----+-----+-----------+
    |                                  Name                                  |  FF | LUT| Bits| Const Bits|
    +------------------------------------------------------------------------+-----+----+-----+-----------+
    |add_i_i14_lcssa_phi_fu_308                                              |   89|   0|   89|          0|
    |add_i_i14_lcssa_phi_load_reg_2264                                       |   89|   0|   89|          0|
    |ap_CS_fsm                                                               |   16|   0|   16|          0|
    |ap_return_preg                                                          |   32|   0|   32|          0|
    |g_fu_316                                                                |    4|   0|    4|          0|
    |grp_mac_blocks_down_q6k5_Pipeline_Q6K_MAC_GROUP_fu_842_ap_start_reg     |    1|   0|    1|          0|
    |grp_mac_blocks_down_q6k5_Pipeline_VITIS_LOOP_614_4_fu_933_ap_start_reg  |    1|   0|    1|          0|
    |icmp_ln624_3_reg_2395                                                   |    1|   0|    1|          0|
    |icmp_ln624_reg_2245                                                     |    1|   0|    1|          0|
    |lshr_ln624_reg_2400                                                     |   56|   0|   56|          0|
    |or_ln624_reg_2390                                                       |    1|   0|    1|          0|
    |retval_0_i_i_reg_2410                                                   |   32|   0|   32|          0|
    |select_ln624_reg_2255                                                   |   56|   0|   56|          0|
    |shl_ln624_reg_2405                                                      |   56|   0|   56|          0|
    |sub_ln624_1_reg_2378                                                    |    6|   0|    6|          0|
    |sub_ln624_4_reg_2385                                                    |    6|   0|    6|          0|
    |tmp_171_reg_2250                                                        |    1|   0|    1|          0|
    |tmp_65_reg_2235                                                         |  128|   0|  128|          0|
    |tmp_66_reg_2240                                                         |  128|   0|  128|          0|
    |tmp_87_reg_2215                                                         |    2|   0|    2|          0|
    |tmp_88_reg_2220                                                         |    2|   0|   10|          8|
    |tmp_90_reg_2368                                                         |    3|   0|    5|          2|
    |tmp_reg_2225                                                            |  128|   0|  128|          0|
    |tmp_s_reg_2230                                                          |  128|   0|  128|          0|
    |total_fu_312                                                            |   56|   0|   56|          0|
    |trunc_ln576_1_reg_2210                                                  |    3|   0|    3|          0|
    |trunc_ln576_reg_2205                                                    |    1|   0|    1|          0|
    |trunc_ln624_1_reg_2373                                                  |    7|   0|    7|          0|
    +------------------------------------------------------------------------+-----+----+-----+-----------+
    |Total                                                                   | 1034|   0| 1044|         10|
    +------------------------------------------------------------------------+-----+----+-----+-----------+



================================================================
== Interface
================================================================
* Summary: 
+-------------------+-----+-----+------------+----------------------+--------------+
|     RTL Ports     | Dir | Bits|  Protocol  |     Source Object    |    C Type    |
+-------------------+-----+-----+------------+----------------------+--------------+
|ap_clk             |   in|    1|  ap_ctrl_hs|  mac_blocks_down_q6k5|  return value|
|ap_rst             |   in|    1|  ap_ctrl_hs|  mac_blocks_down_q6k5|  return value|
|ap_start           |   in|    1|  ap_ctrl_hs|  mac_blocks_down_q6k5|  return value|
|ap_done            |  out|    1|  ap_ctrl_hs|  mac_blocks_down_q6k5|  return value|
|ap_idle            |  out|    1|  ap_ctrl_hs|  mac_blocks_down_q6k5|  return value|
|ap_ready           |  out|    1|  ap_ctrl_hs|  mac_blocks_down_q6k5|  return value|
|ap_return          |  out|   32|  ap_ctrl_hs|  mac_blocks_down_q6k5|  return value|
|ql_buf_0_address0  |  out|    5|   ap_memory|              ql_buf_0|         array|
|ql_buf_0_ce0       |  out|    1|   ap_memory|              ql_buf_0|         array|
|ql_buf_0_q0        |   in|  128|   ap_memory|              ql_buf_0|         array|
|ql_buf_1_address0  |  out|    5|   ap_memory|              ql_buf_1|         array|
|ql_buf_1_ce0       |  out|    1|   ap_memory|              ql_buf_1|         array|
|ql_buf_1_q0        |   in|  128|   ap_memory|              ql_buf_1|         array|
|ql_buf_2_address0  |  out|    5|   ap_memory|              ql_buf_2|         array|
|ql_buf_2_ce0       |  out|    1|   ap_memory|              ql_buf_2|         array|
|ql_buf_2_q0        |   in|  128|   ap_memory|              ql_buf_2|         array|
|ql_buf_3_address0  |  out|    5|   ap_memory|              ql_buf_3|         array|
|ql_buf_3_ce0       |  out|    1|   ap_memory|              ql_buf_3|         array|
|ql_buf_3_q0        |   in|  128|   ap_memory|              ql_buf_3|         array|
|ql_buf_4_address0  |  out|    5|   ap_memory|              ql_buf_4|         array|
|ql_buf_4_ce0       |  out|    1|   ap_memory|              ql_buf_4|         array|
|ql_buf_4_q0        |   in|  128|   ap_memory|              ql_buf_4|         array|
|ql_buf_5_address0  |  out|    5|   ap_memory|              ql_buf_5|         array|
|ql_buf_5_ce0       |  out|    1|   ap_memory|              ql_buf_5|         array|
|ql_buf_5_q0        |   in|  128|   ap_memory|              ql_buf_5|         array|
|ql_buf_6_address0  |  out|    5|   ap_memory|              ql_buf_6|         array|
|ql_buf_6_ce0       |  out|    1|   ap_memory|              ql_buf_6|         array|
|ql_buf_6_q0        |   in|  128|   ap_memory|              ql_buf_6|         array|
|ql_buf_7_address0  |  out|    5|   ap_memory|              ql_buf_7|         array|
|ql_buf_7_ce0       |  out|    1|   ap_memory|              ql_buf_7|         array|
|ql_buf_7_q0        |   in|  128|   ap_memory|              ql_buf_7|         array|
|qh_buf_0_address0  |  out|    4|   ap_memory|              qh_buf_0|         array|
|qh_buf_0_ce0       |  out|    1|   ap_memory|              qh_buf_0|         array|
|qh_buf_0_q0        |   in|  128|   ap_memory|              qh_buf_0|         array|
|qh_buf_1_address0  |  out|    4|   ap_memory|              qh_buf_1|         array|
|qh_buf_1_ce0       |  out|    1|   ap_memory|              qh_buf_1|         array|
|qh_buf_1_q0        |   in|  128|   ap_memory|              qh_buf_1|         array|
|qh_buf_2_address0  |  out|    4|   ap_memory|              qh_buf_2|         array|
|qh_buf_2_ce0       |  out|    1|   ap_memory|              qh_buf_2|         array|
|qh_buf_2_q0        |   in|  128|   ap_memory|              qh_buf_2|         array|
|qh_buf_3_address0  |  out|    4|   ap_memory|              qh_buf_3|         array|
|qh_buf_3_ce0       |  out|    1|   ap_memory|              qh_buf_3|         array|
|qh_buf_3_q0        |   in|  128|   ap_memory|              qh_buf_3|         array|
|qh_buf_4_address0  |  out|    4|   ap_memory|              qh_buf_4|         array|
|qh_buf_4_ce0       |  out|    1|   ap_memory|              qh_buf_4|         array|
|qh_buf_4_q0        |   in|  128|   ap_memory|              qh_buf_4|         array|
|qh_buf_5_address0  |  out|    4|   ap_memory|              qh_buf_5|         array|
|qh_buf_5_ce0       |  out|    1|   ap_memory|              qh_buf_5|         array|
|qh_buf_5_q0        |   in|  128|   ap_memory|              qh_buf_5|         array|
|qh_buf_6_address0  |  out|    4|   ap_memory|              qh_buf_6|         array|
|qh_buf_6_ce0       |  out|    1|   ap_memory|              qh_buf_6|         array|
|qh_buf_6_q0        |   in|  128|   ap_memory|              qh_buf_6|         array|
|qh_buf_7_address0  |  out|    4|   ap_memory|              qh_buf_7|         array|
|qh_buf_7_ce0       |  out|    1|   ap_memory|              qh_buf_7|         array|
|qh_buf_7_q0        |   in|  128|   ap_memory|              qh_buf_7|         array|
|sc_buf_0_val       |   in|  128|     ap_none|          sc_buf_0_val|        scalar|
|sc_buf_1_val       |   in|  128|     ap_none|          sc_buf_1_val|        scalar|
|sc_buf_2_val       |   in|  128|     ap_none|          sc_buf_2_val|        scalar|
|sc_buf_3_val       |   in|  128|     ap_none|          sc_buf_3_val|        scalar|
|sc_buf_4_val       |   in|  128|     ap_none|          sc_buf_4_val|        scalar|
|sc_buf_5_val       |   in|  128|     ap_none|          sc_buf_5_val|        scalar|
|sc_buf_6_val       |   in|  128|     ap_none|          sc_buf_6_val|        scalar|
|sc_buf_7_val       |   in|  128|     ap_none|          sc_buf_7_val|        scalar|
|sc_buf_8_val       |   in|  128|     ap_none|          sc_buf_8_val|        scalar|
|sc_buf_9_val       |   in|  128|     ap_none|          sc_buf_9_val|        scalar|
|sc_buf_10_val      |   in|  128|     ap_none|         sc_buf_10_val|        scalar|
|sc_buf_11_val      |   in|  128|     ap_none|         sc_buf_11_val|        scalar|
|sc_buf_12_val      |   in|  128|     ap_none|         sc_buf_12_val|        scalar|
|sc_buf_13_val      |   in|  128|     ap_none|         sc_buf_13_val|        scalar|
|sc_buf_14_val      |   in|  128|     ap_none|         sc_buf_14_val|        scalar|
|sc_buf_15_val      |   in|  128|     ap_none|         sc_buf_15_val|        scalar|
|sc_buf_16_val      |   in|  128|     ap_none|         sc_buf_16_val|        scalar|
|sc_buf_17_val      |   in|  128|     ap_none|         sc_buf_17_val|        scalar|
|sc_buf_18_val      |   in|  128|     ap_none|         sc_buf_18_val|        scalar|
|sc_buf_19_val      |   in|  128|     ap_none|         sc_buf_19_val|        scalar|
|sc_buf_20_val      |   in|  128|     ap_none|         sc_buf_20_val|        scalar|
|sc_buf_21_val      |   in|  128|     ap_none|         sc_buf_21_val|        scalar|
|sc_buf_22_val      |   in|  128|     ap_none|         sc_buf_22_val|        scalar|
|sc_buf_23_val      |   in|  128|     ap_none|         sc_buf_23_val|        scalar|
|sc_buf_24_val      |   in|  128|     ap_none|         sc_buf_24_val|        scalar|
|sc_buf_25_val      |   in|  128|     ap_none|         sc_buf_25_val|        scalar|
|sc_buf_26_val      |   in|  128|     ap_none|         sc_buf_26_val|        scalar|
|sc_buf_27_val      |   in|  128|     ap_none|         sc_buf_27_val|        scalar|
|sc_buf_28_val      |   in|  128|     ap_none|         sc_buf_28_val|        scalar|
|sc_buf_29_val      |   in|  128|     ap_none|         sc_buf_29_val|        scalar|
|sc_buf_30_val      |   in|  128|     ap_none|         sc_buf_30_val|        scalar|
|sc_buf_31_val      |   in|  128|     ap_none|         sc_buf_31_val|        scalar|
|d_buf_0_val        |   in|   32|     ap_none|           d_buf_0_val|        scalar|
|d_buf_1_val        |   in|   32|     ap_none|           d_buf_1_val|        scalar|
|d_buf_2_val        |   in|   32|     ap_none|           d_buf_2_val|        scalar|
|d_buf_3_val        |   in|   32|     ap_none|           d_buf_3_val|        scalar|
|d_buf_4_val        |   in|   32|     ap_none|           d_buf_4_val|        scalar|
|d_buf_5_val        |   in|   32|     ap_none|           d_buf_5_val|        scalar|
|d_buf_6_val        |   in|   32|     ap_none|           d_buf_6_val|        scalar|
|d_buf_7_val        |   in|   32|     ap_none|           d_buf_7_val|        scalar|
|d_buf_8_val        |   in|   32|     ap_none|           d_buf_8_val|        scalar|
|d_buf_9_val        |   in|   32|     ap_none|           d_buf_9_val|        scalar|
|d_buf_10_val       |   in|   32|     ap_none|          d_buf_10_val|        scalar|
|d_buf_11_val       |   in|   32|     ap_none|          d_buf_11_val|        scalar|
|d_buf_12_val       |   in|   32|     ap_none|          d_buf_12_val|        scalar|
|d_buf_13_val       |   in|   32|     ap_none|          d_buf_13_val|        scalar|
|d_buf_14_val       |   in|   32|     ap_none|          d_buf_14_val|        scalar|
|d_buf_15_val       |   in|   32|     ap_none|          d_buf_15_val|        scalar|
|d_buf_16_val       |   in|   32|     ap_none|          d_buf_16_val|        scalar|
|d_buf_17_val       |   in|   32|     ap_none|          d_buf_17_val|        scalar|
|d_buf_18_val       |   in|   32|     ap_none|          d_buf_18_val|        scalar|
|d_buf_19_val       |   in|   32|     ap_none|          d_buf_19_val|        scalar|
|d_buf_20_val       |   in|   32|     ap_none|          d_buf_20_val|        scalar|
|d_buf_21_val       |   in|   32|     ap_none|          d_buf_21_val|        scalar|
|d_buf_22_val       |   in|   32|     ap_none|          d_buf_22_val|        scalar|
|d_buf_23_val       |   in|   32|     ap_none|          d_buf_23_val|        scalar|
|d_buf_24_val       |   in|   32|     ap_none|          d_buf_24_val|        scalar|
|d_buf_25_val       |   in|   32|     ap_none|          d_buf_25_val|        scalar|
|d_buf_26_val       |   in|   32|     ap_none|          d_buf_26_val|        scalar|
|d_buf_27_val       |   in|   32|     ap_none|          d_buf_27_val|        scalar|
|d_buf_28_val       |   in|   32|     ap_none|          d_buf_28_val|        scalar|
|d_buf_29_val       |   in|   32|     ap_none|          d_buf_29_val|        scalar|
|d_buf_30_val       |   in|   32|     ap_none|          d_buf_30_val|        scalar|
|d_buf_31_val       |   in|   32|     ap_none|          d_buf_31_val|        scalar|
|gate_0_address0    |  out|   10|   ap_memory|                gate_0|         array|
|gate_0_ce0         |  out|    1|   ap_memory|                gate_0|         array|
|gate_0_q0          |   in|    8|   ap_memory|                gate_0|         array|
|gate_1_address0    |  out|   10|   ap_memory|                gate_1|         array|
|gate_1_ce0         |  out|    1|   ap_memory|                gate_1|         array|
|gate_1_q0          |   in|    8|   ap_memory|                gate_1|         array|
|gate_2_address0    |  out|   10|   ap_memory|                gate_2|         array|
|gate_2_ce0         |  out|    1|   ap_memory|                gate_2|         array|
|gate_2_q0          |   in|    8|   ap_memory|                gate_2|         array|
|gate_3_address0    |  out|   10|   ap_memory|                gate_3|         array|
|gate_3_ce0         |  out|    1|   ap_memory|                gate_3|         array|
|gate_3_q0          |   in|    8|   ap_memory|                gate_3|         array|
|gate_4_address0    |  out|   10|   ap_memory|                gate_4|         array|
|gate_4_ce0         |  out|    1|   ap_memory|                gate_4|         array|
|gate_4_q0          |   in|    8|   ap_memory|                gate_4|         array|
|gate_5_address0    |  out|   10|   ap_memory|                gate_5|         array|
|gate_5_ce0         |  out|    1|   ap_memory|                gate_5|         array|
|gate_5_q0          |   in|    8|   ap_memory|                gate_5|         array|
|gate_6_address0    |  out|   10|   ap_memory|                gate_6|         array|
|gate_6_ce0         |  out|    1|   ap_memory|                gate_6|         array|
|gate_6_q0          |   in|    8|   ap_memory|                gate_6|         array|
|gate_7_address0    |  out|   10|   ap_memory|                gate_7|         array|
|gate_7_ce0         |  out|    1|   ap_memory|                gate_7|         array|
|gate_7_q0          |   in|    8|   ap_memory|                gate_7|         array|
|gate_scale         |   in|   32|     ap_none|            gate_scale|        scalar|
+-------------------+-----+-----+------------+----------------------+--------------+

