

================================================================
== Vitis HLS Report for 'mac_blocks_down_q4k5_Pipeline_MAC_BLOCKS_G1'
================================================================
* Date:           Mon Mar 30 09:37:28 2026

* Version:        2025.1 (Build 6135595 on May 21 2025)
* Project:        swiglu
* Solution:       hls (Vivado IP Flow Target)
* Product family: zynquplus
* Target device:  xck26-sfvc784-2LV-c


================================================================
== Performance Estimates
================================================================
+ Timing: 
    * Summary: 
    +--------+---------+----------+------------+
    |  Clock |  Target | Estimated| Uncertainty|
    +--------+---------+----------+------------+
    |ap_clk  |  3.33 ns|  2.233 ns|     0.90 ns|
    +--------+---------+----------+------------+

+ Latency: 
    * Summary: 
    +---------+---------+----------+----------+-----+-----+------------------------------------------------+
    |  Latency (cycles) |  Latency (absolute) |  Interval |                    Pipeline                    |
    |   min   |   max   |    min   |    max   | min | max |                      Type                      |
    +---------+---------+----------+----------+-----+-----+------------------------------------------------+
    |      264|      264|  0.879 us|  0.879 us|  257|  257|  loop auto-rewind stp (delay=0 clock cycles(s))|
    +---------+---------+----------+----------+-----+-----+------------------------------------------------+

    + Detail: 
        * Instance: 
        N/A

        * Loop: 
        +-----------------+---------+---------+----------+-----------+-----------+------+----------+
        |                 |  Latency (cycles) | Iteration|  Initiation Interval  | Trip |          |
        |    Loop Name    |   min   |   max   |  Latency |  achieved |   target  | Count| Pipelined|
        +-----------------+---------+---------+----------+-----------+-----------+------+----------+
        |- MAC_BLOCKS_G1  |      262|      262|         8|          1|          1|   256|       yes|
        +-----------------+---------+---------+----------+-----------+-----------+------+----------+



================================================================
== Utilization Estimates
================================================================
* Summary: 
+-----------------+---------+------+--------+--------+-----+
|       Name      | BRAM_18K|  DSP |   FF   |   LUT  | URAM|
+-----------------+---------+------+--------+--------+-----+
|DSP              |        -|    16|       -|       -|    -|
|Expression       |        -|     -|       0|     107|    -|
|FIFO             |        -|     -|       -|       -|    -|
|Instance         |        -|     0|       0|    1968|    -|
|Memory           |        -|     -|       -|       -|    -|
|Multiplexer      |        -|     -|       0|    1188|    -|
|Register         |        -|     -|     405|      64|    -|
+-----------------+---------+------+--------+--------+-----+
|Total            |        0|    16|     405|    3327|    0|
+-----------------+---------+------+--------+--------+-----+
|Available        |      288|  1248|  234240|  117120|   64|
+-----------------+---------+------+--------+--------+-----+
|Utilization (%)  |        0|     1|      ~0|       2|    0|
+-----------------+---------+------+--------+--------+-----+

+ Detail: 
    * Instance: 
    +--------------------------------------+--------------------------------+---------+----+---+----+-----+
    |               Instance               |             Module             | BRAM_18K| DSP| FF| LUT| URAM|
    +--------------------------------------+--------------------------------+---------+----+---+----+-----+
    |mul_8s_4ns_12_1_1_U2500               |mul_8s_4ns_12_1_1               |        0|   0|  0|  40|    0|
    |mul_8s_4ns_12_1_1_U2501               |mul_8s_4ns_12_1_1               |        0|   0|  0|  40|    0|
    |mul_8s_4ns_12_1_1_U2502               |mul_8s_4ns_12_1_1               |        0|   0|  0|  40|    0|
    |mul_8s_4ns_12_1_1_U2503               |mul_8s_4ns_12_1_1               |        0|   0|  0|  40|    0|
    |mul_8s_4ns_12_1_1_U2504               |mul_8s_4ns_12_1_1               |        0|   0|  0|  40|    0|
    |mul_8s_4ns_12_1_1_U2505               |mul_8s_4ns_12_1_1               |        0|   0|  0|  40|    0|
    |mul_8s_4ns_12_1_1_U2506               |mul_8s_4ns_12_1_1               |        0|   0|  0|  40|    0|
    |mul_8s_4ns_12_1_1_U2507               |mul_8s_4ns_12_1_1               |        0|   0|  0|  40|    0|
    |partselect_8ns_128ns_7ns_8_1_1_U2484  |partselect_8ns_128ns_7ns_8_1_1  |        0|   0|  0|  34|    0|
    |partselect_8ns_128ns_7ns_8_1_1_U2486  |partselect_8ns_128ns_7ns_8_1_1  |        0|   0|  0|  34|    0|
    |partselect_8ns_128ns_7ns_8_1_1_U2487  |partselect_8ns_128ns_7ns_8_1_1  |        0|   0|  0|  34|    0|
    |partselect_8ns_128ns_7ns_8_1_1_U2488  |partselect_8ns_128ns_7ns_8_1_1  |        0|   0|  0|  34|    0|
    |partselect_8ns_128ns_7ns_8_1_1_U2489  |partselect_8ns_128ns_7ns_8_1_1  |        0|   0|  0|  34|    0|
    |partselect_8ns_128ns_7ns_8_1_1_U2490  |partselect_8ns_128ns_7ns_8_1_1  |        0|   0|  0|  34|    0|
    |partselect_8ns_128ns_7ns_8_1_1_U2491  |partselect_8ns_128ns_7ns_8_1_1  |        0|   0|  0|  34|    0|
    |partselect_8ns_128ns_7ns_8_1_1_U2492  |partselect_8ns_128ns_7ns_8_1_1  |        0|   0|  0|  34|    0|
    |sparsemux_17_3_32_1_1_U2516           |sparsemux_17_3_32_1_1           |        0|   0|  0|  43|    0|
    |sparsemux_17_3_32_1_1_U2517           |sparsemux_17_3_32_1_1           |        0|   0|  0|  43|    0|
    |sparsemux_17_3_32_1_1_U2518           |sparsemux_17_3_32_1_1           |        0|   0|  0|  43|    0|
    |sparsemux_17_3_32_1_1_U2519           |sparsemux_17_3_32_1_1           |        0|   0|  0|  43|    0|
    |sparsemux_17_3_32_1_1_U2520           |sparsemux_17_3_32_1_1           |        0|   0|  0|  43|    0|
    |sparsemux_17_3_32_1_1_U2521           |sparsemux_17_3_32_1_1           |        0|   0|  0|  43|    0|
    |sparsemux_17_3_32_1_1_U2522           |sparsemux_17_3_32_1_1           |        0|   0|  0|  43|    0|
    |sparsemux_17_3_32_1_1_U2523           |sparsemux_17_3_32_1_1           |        0|   0|  0|  43|    0|
    |sparsemux_17_3_32_1_1_U2524           |sparsemux_17_3_32_1_1           |        0|   0|  0|  43|    0|
    |sparsemux_17_3_32_1_1_U2525           |sparsemux_17_3_32_1_1           |        0|   0|  0|  43|    0|
    |sparsemux_17_3_32_1_1_U2526           |sparsemux_17_3_32_1_1           |        0|   0|  0|  43|    0|
    |sparsemux_17_3_32_1_1_U2527           |sparsemux_17_3_32_1_1           |        0|   0|  0|  43|    0|
    |sparsemux_17_3_32_1_1_U2528           |sparsemux_17_3_32_1_1           |        0|   0|  0|  43|    0|
    |sparsemux_17_3_32_1_1_U2529           |sparsemux_17_3_32_1_1           |        0|   0|  0|  43|    0|
    |sparsemux_17_3_32_1_1_U2530           |sparsemux_17_3_32_1_1           |        0|   0|  0|  43|    0|
    |sparsemux_17_3_32_1_1_U2531           |sparsemux_17_3_32_1_1           |        0|   0|  0|  43|    0|
    |sparsemux_17_3_6_1_1_U2485            |sparsemux_17_3_6_1_1            |        0|   0|  0|  43|    0|
    |sparsemux_17_3_6_1_1_U2493            |sparsemux_17_3_6_1_1            |        0|   0|  0|  43|    0|
    |sparsemux_17_3_6_1_1_U2494            |sparsemux_17_3_6_1_1            |        0|   0|  0|  43|    0|
    |sparsemux_17_3_6_1_1_U2495            |sparsemux_17_3_6_1_1            |        0|   0|  0|  43|    0|
    |sparsemux_17_3_6_1_1_U2496            |sparsemux_17_3_6_1_1            |        0|   0|  0|  43|    0|
    |sparsemux_17_3_6_1_1_U2497            |sparsemux_17_3_6_1_1            |        0|   0|  0|  43|    0|
    |sparsemux_17_3_6_1_1_U2498            |sparsemux_17_3_6_1_1            |        0|   0|  0|  43|    0|
    |sparsemux_17_3_6_1_1_U2499            |sparsemux_17_3_6_1_1            |        0|   0|  0|  43|    0|
    |sparsemux_17_3_6_1_1_U2508            |sparsemux_17_3_6_1_1            |        0|   0|  0|  43|    0|
    |sparsemux_17_3_6_1_1_U2509            |sparsemux_17_3_6_1_1            |        0|   0|  0|  43|    0|
    |sparsemux_17_3_6_1_1_U2510            |sparsemux_17_3_6_1_1            |        0|   0|  0|  43|    0|
    |sparsemux_17_3_6_1_1_U2511            |sparsemux_17_3_6_1_1            |        0|   0|  0|  43|    0|
    |sparsemux_17_3_6_1_1_U2512            |sparsemux_17_3_6_1_1            |        0|   0|  0|  43|    0|
    |sparsemux_17_3_6_1_1_U2513            |sparsemux_17_3_6_1_1            |        0|   0|  0|  43|    0|
    |sparsemux_17_3_6_1_1_U2514            |sparsemux_17_3_6_1_1            |        0|   0|  0|  43|    0|
    |sparsemux_17_3_6_1_1_U2515            |sparsemux_17_3_6_1_1            |        0|   0|  0|  43|    0|
    +--------------------------------------+--------------------------------+---------+----+---+----+-----+
    |Total                                 |                                |        0|   0|  0|1968|    0|
    +--------------------------------------+--------------------------------+---------+----+---+----+-----+

    * DSP: 
    +-------------------------------------+-------------------------------+--------------+
    |               Instance              |             Module            |  Expression  |
    +-------------------------------------+-------------------------------+--------------+
    |mac_muladd_12s_6ns_32s_32_4_1_U2540  |mac_muladd_12s_6ns_32s_32_4_1  |  i0 + i1 * i2|
    |mac_muladd_12s_6ns_32s_32_4_1_U2541  |mac_muladd_12s_6ns_32s_32_4_1  |  i0 + i1 * i2|
    |mac_muladd_12s_6ns_32s_32_4_1_U2542  |mac_muladd_12s_6ns_32s_32_4_1  |  i0 + i1 * i2|
    |mac_muladd_12s_6ns_32s_32_4_1_U2543  |mac_muladd_12s_6ns_32s_32_4_1  |  i0 + i1 * i2|
    |mac_muladd_12s_6ns_32s_32_4_1_U2544  |mac_muladd_12s_6ns_32s_32_4_1  |  i0 + i1 * i2|
    |mac_muladd_12s_6ns_32s_32_4_1_U2545  |mac_muladd_12s_6ns_32s_32_4_1  |  i0 + i1 * i2|
    |mac_muladd_12s_6ns_32s_32_4_1_U2546  |mac_muladd_12s_6ns_32s_32_4_1  |  i0 + i1 * i2|
    |mac_muladd_12s_6ns_32s_32_4_1_U2547  |mac_muladd_12s_6ns_32s_32_4_1  |  i0 + i1 * i2|
    |mac_muladd_8s_6ns_32s_32_4_1_U2532   |mac_muladd_8s_6ns_32s_32_4_1   |  i0 + i1 * i2|
    |mac_muladd_8s_6ns_32s_32_4_1_U2533   |mac_muladd_8s_6ns_32s_32_4_1   |  i0 + i1 * i2|
    |mac_muladd_8s_6ns_32s_32_4_1_U2534   |mac_muladd_8s_6ns_32s_32_4_1   |  i0 + i1 * i2|
    |mac_muladd_8s_6ns_32s_32_4_1_U2535   |mac_muladd_8s_6ns_32s_32_4_1   |  i0 + i1 * i2|
    |mac_muladd_8s_6ns_32s_32_4_1_U2536   |mac_muladd_8s_6ns_32s_32_4_1   |  i0 + i1 * i2|
    |mac_muladd_8s_6ns_32s_32_4_1_U2537   |mac_muladd_8s_6ns_32s_32_4_1   |  i0 + i1 * i2|
    |mac_muladd_8s_6ns_32s_32_4_1_U2538   |mac_muladd_8s_6ns_32s_32_4_1   |  i0 + i1 * i2|
    |mac_muladd_8s_6ns_32s_32_4_1_U2539   |mac_muladd_8s_6ns_32s_32_4_1   |  i0 + i1 * i2|
    +-------------------------------------+-------------------------------+--------------+

    * Memory: 
    N/A

    * FIFO: 
    N/A

    * Expression: 
    +------------------------------+----------+----+---+----+------------+------------+
    |         Variable Name        | Operation| DSP| FF| LUT| Bitwidth P0| Bitwidth P1|
    +------------------------------+----------+----+---+----+------------+------------+
    |add_ln405_fu_3298_p2          |         +|   0|  0|  16|           9|           1|
    |add_ln55_fu_3398_p2           |         +|   0|  0|  12|           5|           4|
    |byte_idx_assign_6_fu_3344_p2  |         +|   0|  0|  15|           8|           8|
    |thr_add_fu_3312_p2            |         +|   0|  0|  13|           6|           5|
    |icmp_ln405_fu_3292_p2         |      icmp|   0|  0|  17|           9|          10|
    |nib4_46_fu_4071_p3            |    select|   0|  0|   4|           1|           4|
    |nib4_47_fu_3981_p3            |    select|   0|  0|   4|           1|           4|
    |nib4_48_fu_3996_p3            |    select|   0|  0|   4|           1|           4|
    |nib4_49_fu_4011_p3            |    select|   0|  0|   4|           1|           4|
    |nib4_50_fu_4026_p3            |    select|   0|  0|   4|           1|           4|
    |nib4_51_fu_4041_p3            |    select|   0|  0|   4|           1|           4|
    |nib4_52_fu_4056_p3            |    select|   0|  0|   4|           1|           4|
    |nib4_fu_3945_p3               |    select|   0|  0|   4|           1|           4|
    |ap_enable_pp0                 |       xor|   0|  0|   2|           1|           2|
    +------------------------------+----------+----+---+----+------------+------------+
    |Total                         |          |   0|  0| 107|          46|          62|
    +------------------------------+----------+----+---+----+------------+------------+

    * Multiplexer: 
    +-------------------------+----+-----------+-----+-----------+
    |           Name          | LUT| Input Size| Bits| Total Bits|
    +-------------------------+----+-----------+-----+-----------+
    |ap_done_int              |   9|          2|    1|          2|
    |ap_enable_reg_pp0_iter1  |   9|          2|    1|          2|
    |ap_sig_allocacmp_n       |   9|          2|    9|         18|
    |int_acc_m_135_o          |   9|          2|   32|         64|
    |int_acc_m_136_o          |   9|          2|   32|         64|
    |int_acc_m_137_o          |   9|          2|   32|         64|
    |int_acc_m_138_o          |   9|          2|   32|         64|
    |int_acc_m_139_o          |   9|          2|   32|         64|
    |int_acc_m_140_o          |   9|          2|   32|         64|
    |int_acc_m_141_o          |   9|          2|   32|         64|
    |int_acc_m_142_o          |   9|          2|   32|         64|
    |int_acc_m_143_o          |   9|          2|   32|         64|
    |int_acc_m_144_o          |   9|          2|   32|         64|
    |int_acc_m_145_o          |   9|          2|   32|         64|
    |int_acc_m_146_o          |   9|          2|   32|         64|
    |int_acc_m_147_o          |   9|          2|   32|         64|
    |int_acc_m_148_o          |   9|          2|   32|         64|
    |int_acc_m_149_o          |   9|          2|   32|         64|
    |int_acc_m_150_o          |   9|          2|   32|         64|
    |int_acc_m_151_o          |   9|          2|   32|         64|
    |int_acc_m_152_o          |   9|          2|   32|         64|
    |int_acc_m_153_o          |   9|          2|   32|         64|
    |int_acc_m_154_o          |   9|          2|   32|         64|
    |int_acc_m_155_o          |   9|          2|   32|         64|
    |int_acc_m_156_o          |   9|          2|   32|         64|
    |int_acc_m_157_o          |   9|          2|   32|         64|
    |int_acc_m_158_o          |   9|          2|   32|         64|
    |int_acc_m_159_o          |   9|          2|   32|         64|
    |int_acc_m_160_o          |   9|          2|   32|         64|
    |int_acc_m_161_o          |   9|          2|   32|         64|
    |int_acc_m_162_o          |   9|          2|   32|         64|
    |int_acc_m_163_o          |   9|          2|   32|         64|
    |int_acc_m_164_o          |   9|          2|   32|         64|
    |int_acc_m_165_o          |   9|          2|   32|         64|
    |int_acc_m_166_o          |   9|          2|   32|         64|
    |int_acc_m_167_o          |   9|          2|   32|         64|
    |int_acc_m_168_o          |   9|          2|   32|         64|
    |int_acc_m_169_o          |   9|          2|   32|         64|
    |int_acc_m_170_o          |   9|          2|   32|         64|
    |int_acc_m_171_o          |   9|          2|   32|         64|
    |int_acc_m_172_o          |   9|          2|   32|         64|
    |int_acc_m_173_o          |   9|          2|   32|         64|
    |int_acc_m_174_o          |   9|          2|   32|         64|
    |int_acc_m_175_o          |   9|          2|   32|         64|
    |int_acc_m_176_o          |   9|          2|   32|         64|
    |int_acc_m_177_o          |   9|          2|   32|         64|
    |int_acc_m_178_o          |   9|          2|   32|         64|
    |int_acc_m_179_o          |   9|          2|   32|         64|
    |int_acc_m_180_o          |   9|          2|   32|         64|
    |int_acc_m_181_o          |   9|          2|   32|         64|
    |int_acc_m_182_o          |   9|          2|   32|         64|
    |int_acc_m_183_o          |   9|          2|   32|         64|
    |int_acc_m_184_o          |   9|          2|   32|         64|
    |int_acc_m_185_o          |   9|          2|   32|         64|
    |int_acc_m_186_o          |   9|          2|   32|         64|
    |int_acc_m_187_o          |   9|          2|   32|         64|
    |int_acc_m_188_o          |   9|          2|   32|         64|
    |int_acc_m_189_o          |   9|          2|   32|         64|
    |int_acc_m_190_o          |   9|          2|   32|         64|
    |int_acc_m_191_o          |   9|          2|   32|         64|
    |int_acc_m_192_o          |   9|          2|   32|         64|
    |int_acc_m_193_o          |   9|          2|   32|         64|
    |int_acc_m_194_o          |   9|          2|   32|         64|
    |int_acc_m_195_o          |   9|          2|   32|         64|
    |int_acc_m_196_o          |   9|          2|   32|         64|
    |int_acc_m_197_o          |   9|          2|   32|         64|
    |int_acc_m_198_o          |   9|          2|   32|         64|
    |int_acc_w_135_o          |   9|          2|   32|         64|
    |int_acc_w_136_o          |   9|          2|   32|         64|
    |int_acc_w_137_o          |   9|          2|   32|         64|
    |int_acc_w_138_o          |   9|          2|   32|         64|
    |int_acc_w_139_o          |   9|          2|   32|         64|
    |int_acc_w_140_o          |   9|          2|   32|         64|
    |int_acc_w_141_o          |   9|          2|   32|         64|
    |int_acc_w_142_o          |   9|          2|   32|         64|
    |int_acc_w_143_o          |   9|          2|   32|         64|
    |int_acc_w_144_o          |   9|          2|   32|         64|
    |int_acc_w_145_o          |   9|          2|   32|         64|
    |int_acc_w_146_o          |   9|          2|   32|         64|
    |int_acc_w_147_o          |   9|          2|   32|         64|
    |int_acc_w_148_o          |   9|          2|   32|         64|
    |int_acc_w_149_o          |   9|          2|   32|         64|
    |int_acc_w_150_o          |   9|          2|   32|         64|
    |int_acc_w_151_o          |   9|          2|   32|         64|
    |int_acc_w_152_o          |   9|          2|   32|         64|
    |int_acc_w_153_o          |   9|          2|   32|         64|
    |int_acc_w_154_o          |   9|          2|   32|         64|
    |int_acc_w_155_o          |   9|          2|   32|         64|
    |int_acc_w_156_o          |   9|          2|   32|         64|
    |int_acc_w_157_o          |   9|          2|   32|         64|
    |int_acc_w_158_o          |   9|          2|   32|         64|
    |int_acc_w_159_o          |   9|          2|   32|         64|
    |int_acc_w_160_o          |   9|          2|   32|         64|
    |int_acc_w_161_o          |   9|          2|   32|         64|
    |int_acc_w_162_o          |   9|          2|   32|         64|
    |int_acc_w_163_o          |   9|          2|   32|         64|
    |int_acc_w_164_o          |   9|          2|   32|         64|
    |int_acc_w_165_o          |   9|          2|   32|         64|
    |int_acc_w_166_o          |   9|          2|   32|         64|
    |int_acc_w_167_o          |   9|          2|   32|         64|
    |int_acc_w_168_o          |   9|          2|   32|         64|
    |int_acc_w_169_o          |   9|          2|   32|         64|
    |int_acc_w_170_o          |   9|          2|   32|         64|
    |int_acc_w_171_o          |   9|          2|   32|         64|
    |int_acc_w_172_o          |   9|          2|   32|         64|
    |int_acc_w_173_o          |   9|          2|   32|         64|
    |int_acc_w_174_o          |   9|          2|   32|         64|
    |int_acc_w_175_o          |   9|          2|   32|         64|
    |int_acc_w_176_o          |   9|          2|   32|         64|
    |int_acc_w_177_o          |   9|          2|   32|         64|
    |int_acc_w_178_o          |   9|          2|   32|         64|
    |int_acc_w_179_o          |   9|          2|   32|         64|
    |int_acc_w_180_o          |   9|          2|   32|         64|
    |int_acc_w_181_o          |   9|          2|   32|         64|
    |int_acc_w_182_o          |   9|          2|   32|         64|
    |int_acc_w_183_o          |   9|          2|   32|         64|
    |int_acc_w_184_o          |   9|          2|   32|         64|
    |int_acc_w_185_o          |   9|          2|   32|         64|
    |int_acc_w_186_o          |   9|          2|   32|         64|
    |int_acc_w_187_o          |   9|          2|   32|         64|
    |int_acc_w_188_o          |   9|          2|   32|         64|
    |int_acc_w_189_o          |   9|          2|   32|         64|
    |int_acc_w_190_o          |   9|          2|   32|         64|
    |int_acc_w_191_o          |   9|          2|   32|         64|
    |int_acc_w_192_o          |   9|          2|   32|         64|
    |int_acc_w_193_o          |   9|          2|   32|         64|
    |int_acc_w_194_o          |   9|          2|   32|         64|
    |int_acc_w_195_o          |   9|          2|   32|         64|
    |int_acc_w_196_o          |   9|          2|   32|         64|
    |int_acc_w_197_o          |   9|          2|   32|         64|
    |int_acc_w_198_o          |   9|          2|   32|         64|
    |n_2_fu_640               |   9|          2|    9|         18|
    +-------------------------+----+-----------+-----+-----------+
    |Total                    |1188|        264| 4116|       8232|
    +-------------------------+----+-----------+-----+-----------+

    * Register: 
    +----------------------------------+----+----+-----+-----------+
    |               Name               | FF | LUT| Bits| Const Bits|
    +----------------------------------+----+----+-----+-----------+
    |ap_CS_fsm                         |   1|   0|    1|          0|
    |ap_done_reg                       |   1|   0|    1|          0|
    |ap_enable_reg_pp0_iter1           |   1|   0|    1|          0|
    |ap_enable_reg_pp0_iter2           |   1|   0|    1|          0|
    |ap_enable_reg_pp0_iter3           |   1|   0|    1|          0|
    |ap_enable_reg_pp0_iter4           |   1|   0|    1|          0|
    |ap_enable_reg_pp0_iter5           |   1|   0|    1|          0|
    |ap_enable_reg_pp0_iter6           |   1|   0|    1|          0|
    |ap_enable_reg_pp0_iter7           |   1|   0|    1|          0|
    |ap_loop_exit_ready_pp0_iter1_reg  |   1|   0|    1|          0|
    |ap_loop_exit_ready_pp0_iter2_reg  |   1|   0|    1|          0|
    |ap_loop_exit_ready_pp0_iter3_reg  |   1|   0|    1|          0|
    |ap_loop_exit_ready_pp0_iter4_reg  |   1|   0|    1|          0|
    |ap_loop_exit_ready_pp0_iter5_reg  |   1|   0|    1|          0|
    |ap_loop_exit_ready_pp0_iter6_reg  |   1|   0|    1|          0|
    |empty_754_reg_5982                |   3|   0|    3|          0|
    |empty_756_reg_5937                |   4|   0|    4|          0|
    |empty_756_reg_5937_pp0_iter1_reg  |   4|   0|    4|          0|
    |gi8_33_reg_6159                   |   8|   0|    8|          0|
    |gi8_34_reg_6099                   |   8|   0|    8|          0|
    |gi8_35_reg_6109                   |   8|   0|    8|          0|
    |gi8_36_reg_6119                   |   8|   0|    8|          0|
    |gi8_37_reg_6129                   |   8|   0|    8|          0|
    |gi8_38_reg_6139                   |   8|   0|    8|          0|
    |gi8_39_reg_6149                   |   8|   0|    8|          0|
    |gi8_reg_6074                      |   8|   0|    8|          0|
    |mul_ln415_14_reg_6309             |  12|   0|   12|          0|
    |mul_ln415_2_reg_6279              |  12|   0|   12|          0|
    |mul_ln415_3_reg_6284              |  12|   0|   12|          0|
    |mul_ln415_4_reg_6289              |  12|   0|   12|          0|
    |mul_ln415_5_reg_6294              |  12|   0|   12|          0|
    |mul_ln415_6_reg_6299              |  12|   0|   12|          0|
    |mul_ln415_7_reg_6304              |  12|   0|   12|          0|
    |mul_ln415_reg_6274                |  12|   0|   12|          0|
    |n_2_fu_640                        |   9|   0|    9|          0|
    |n_reg_5920                        |   9|   0|    9|          0|
    |sub_2_cast_reg_6054               |   3|   0|    3|          0|
    |tmp_133_reg_5932                  |   4|   0|    4|          0|
    |tmp_134_reg_6079                  |   4|   0|    4|          0|
    |tmp_135_reg_6164                  |   4|   0|    4|          0|
    |tmp_136_reg_6174                  |   4|   0|    4|          0|
    |tmp_137_reg_6184                  |   4|   0|    4|          0|
    |tmp_138_reg_6194                  |   4|   0|    4|          0|
    |tmp_139_reg_6204                  |   4|   0|    4|          0|
    |tmp_140_reg_6214                  |   4|   0|    4|          0|
    |tmp_141_reg_6224                  |   4|   0|    4|          0|
    |tmp_567_reg_6042                  |   1|   0|    1|          0|
    |tmp_567_reg_6042_pp0_iter2_reg    |   1|   0|    1|          0|
    |trunc_ln411_1_reg_6169            |   4|   0|    4|          0|
    |trunc_ln411_2_reg_6179            |   4|   0|    4|          0|
    |trunc_ln411_3_reg_6189            |   4|   0|    4|          0|
    |trunc_ln411_4_reg_6199            |   4|   0|    4|          0|
    |trunc_ln411_5_reg_6209            |   4|   0|    4|          0|
    |trunc_ln411_6_reg_6219            |   4|   0|    4|          0|
    |trunc_ln411_7_reg_6229            |   4|   0|    4|          0|
    |trunc_ln411_reg_6084              |   4|   0|    4|          0|
    |empty_754_reg_5982                |  64|  32|    3|          0|
    |sub_2_cast_reg_6054               |  64|  32|    3|          0|
    +----------------------------------+----+----+-----+-----------+
    |Total                             | 405|  64|  283|          0|
    +----------------------------------+----+----+-----+-----------+



================================================================
== Interface
================================================================
* Summary: 
+------------------------+-----+-----+------------+---------------------------------------------+--------------+
|        RTL Ports       | Dir | Bits|  Protocol  |                Source Object                |    C Type    |
+------------------------+-----+-----+------------+---------------------------------------------+--------------+
|ap_clk                  |   in|    1|  ap_ctrl_hs|  mac_blocks_down_q4k5_Pipeline_MAC_BLOCKS_G1|  return value|
|ap_rst                  |   in|    1|  ap_ctrl_hs|  mac_blocks_down_q4k5_Pipeline_MAC_BLOCKS_G1|  return value|
|ap_start                |   in|    1|  ap_ctrl_hs|  mac_blocks_down_q4k5_Pipeline_MAC_BLOCKS_G1|  return value|
|ap_done                 |  out|    1|  ap_ctrl_hs|  mac_blocks_down_q4k5_Pipeline_MAC_BLOCKS_G1|  return value|
|ap_idle                 |  out|    1|  ap_ctrl_hs|  mac_blocks_down_q4k5_Pipeline_MAC_BLOCKS_G1|  return value|
|ap_ready                |  out|    1|  ap_ctrl_hs|  mac_blocks_down_q4k5_Pipeline_MAC_BLOCKS_G1|  return value|
|int_acc_w_135_i         |   in|   32|     ap_ovld|                                int_acc_w_135|       pointer|
|int_acc_w_135_o         |  out|   32|     ap_ovld|                                int_acc_w_135|       pointer|
|int_acc_w_135_o_ap_vld  |  out|    1|     ap_ovld|                                int_acc_w_135|       pointer|
|int_acc_w_143_i         |   in|   32|     ap_ovld|                                int_acc_w_143|       pointer|
|int_acc_w_143_o         |  out|   32|     ap_ovld|                                int_acc_w_143|       pointer|
|int_acc_w_143_o_ap_vld  |  out|    1|     ap_ovld|                                int_acc_w_143|       pointer|
|int_acc_w_151_i         |   in|   32|     ap_ovld|                                int_acc_w_151|       pointer|
|int_acc_w_151_o         |  out|   32|     ap_ovld|                                int_acc_w_151|       pointer|
|int_acc_w_151_o_ap_vld  |  out|    1|     ap_ovld|                                int_acc_w_151|       pointer|
|int_acc_w_159_i         |   in|   32|     ap_ovld|                                int_acc_w_159|       pointer|
|int_acc_w_159_o         |  out|   32|     ap_ovld|                                int_acc_w_159|       pointer|
|int_acc_w_159_o_ap_vld  |  out|    1|     ap_ovld|                                int_acc_w_159|       pointer|
|int_acc_w_167_i         |   in|   32|     ap_ovld|                                int_acc_w_167|       pointer|
|int_acc_w_167_o         |  out|   32|     ap_ovld|                                int_acc_w_167|       pointer|
|int_acc_w_167_o_ap_vld  |  out|    1|     ap_ovld|                                int_acc_w_167|       pointer|
|int_acc_w_175_i         |   in|   32|     ap_ovld|                                int_acc_w_175|       pointer|
|int_acc_w_175_o         |  out|   32|     ap_ovld|                                int_acc_w_175|       pointer|
|int_acc_w_175_o_ap_vld  |  out|    1|     ap_ovld|                                int_acc_w_175|       pointer|
|int_acc_w_183_i         |   in|   32|     ap_ovld|                                int_acc_w_183|       pointer|
|int_acc_w_183_o         |  out|   32|     ap_ovld|                                int_acc_w_183|       pointer|
|int_acc_w_183_o_ap_vld  |  out|    1|     ap_ovld|                                int_acc_w_183|       pointer|
|int_acc_w_191_i         |   in|   32|     ap_ovld|                                int_acc_w_191|       pointer|
|int_acc_w_191_o         |  out|   32|     ap_ovld|                                int_acc_w_191|       pointer|
|int_acc_w_191_o_ap_vld  |  out|    1|     ap_ovld|                                int_acc_w_191|       pointer|
|int_acc_m_135_i         |   in|   32|     ap_ovld|                                int_acc_m_135|       pointer|
|int_acc_m_135_o         |  out|   32|     ap_ovld|                                int_acc_m_135|       pointer|
|int_acc_m_135_o_ap_vld  |  out|    1|     ap_ovld|                                int_acc_m_135|       pointer|
|int_acc_m_143_i         |   in|   32|     ap_ovld|                                int_acc_m_143|       pointer|
|int_acc_m_143_o         |  out|   32|     ap_ovld|                                int_acc_m_143|       pointer|
|int_acc_m_143_o_ap_vld  |  out|    1|     ap_ovld|                                int_acc_m_143|       pointer|
|int_acc_m_151_i         |   in|   32|     ap_ovld|                                int_acc_m_151|       pointer|
|int_acc_m_151_o         |  out|   32|     ap_ovld|                                int_acc_m_151|       pointer|
|int_acc_m_151_o_ap_vld  |  out|    1|     ap_ovld|                                int_acc_m_151|       pointer|
|int_acc_m_159_i         |   in|   32|     ap_ovld|                                int_acc_m_159|       pointer|
|int_acc_m_159_o         |  out|   32|     ap_ovld|                                int_acc_m_159|       pointer|
|int_acc_m_159_o_ap_vld  |  out|    1|     ap_ovld|                                int_acc_m_159|       pointer|
|int_acc_m_167_i         |   in|   32|     ap_ovld|                                int_acc_m_167|       pointer|
|int_acc_m_167_o         |  out|   32|     ap_ovld|                                int_acc_m_167|       pointer|
|int_acc_m_167_o_ap_vld  |  out|    1|     ap_ovld|                                int_acc_m_167|       pointer|
|int_acc_m_175_i         |   in|   32|     ap_ovld|                                int_acc_m_175|       pointer|
|int_acc_m_175_o         |  out|   32|     ap_ovld|                                int_acc_m_175|       pointer|
|int_acc_m_175_o_ap_vld  |  out|    1|     ap_ovld|                                int_acc_m_175|       pointer|
|int_acc_m_183_i         |   in|   32|     ap_ovld|                                int_acc_m_183|       pointer|
|int_acc_m_183_o         |  out|   32|     ap_ovld|                                int_acc_m_183|       pointer|
|int_acc_m_183_o_ap_vld  |  out|    1|     ap_ovld|                                int_acc_m_183|       pointer|
|int_acc_m_191_i         |   in|   32|     ap_ovld|                                int_acc_m_191|       pointer|
|int_acc_m_191_o         |  out|   32|     ap_ovld|                                int_acc_m_191|       pointer|
|int_acc_m_191_o_ap_vld  |  out|    1|     ap_ovld|                                int_acc_m_191|       pointer|
|gate_0_address0         |  out|   10|   ap_memory|                                       gate_0|         array|
|gate_0_ce0              |  out|    1|   ap_memory|                                       gate_0|         array|
|gate_0_q0               |   in|    8|   ap_memory|                                       gate_0|         array|
|gate_1_address0         |  out|   10|   ap_memory|                                       gate_1|         array|
|gate_1_ce0              |  out|    1|   ap_memory|                                       gate_1|         array|
|gate_1_q0               |   in|    8|   ap_memory|                                       gate_1|         array|
|gate_2_address0         |  out|   10|   ap_memory|                                       gate_2|         array|
|gate_2_ce0              |  out|    1|   ap_memory|                                       gate_2|         array|
|gate_2_q0               |   in|    8|   ap_memory|                                       gate_2|         array|
|gate_3_address0         |  out|   10|   ap_memory|                                       gate_3|         array|
|gate_3_ce0              |  out|    1|   ap_memory|                                       gate_3|         array|
|gate_3_q0               |   in|    8|   ap_memory|                                       gate_3|         array|
|gate_4_address0         |  out|   10|   ap_memory|                                       gate_4|         array|
|gate_4_ce0              |  out|    1|   ap_memory|                                       gate_4|         array|
|gate_4_q0               |   in|    8|   ap_memory|                                       gate_4|         array|
|gate_5_address0         |  out|   10|   ap_memory|                                       gate_5|         array|
|gate_5_ce0              |  out|    1|   ap_memory|                                       gate_5|         array|
|gate_5_q0               |   in|    8|   ap_memory|                                       gate_5|         array|
|gate_6_address0         |  out|   10|   ap_memory|                                       gate_6|         array|
|gate_6_ce0              |  out|    1|   ap_memory|                                       gate_6|         array|
|gate_6_q0               |   in|    8|   ap_memory|                                       gate_6|         array|
|gate_7_address0         |  out|   10|   ap_memory|                                       gate_7|         array|
|gate_7_ce0              |  out|    1|   ap_memory|                                       gate_7|         array|
|gate_7_q0               |   in|    8|   ap_memory|                                       gate_7|         array|
|int_acc_m_198_i         |   in|   32|     ap_ovld|                                int_acc_m_198|       pointer|
|int_acc_m_198_o         |  out|   32|     ap_ovld|                                int_acc_m_198|       pointer|
|int_acc_m_198_o_ap_vld  |  out|    1|     ap_ovld|                                int_acc_m_198|       pointer|
|int_acc_m_197_i         |   in|   32|     ap_ovld|                                int_acc_m_197|       pointer|
|int_acc_m_197_o         |  out|   32|     ap_ovld|                                int_acc_m_197|       pointer|
|int_acc_m_197_o_ap_vld  |  out|    1|     ap_ovld|                                int_acc_m_197|       pointer|
|int_acc_m_196_i         |   in|   32|     ap_ovld|                                int_acc_m_196|       pointer|
|int_acc_m_196_o         |  out|   32|     ap_ovld|                                int_acc_m_196|       pointer|
|int_acc_m_196_o_ap_vld  |  out|    1|     ap_ovld|                                int_acc_m_196|       pointer|
|int_acc_m_195_i         |   in|   32|     ap_ovld|                                int_acc_m_195|       pointer|
|int_acc_m_195_o         |  out|   32|     ap_ovld|                                int_acc_m_195|       pointer|
|int_acc_m_195_o_ap_vld  |  out|    1|     ap_ovld|                                int_acc_m_195|       pointer|
|int_acc_m_194_i         |   in|   32|     ap_ovld|                                int_acc_m_194|       pointer|
|int_acc_m_194_o         |  out|   32|     ap_ovld|                                int_acc_m_194|       pointer|
|int_acc_m_194_o_ap_vld  |  out|    1|     ap_ovld|                                int_acc_m_194|       pointer|
|int_acc_m_193_i         |   in|   32|     ap_ovld|                                int_acc_m_193|       pointer|
|int_acc_m_193_o         |  out|   32|     ap_ovld|                                int_acc_m_193|       pointer|
|int_acc_m_193_o_ap_vld  |  out|    1|     ap_ovld|                                int_acc_m_193|       pointer|
|int_acc_m_192_i         |   in|   32|     ap_ovld|                                int_acc_m_192|       pointer|
|int_acc_m_192_o         |  out|   32|     ap_ovld|                                int_acc_m_192|       pointer|
|int_acc_m_192_o_ap_vld  |  out|    1|     ap_ovld|                                int_acc_m_192|       pointer|
|int_acc_m_190_i         |   in|   32|     ap_ovld|                                int_acc_m_190|       pointer|
|int_acc_m_190_o         |  out|   32|     ap_ovld|                                int_acc_m_190|       pointer|
|int_acc_m_190_o_ap_vld  |  out|    1|     ap_ovld|                                int_acc_m_190|       pointer|
|int_acc_m_189_i         |   in|   32|     ap_ovld|                                int_acc_m_189|       pointer|
|int_acc_m_189_o         |  out|   32|     ap_ovld|                                int_acc_m_189|       pointer|
|int_acc_m_189_o_ap_vld  |  out|    1|     ap_ovld|                                int_acc_m_189|       pointer|
|int_acc_m_188_i         |   in|   32|     ap_ovld|                                int_acc_m_188|       pointer|
|int_acc_m_188_o         |  out|   32|     ap_ovld|                                int_acc_m_188|       pointer|
|int_acc_m_188_o_ap_vld  |  out|    1|     ap_ovld|                                int_acc_m_188|       pointer|
|int_acc_m_187_i         |   in|   32|     ap_ovld|                                int_acc_m_187|       pointer|
|int_acc_m_187_o         |  out|   32|     ap_ovld|                                int_acc_m_187|       pointer|
|int_acc_m_187_o_ap_vld  |  out|    1|     ap_ovld|                                int_acc_m_187|       pointer|
|int_acc_m_186_i         |   in|   32|     ap_ovld|                                int_acc_m_186|       pointer|
|int_acc_m_186_o         |  out|   32|     ap_ovld|                                int_acc_m_186|       pointer|
|int_acc_m_186_o_ap_vld  |  out|    1|     ap_ovld|                                int_acc_m_186|       pointer|
|int_acc_m_185_i         |   in|   32|     ap_ovld|                                int_acc_m_185|       pointer|
|int_acc_m_185_o         |  out|   32|     ap_ovld|                                int_acc_m_185|       pointer|
|int_acc_m_185_o_ap_vld  |  out|    1|     ap_ovld|                                int_acc_m_185|       pointer|
|int_acc_m_184_i         |   in|   32|     ap_ovld|                                int_acc_m_184|       pointer|
|int_acc_m_184_o         |  out|   32|     ap_ovld|                                int_acc_m_184|       pointer|
|int_acc_m_184_o_ap_vld  |  out|    1|     ap_ovld|                                int_acc_m_184|       pointer|
|int_acc_m_182_i         |   in|   32|     ap_ovld|                                int_acc_m_182|       pointer|
|int_acc_m_182_o         |  out|   32|     ap_ovld|                                int_acc_m_182|       pointer|
|int_acc_m_182_o_ap_vld  |  out|    1|     ap_ovld|                                int_acc_m_182|       pointer|
|int_acc_m_181_i         |   in|   32|     ap_ovld|                                int_acc_m_181|       pointer|
|int_acc_m_181_o         |  out|   32|     ap_ovld|                                int_acc_m_181|       pointer|
|int_acc_m_181_o_ap_vld  |  out|    1|     ap_ovld|                                int_acc_m_181|       pointer|
|int_acc_m_180_i         |   in|   32|     ap_ovld|                                int_acc_m_180|       pointer|
|int_acc_m_180_o         |  out|   32|     ap_ovld|                                int_acc_m_180|       pointer|
|int_acc_m_180_o_ap_vld  |  out|    1|     ap_ovld|                                int_acc_m_180|       pointer|
|int_acc_m_179_i         |   in|   32|     ap_ovld|                                int_acc_m_179|       pointer|
|int_acc_m_179_o         |  out|   32|     ap_ovld|                                int_acc_m_179|       pointer|
|int_acc_m_179_o_ap_vld  |  out|    1|     ap_ovld|                                int_acc_m_179|       pointer|
|int_acc_m_178_i         |   in|   32|     ap_ovld|                                int_acc_m_178|       pointer|
|int_acc_m_178_o         |  out|   32|     ap_ovld|                                int_acc_m_178|       pointer|
|int_acc_m_178_o_ap_vld  |  out|    1|     ap_ovld|                                int_acc_m_178|       pointer|
|int_acc_m_177_i         |   in|   32|     ap_ovld|                                int_acc_m_177|       pointer|
|int_acc_m_177_o         |  out|   32|     ap_ovld|                                int_acc_m_177|       pointer|
|int_acc_m_177_o_ap_vld  |  out|    1|     ap_ovld|                                int_acc_m_177|       pointer|
|int_acc_m_176_i         |   in|   32|     ap_ovld|                                int_acc_m_176|       pointer|
|int_acc_m_176_o         |  out|   32|     ap_ovld|                                int_acc_m_176|       pointer|
|int_acc_m_176_o_ap_vld  |  out|    1|     ap_ovld|                                int_acc_m_176|       pointer|
|int_acc_m_174_i         |   in|   32|     ap_ovld|                                int_acc_m_174|       pointer|
|int_acc_m_174_o         |  out|   32|     ap_ovld|                                int_acc_m_174|       pointer|
|int_acc_m_174_o_ap_vld  |  out|    1|     ap_ovld|                                int_acc_m_174|       pointer|
|int_acc_m_173_i         |   in|   32|     ap_ovld|                                int_acc_m_173|       pointer|
|int_acc_m_173_o         |  out|   32|     ap_ovld|                                int_acc_m_173|       pointer|
|int_acc_m_173_o_ap_vld  |  out|    1|     ap_ovld|                                int_acc_m_173|       pointer|
|int_acc_m_172_i         |   in|   32|     ap_ovld|                                int_acc_m_172|       pointer|
|int_acc_m_172_o         |  out|   32|     ap_ovld|                                int_acc_m_172|       pointer|
|int_acc_m_172_o_ap_vld  |  out|    1|     ap_ovld|                                int_acc_m_172|       pointer|
|int_acc_m_171_i         |   in|   32|     ap_ovld|                                int_acc_m_171|       pointer|
|int_acc_m_171_o         |  out|   32|     ap_ovld|                                int_acc_m_171|       pointer|
|int_acc_m_171_o_ap_vld  |  out|    1|     ap_ovld|                                int_acc_m_171|       pointer|
|int_acc_m_170_i         |   in|   32|     ap_ovld|                                int_acc_m_170|       pointer|
|int_acc_m_170_o         |  out|   32|     ap_ovld|                                int_acc_m_170|       pointer|
|int_acc_m_170_o_ap_vld  |  out|    1|     ap_ovld|                                int_acc_m_170|       pointer|
|int_acc_m_169_i         |   in|   32|     ap_ovld|                                int_acc_m_169|       pointer|
|int_acc_m_169_o         |  out|   32|     ap_ovld|                                int_acc_m_169|       pointer|
|int_acc_m_169_o_ap_vld  |  out|    1|     ap_ovld|                                int_acc_m_169|       pointer|
|int_acc_m_168_i         |   in|   32|     ap_ovld|                                int_acc_m_168|       pointer|
|int_acc_m_168_o         |  out|   32|     ap_ovld|                                int_acc_m_168|       pointer|
|int_acc_m_168_o_ap_vld  |  out|    1|     ap_ovld|                                int_acc_m_168|       pointer|
|int_acc_m_166_i         |   in|   32|     ap_ovld|                                int_acc_m_166|       pointer|
|int_acc_m_166_o         |  out|   32|     ap_ovld|                                int_acc_m_166|       pointer|
|int_acc_m_166_o_ap_vld  |  out|    1|     ap_ovld|                                int_acc_m_166|       pointer|
|int_acc_m_165_i         |   in|   32|     ap_ovld|                                int_acc_m_165|       pointer|
|int_acc_m_165_o         |  out|   32|     ap_ovld|                                int_acc_m_165|       pointer|
|int_acc_m_165_o_ap_vld  |  out|    1|     ap_ovld|                                int_acc_m_165|       pointer|
|int_acc_m_164_i         |   in|   32|     ap_ovld|                                int_acc_m_164|       pointer|
|int_acc_m_164_o         |  out|   32|     ap_ovld|                                int_acc_m_164|       pointer|
|int_acc_m_164_o_ap_vld  |  out|    1|     ap_ovld|                                int_acc_m_164|       pointer|
|int_acc_m_163_i         |   in|   32|     ap_ovld|                                int_acc_m_163|       pointer|
|int_acc_m_163_o         |  out|   32|     ap_ovld|                                int_acc_m_163|       pointer|
|int_acc_m_163_o_ap_vld  |  out|    1|     ap_ovld|                                int_acc_m_163|       pointer|
|int_acc_m_162_i         |   in|   32|     ap_ovld|                                int_acc_m_162|       pointer|
|int_acc_m_162_o         |  out|   32|     ap_ovld|                                int_acc_m_162|       pointer|
|int_acc_m_162_o_ap_vld  |  out|    1|     ap_ovld|                                int_acc_m_162|       pointer|
|int_acc_m_161_i         |   in|   32|     ap_ovld|                                int_acc_m_161|       pointer|
|int_acc_m_161_o         |  out|   32|     ap_ovld|                                int_acc_m_161|       pointer|
|int_acc_m_161_o_ap_vld  |  out|    1|     ap_ovld|                                int_acc_m_161|       pointer|
|int_acc_m_160_i         |   in|   32|     ap_ovld|                                int_acc_m_160|       pointer|
|int_acc_m_160_o         |  out|   32|     ap_ovld|                                int_acc_m_160|       pointer|
|int_acc_m_160_o_ap_vld  |  out|    1|     ap_ovld|                                int_acc_m_160|       pointer|
|int_acc_m_158_i         |   in|   32|     ap_ovld|                                int_acc_m_158|       pointer|
|int_acc_m_158_o         |  out|   32|     ap_ovld|                                int_acc_m_158|       pointer|
|int_acc_m_158_o_ap_vld  |  out|    1|     ap_ovld|                                int_acc_m_158|       pointer|
|int_acc_m_157_i         |   in|   32|     ap_ovld|                                int_acc_m_157|       pointer|
|int_acc_m_157_o         |  out|   32|     ap_ovld|                                int_acc_m_157|       pointer|
|int_acc_m_157_o_ap_vld  |  out|    1|     ap_ovld|                                int_acc_m_157|       pointer|
|int_acc_m_156_i         |   in|   32|     ap_ovld|                                int_acc_m_156|       pointer|
|int_acc_m_156_o         |  out|   32|     ap_ovld|                                int_acc_m_156|       pointer|
|int_acc_m_156_o_ap_vld  |  out|    1|     ap_ovld|                                int_acc_m_156|       pointer|
|int_acc_m_155_i         |   in|   32|     ap_ovld|                                int_acc_m_155|       pointer|
|int_acc_m_155_o         |  out|   32|     ap_ovld|                                int_acc_m_155|       pointer|
|int_acc_m_155_o_ap_vld  |  out|    1|     ap_ovld|                                int_acc_m_155|       pointer|
|int_acc_m_154_i         |   in|   32|     ap_ovld|                                int_acc_m_154|       pointer|
|int_acc_m_154_o         |  out|   32|     ap_ovld|                                int_acc_m_154|       pointer|
|int_acc_m_154_o_ap_vld  |  out|    1|     ap_ovld|                                int_acc_m_154|       pointer|
|int_acc_m_153_i         |   in|   32|     ap_ovld|                                int_acc_m_153|       pointer|
|int_acc_m_153_o         |  out|   32|     ap_ovld|                                int_acc_m_153|       pointer|
|int_acc_m_153_o_ap_vld  |  out|    1|     ap_ovld|                                int_acc_m_153|       pointer|
|int_acc_m_152_i         |   in|   32|     ap_ovld|                                int_acc_m_152|       pointer|
|int_acc_m_152_o         |  out|   32|     ap_ovld|                                int_acc_m_152|       pointer|
|int_acc_m_152_o_ap_vld  |  out|    1|     ap_ovld|                                int_acc_m_152|       pointer|
|int_acc_m_150_i         |   in|   32|     ap_ovld|                                int_acc_m_150|       pointer|
|int_acc_m_150_o         |  out|   32|     ap_ovld|                                int_acc_m_150|       pointer|
|int_acc_m_150_o_ap_vld  |  out|    1|     ap_ovld|                                int_acc_m_150|       pointer|
|int_acc_m_149_i         |   in|   32|     ap_ovld|                                int_acc_m_149|       pointer|
|int_acc_m_149_o         |  out|   32|     ap_ovld|                                int_acc_m_149|       pointer|
|int_acc_m_149_o_ap_vld  |  out|    1|     ap_ovld|                                int_acc_m_149|       pointer|
|int_acc_m_148_i         |   in|   32|     ap_ovld|                                int_acc_m_148|       pointer|
|int_acc_m_148_o         |  out|   32|     ap_ovld|                                int_acc_m_148|       pointer|
|int_acc_m_148_o_ap_vld  |  out|    1|     ap_ovld|                                int_acc_m_148|       pointer|
|int_acc_m_147_i         |   in|   32|     ap_ovld|                                int_acc_m_147|       pointer|
|int_acc_m_147_o         |  out|   32|     ap_ovld|                                int_acc_m_147|       pointer|
|int_acc_m_147_o_ap_vld  |  out|    1|     ap_ovld|                                int_acc_m_147|       pointer|
|int_acc_m_146_i         |   in|   32|     ap_ovld|                                int_acc_m_146|       pointer|
|int_acc_m_146_o         |  out|   32|     ap_ovld|                                int_acc_m_146|       pointer|
|int_acc_m_146_o_ap_vld  |  out|    1|     ap_ovld|                                int_acc_m_146|       pointer|
|int_acc_m_145_i         |   in|   32|     ap_ovld|                                int_acc_m_145|       pointer|
|int_acc_m_145_o         |  out|   32|     ap_ovld|                                int_acc_m_145|       pointer|
|int_acc_m_145_o_ap_vld  |  out|    1|     ap_ovld|                                int_acc_m_145|       pointer|
|int_acc_m_144_i         |   in|   32|     ap_ovld|                                int_acc_m_144|       pointer|
|int_acc_m_144_o         |  out|   32|     ap_ovld|                                int_acc_m_144|       pointer|
|int_acc_m_144_o_ap_vld  |  out|    1|     ap_ovld|                                int_acc_m_144|       pointer|
|int_acc_m_142_i         |   in|   32|     ap_ovld|                                int_acc_m_142|       pointer|
|int_acc_m_142_o         |  out|   32|     ap_ovld|                                int_acc_m_142|       pointer|
|int_acc_m_142_o_ap_vld  |  out|    1|     ap_ovld|                                int_acc_m_142|       pointer|
|int_acc_m_141_i         |   in|   32|     ap_ovld|                                int_acc_m_141|       pointer|
|int_acc_m_141_o         |  out|   32|     ap_ovld|                                int_acc_m_141|       pointer|
|int_acc_m_141_o_ap_vld  |  out|    1|     ap_ovld|                                int_acc_m_141|       pointer|
|int_acc_m_140_i         |   in|   32|     ap_ovld|                                int_acc_m_140|       pointer|
|int_acc_m_140_o         |  out|   32|     ap_ovld|                                int_acc_m_140|       pointer|
|int_acc_m_140_o_ap_vld  |  out|    1|     ap_ovld|                                int_acc_m_140|       pointer|
|int_acc_m_139_i         |   in|   32|     ap_ovld|                                int_acc_m_139|       pointer|
|int_acc_m_139_o         |  out|   32|     ap_ovld|                                int_acc_m_139|       pointer|
|int_acc_m_139_o_ap_vld  |  out|    1|     ap_ovld|                                int_acc_m_139|       pointer|
|int_acc_m_138_i         |   in|   32|     ap_ovld|                                int_acc_m_138|       pointer|
|int_acc_m_138_o         |  out|   32|     ap_ovld|                                int_acc_m_138|       pointer|
|int_acc_m_138_o_ap_vld  |  out|    1|     ap_ovld|                                int_acc_m_138|       pointer|
|int_acc_m_137_i         |   in|   32|     ap_ovld|                                int_acc_m_137|       pointer|
|int_acc_m_137_o         |  out|   32|     ap_ovld|                                int_acc_m_137|       pointer|
|int_acc_m_137_o_ap_vld  |  out|    1|     ap_ovld|                                int_acc_m_137|       pointer|
|int_acc_m_136_i         |   in|   32|     ap_ovld|                                int_acc_m_136|       pointer|
|int_acc_m_136_o         |  out|   32|     ap_ovld|                                int_acc_m_136|       pointer|
|int_acc_m_136_o_ap_vld  |  out|    1|     ap_ovld|                                int_acc_m_136|       pointer|
|int_acc_w_198_i         |   in|   32|     ap_ovld|                                int_acc_w_198|       pointer|
|int_acc_w_198_o         |  out|   32|     ap_ovld|                                int_acc_w_198|       pointer|
|int_acc_w_198_o_ap_vld  |  out|    1|     ap_ovld|                                int_acc_w_198|       pointer|
|int_acc_w_197_i         |   in|   32|     ap_ovld|                                int_acc_w_197|       pointer|
|int_acc_w_197_o         |  out|   32|     ap_ovld|                                int_acc_w_197|       pointer|
|int_acc_w_197_o_ap_vld  |  out|    1|     ap_ovld|                                int_acc_w_197|       pointer|
|int_acc_w_196_i         |   in|   32|     ap_ovld|                                int_acc_w_196|       pointer|
|int_acc_w_196_o         |  out|   32|     ap_ovld|                                int_acc_w_196|       pointer|
|int_acc_w_196_o_ap_vld  |  out|    1|     ap_ovld|                                int_acc_w_196|       pointer|
|int_acc_w_195_i         |   in|   32|     ap_ovld|                                int_acc_w_195|       pointer|
|int_acc_w_195_o         |  out|   32|     ap_ovld|                                int_acc_w_195|       pointer|
|int_acc_w_195_o_ap_vld  |  out|    1|     ap_ovld|                                int_acc_w_195|       pointer|
|int_acc_w_194_i         |   in|   32|     ap_ovld|                                int_acc_w_194|       pointer|
|int_acc_w_194_o         |  out|   32|     ap_ovld|                                int_acc_w_194|       pointer|
|int_acc_w_194_o_ap_vld  |  out|    1|     ap_ovld|                                int_acc_w_194|       pointer|
|int_acc_w_193_i         |   in|   32|     ap_ovld|                                int_acc_w_193|       pointer|
|int_acc_w_193_o         |  out|   32|     ap_ovld|                                int_acc_w_193|       pointer|
|int_acc_w_193_o_ap_vld  |  out|    1|     ap_ovld|                                int_acc_w_193|       pointer|
|int_acc_w_192_i         |   in|   32|     ap_ovld|                                int_acc_w_192|       pointer|
|int_acc_w_192_o         |  out|   32|     ap_ovld|                                int_acc_w_192|       pointer|
|int_acc_w_192_o_ap_vld  |  out|    1|     ap_ovld|                                int_acc_w_192|       pointer|
|int_acc_w_190_i         |   in|   32|     ap_ovld|                                int_acc_w_190|       pointer|
|int_acc_w_190_o         |  out|   32|     ap_ovld|                                int_acc_w_190|       pointer|
|int_acc_w_190_o_ap_vld  |  out|    1|     ap_ovld|                                int_acc_w_190|       pointer|
|int_acc_w_189_i         |   in|   32|     ap_ovld|                                int_acc_w_189|       pointer|
|int_acc_w_189_o         |  out|   32|     ap_ovld|                                int_acc_w_189|       pointer|
|int_acc_w_189_o_ap_vld  |  out|    1|     ap_ovld|                                int_acc_w_189|       pointer|
|int_acc_w_188_i         |   in|   32|     ap_ovld|                                int_acc_w_188|       pointer|
|int_acc_w_188_o         |  out|   32|     ap_ovld|                                int_acc_w_188|       pointer|
|int_acc_w_188_o_ap_vld  |  out|    1|     ap_ovld|                                int_acc_w_188|       pointer|
|int_acc_w_187_i         |   in|   32|     ap_ovld|                                int_acc_w_187|       pointer|
|int_acc_w_187_o         |  out|   32|     ap_ovld|                                int_acc_w_187|       pointer|
|int_acc_w_187_o_ap_vld  |  out|    1|     ap_ovld|                                int_acc_w_187|       pointer|
|int_acc_w_186_i         |   in|   32|     ap_ovld|                                int_acc_w_186|       pointer|
|int_acc_w_186_o         |  out|   32|     ap_ovld|                                int_acc_w_186|       pointer|
|int_acc_w_186_o_ap_vld  |  out|    1|     ap_ovld|                                int_acc_w_186|       pointer|
|int_acc_w_185_i         |   in|   32|     ap_ovld|                                int_acc_w_185|       pointer|
|int_acc_w_185_o         |  out|   32|     ap_ovld|                                int_acc_w_185|       pointer|
|int_acc_w_185_o_ap_vld  |  out|    1|     ap_ovld|                                int_acc_w_185|       pointer|
|int_acc_w_184_i         |   in|   32|     ap_ovld|                                int_acc_w_184|       pointer|
|int_acc_w_184_o         |  out|   32|     ap_ovld|                                int_acc_w_184|       pointer|
|int_acc_w_184_o_ap_vld  |  out|    1|     ap_ovld|                                int_acc_w_184|       pointer|
|int_acc_w_182_i         |   in|   32|     ap_ovld|                                int_acc_w_182|       pointer|
|int_acc_w_182_o         |  out|   32|     ap_ovld|                                int_acc_w_182|       pointer|
|int_acc_w_182_o_ap_vld  |  out|    1|     ap_ovld|                                int_acc_w_182|       pointer|
|int_acc_w_181_i         |   in|   32|     ap_ovld|                                int_acc_w_181|       pointer|
|int_acc_w_181_o         |  out|   32|     ap_ovld|                                int_acc_w_181|       pointer|
|int_acc_w_181_o_ap_vld  |  out|    1|     ap_ovld|                                int_acc_w_181|       pointer|
|int_acc_w_180_i         |   in|   32|     ap_ovld|                                int_acc_w_180|       pointer|
|int_acc_w_180_o         |  out|   32|     ap_ovld|                                int_acc_w_180|       pointer|
|int_acc_w_180_o_ap_vld  |  out|    1|     ap_ovld|                                int_acc_w_180|       pointer|
|int_acc_w_179_i         |   in|   32|     ap_ovld|                                int_acc_w_179|       pointer|
|int_acc_w_179_o         |  out|   32|     ap_ovld|                                int_acc_w_179|       pointer|
|int_acc_w_179_o_ap_vld  |  out|    1|     ap_ovld|                                int_acc_w_179|       pointer|
|int_acc_w_178_i         |   in|   32|     ap_ovld|                                int_acc_w_178|       pointer|
|int_acc_w_178_o         |  out|   32|     ap_ovld|                                int_acc_w_178|       pointer|
|int_acc_w_178_o_ap_vld  |  out|    1|     ap_ovld|                                int_acc_w_178|       pointer|
|int_acc_w_177_i         |   in|   32|     ap_ovld|                                int_acc_w_177|       pointer|
|int_acc_w_177_o         |  out|   32|     ap_ovld|                                int_acc_w_177|       pointer|
|int_acc_w_177_o_ap_vld  |  out|    1|     ap_ovld|                                int_acc_w_177|       pointer|
|int_acc_w_176_i         |   in|   32|     ap_ovld|                                int_acc_w_176|       pointer|
|int_acc_w_176_o         |  out|   32|     ap_ovld|                                int_acc_w_176|       pointer|
|int_acc_w_176_o_ap_vld  |  out|    1|     ap_ovld|                                int_acc_w_176|       pointer|
|int_acc_w_174_i         |   in|   32|     ap_ovld|                                int_acc_w_174|       pointer|
|int_acc_w_174_o         |  out|   32|     ap_ovld|                                int_acc_w_174|       pointer|
|int_acc_w_174_o_ap_vld  |  out|    1|     ap_ovld|                                int_acc_w_174|       pointer|
|int_acc_w_173_i         |   in|   32|     ap_ovld|                                int_acc_w_173|       pointer|
|int_acc_w_173_o         |  out|   32|     ap_ovld|                                int_acc_w_173|       pointer|
|int_acc_w_173_o_ap_vld  |  out|    1|     ap_ovld|                                int_acc_w_173|       pointer|
|int_acc_w_172_i         |   in|   32|     ap_ovld|                                int_acc_w_172|       pointer|
|int_acc_w_172_o         |  out|   32|     ap_ovld|                                int_acc_w_172|       pointer|
|int_acc_w_172_o_ap_vld  |  out|    1|     ap_ovld|                                int_acc_w_172|       pointer|
|int_acc_w_171_i         |   in|   32|     ap_ovld|                                int_acc_w_171|       pointer|
|int_acc_w_171_o         |  out|   32|     ap_ovld|                                int_acc_w_171|       pointer|
|int_acc_w_171_o_ap_vld  |  out|    1|     ap_ovld|                                int_acc_w_171|       pointer|
|int_acc_w_170_i         |   in|   32|     ap_ovld|                                int_acc_w_170|       pointer|
|int_acc_w_170_o         |  out|   32|     ap_ovld|                                int_acc_w_170|       pointer|
|int_acc_w_170_o_ap_vld  |  out|    1|     ap_ovld|                                int_acc_w_170|       pointer|
|int_acc_w_169_i         |   in|   32|     ap_ovld|                                int_acc_w_169|       pointer|
|int_acc_w_169_o         |  out|   32|     ap_ovld|                                int_acc_w_169|       pointer|
|int_acc_w_169_o_ap_vld  |  out|    1|     ap_ovld|                                int_acc_w_169|       pointer|
|int_acc_w_168_i         |   in|   32|     ap_ovld|                                int_acc_w_168|       pointer|
|int_acc_w_168_o         |  out|   32|     ap_ovld|                                int_acc_w_168|       pointer|
|int_acc_w_168_o_ap_vld  |  out|    1|     ap_ovld|                                int_acc_w_168|       pointer|
|int_acc_w_166_i         |   in|   32|     ap_ovld|                                int_acc_w_166|       pointer|
|int_acc_w_166_o         |  out|   32|     ap_ovld|                                int_acc_w_166|       pointer|
|int_acc_w_166_o_ap_vld  |  out|    1|     ap_ovld|                                int_acc_w_166|       pointer|
|int_acc_w_165_i         |   in|   32|     ap_ovld|                                int_acc_w_165|       pointer|
|int_acc_w_165_o         |  out|   32|     ap_ovld|                                int_acc_w_165|       pointer|
|int_acc_w_165_o_ap_vld  |  out|    1|     ap_ovld|                                int_acc_w_165|       pointer|
|int_acc_w_164_i         |   in|   32|     ap_ovld|                                int_acc_w_164|       pointer|
|int_acc_w_164_o         |  out|   32|     ap_ovld|                                int_acc_w_164|       pointer|
|int_acc_w_164_o_ap_vld  |  out|    1|     ap_ovld|                                int_acc_w_164|       pointer|
|int_acc_w_163_i         |   in|   32|     ap_ovld|                                int_acc_w_163|       pointer|
|int_acc_w_163_o         |  out|   32|     ap_ovld|                                int_acc_w_163|       pointer|
|int_acc_w_163_o_ap_vld  |  out|    1|     ap_ovld|                                int_acc_w_163|       pointer|
|int_acc_w_162_i         |   in|   32|     ap_ovld|                                int_acc_w_162|       pointer|
|int_acc_w_162_o         |  out|   32|     ap_ovld|                                int_acc_w_162|       pointer|
|int_acc_w_162_o_ap_vld  |  out|    1|     ap_ovld|                                int_acc_w_162|       pointer|
|int_acc_w_161_i         |   in|   32|     ap_ovld|                                int_acc_w_161|       pointer|
|int_acc_w_161_o         |  out|   32|     ap_ovld|                                int_acc_w_161|       pointer|
|int_acc_w_161_o_ap_vld  |  out|    1|     ap_ovld|                                int_acc_w_161|       pointer|
|int_acc_w_160_i         |   in|   32|     ap_ovld|                                int_acc_w_160|       pointer|
|int_acc_w_160_o         |  out|   32|     ap_ovld|                                int_acc_w_160|       pointer|
|int_acc_w_160_o_ap_vld  |  out|    1|     ap_ovld|                                int_acc_w_160|       pointer|
|int_acc_w_158_i         |   in|   32|     ap_ovld|                                int_acc_w_158|       pointer|
|int_acc_w_158_o         |  out|   32|     ap_ovld|                                int_acc_w_158|       pointer|
|int_acc_w_158_o_ap_vld  |  out|    1|     ap_ovld|                                int_acc_w_158|       pointer|
|int_acc_w_157_i         |   in|   32|     ap_ovld|                                int_acc_w_157|       pointer|
|int_acc_w_157_o         |  out|   32|     ap_ovld|                                int_acc_w_157|       pointer|
|int_acc_w_157_o_ap_vld  |  out|    1|     ap_ovld|                                int_acc_w_157|       pointer|
|int_acc_w_156_i         |   in|   32|     ap_ovld|                                int_acc_w_156|       pointer|
|int_acc_w_156_o         |  out|   32|     ap_ovld|                                int_acc_w_156|       pointer|
|int_acc_w_156_o_ap_vld  |  out|    1|     ap_ovld|                                int_acc_w_156|       pointer|
|int_acc_w_155_i         |   in|   32|     ap_ovld|                                int_acc_w_155|       pointer|
|int_acc_w_155_o         |  out|   32|     ap_ovld|                                int_acc_w_155|       pointer|
|int_acc_w_155_o_ap_vld  |  out|    1|     ap_ovld|                                int_acc_w_155|       pointer|
|int_acc_w_154_i         |   in|   32|     ap_ovld|                                int_acc_w_154|       pointer|
|int_acc_w_154_o         |  out|   32|     ap_ovld|                                int_acc_w_154|       pointer|
|int_acc_w_154_o_ap_vld  |  out|    1|     ap_ovld|                                int_acc_w_154|       pointer|
|int_acc_w_153_i         |   in|   32|     ap_ovld|                                int_acc_w_153|       pointer|
|int_acc_w_153_o         |  out|   32|     ap_ovld|                                int_acc_w_153|       pointer|
|int_acc_w_153_o_ap_vld  |  out|    1|     ap_ovld|                                int_acc_w_153|       pointer|
|int_acc_w_152_i         |   in|   32|     ap_ovld|                                int_acc_w_152|       pointer|
|int_acc_w_152_o         |  out|   32|     ap_ovld|                                int_acc_w_152|       pointer|
|int_acc_w_152_o_ap_vld  |  out|    1|     ap_ovld|                                int_acc_w_152|       pointer|
|int_acc_w_150_i         |   in|   32|     ap_ovld|                                int_acc_w_150|       pointer|
|int_acc_w_150_o         |  out|   32|     ap_ovld|                                int_acc_w_150|       pointer|
|int_acc_w_150_o_ap_vld  |  out|    1|     ap_ovld|                                int_acc_w_150|       pointer|
|int_acc_w_149_i         |   in|   32|     ap_ovld|                                int_acc_w_149|       pointer|
|int_acc_w_149_o         |  out|   32|     ap_ovld|                                int_acc_w_149|       pointer|
|int_acc_w_149_o_ap_vld  |  out|    1|     ap_ovld|                                int_acc_w_149|       pointer|
|int_acc_w_148_i         |   in|   32|     ap_ovld|                                int_acc_w_148|       pointer|
|int_acc_w_148_o         |  out|   32|     ap_ovld|                                int_acc_w_148|       pointer|
|int_acc_w_148_o_ap_vld  |  out|    1|     ap_ovld|                                int_acc_w_148|       pointer|
|int_acc_w_147_i         |   in|   32|     ap_ovld|                                int_acc_w_147|       pointer|
|int_acc_w_147_o         |  out|   32|     ap_ovld|                                int_acc_w_147|       pointer|
|int_acc_w_147_o_ap_vld  |  out|    1|     ap_ovld|                                int_acc_w_147|       pointer|
|int_acc_w_146_i         |   in|   32|     ap_ovld|                                int_acc_w_146|       pointer|
|int_acc_w_146_o         |  out|   32|     ap_ovld|                                int_acc_w_146|       pointer|
|int_acc_w_146_o_ap_vld  |  out|    1|     ap_ovld|                                int_acc_w_146|       pointer|
|int_acc_w_145_i         |   in|   32|     ap_ovld|                                int_acc_w_145|       pointer|
|int_acc_w_145_o         |  out|   32|     ap_ovld|                                int_acc_w_145|       pointer|
|int_acc_w_145_o_ap_vld  |  out|    1|     ap_ovld|                                int_acc_w_145|       pointer|
|int_acc_w_144_i         |   in|   32|     ap_ovld|                                int_acc_w_144|       pointer|
|int_acc_w_144_o         |  out|   32|     ap_ovld|                                int_acc_w_144|       pointer|
|int_acc_w_144_o_ap_vld  |  out|    1|     ap_ovld|                                int_acc_w_144|       pointer|
|int_acc_w_142_i         |   in|   32|     ap_ovld|                                int_acc_w_142|       pointer|
|int_acc_w_142_o         |  out|   32|     ap_ovld|                                int_acc_w_142|       pointer|
|int_acc_w_142_o_ap_vld  |  out|    1|     ap_ovld|                                int_acc_w_142|       pointer|
|int_acc_w_141_i         |   in|   32|     ap_ovld|                                int_acc_w_141|       pointer|
|int_acc_w_141_o         |  out|   32|     ap_ovld|                                int_acc_w_141|       pointer|
|int_acc_w_141_o_ap_vld  |  out|    1|     ap_ovld|                                int_acc_w_141|       pointer|
|int_acc_w_140_i         |   in|   32|     ap_ovld|                                int_acc_w_140|       pointer|
|int_acc_w_140_o         |  out|   32|     ap_ovld|                                int_acc_w_140|       pointer|
|int_acc_w_140_o_ap_vld  |  out|    1|     ap_ovld|                                int_acc_w_140|       pointer|
|int_acc_w_139_i         |   in|   32|     ap_ovld|                                int_acc_w_139|       pointer|
|int_acc_w_139_o         |  out|   32|     ap_ovld|                                int_acc_w_139|       pointer|
|int_acc_w_139_o_ap_vld  |  out|    1|     ap_ovld|                                int_acc_w_139|       pointer|
|int_acc_w_138_i         |   in|   32|     ap_ovld|                                int_acc_w_138|       pointer|
|int_acc_w_138_o         |  out|   32|     ap_ovld|                                int_acc_w_138|       pointer|
|int_acc_w_138_o_ap_vld  |  out|    1|     ap_ovld|                                int_acc_w_138|       pointer|
|int_acc_w_137_i         |   in|   32|     ap_ovld|                                int_acc_w_137|       pointer|
|int_acc_w_137_o         |  out|   32|     ap_ovld|                                int_acc_w_137|       pointer|
|int_acc_w_137_o_ap_vld  |  out|    1|     ap_ovld|                                int_acc_w_137|       pointer|
|int_acc_w_136_i         |   in|   32|     ap_ovld|                                int_acc_w_136|       pointer|
|int_acc_w_136_o         |  out|   32|     ap_ovld|                                int_acc_w_136|       pointer|
|int_acc_w_136_o_ap_vld  |  out|    1|     ap_ovld|                                int_acc_w_136|       pointer|
|rb_0_address0           |  out|    6|   ap_memory|                                         rb_0|         array|
|rb_0_ce0                |  out|    1|   ap_memory|                                         rb_0|         array|
|rb_0_q0                 |   in|  128|   ap_memory|                                         rb_0|         array|
|rb_1_address0           |  out|    6|   ap_memory|                                         rb_1|         array|
|rb_1_ce0                |  out|    1|   ap_memory|                                         rb_1|         array|
|rb_1_q0                 |   in|  128|   ap_memory|                                         rb_1|         array|
|rb_2_address0           |  out|    6|   ap_memory|                                         rb_2|         array|
|rb_2_ce0                |  out|    1|   ap_memory|                                         rb_2|         array|
|rb_2_q0                 |   in|  128|   ap_memory|                                         rb_2|         array|
|rb_3_address0           |  out|    6|   ap_memory|                                         rb_3|         array|
|rb_3_ce0                |  out|    1|   ap_memory|                                         rb_3|         array|
|rb_3_q0                 |   in|  128|   ap_memory|                                         rb_3|         array|
|rb_4_address0           |  out|    6|   ap_memory|                                         rb_4|         array|
|rb_4_ce0                |  out|    1|   ap_memory|                                         rb_4|         array|
|rb_4_q0                 |   in|  128|   ap_memory|                                         rb_4|         array|
|rb_5_address0           |  out|    6|   ap_memory|                                         rb_5|         array|
|rb_5_ce0                |  out|    1|   ap_memory|                                         rb_5|         array|
|rb_5_q0                 |   in|  128|   ap_memory|                                         rb_5|         array|
|rb_6_address0           |  out|    6|   ap_memory|                                         rb_6|         array|
|rb_6_ce0                |  out|    1|   ap_memory|                                         rb_6|         array|
|rb_6_q0                 |   in|  128|   ap_memory|                                         rb_6|         array|
|rb_7_address0           |  out|    6|   ap_memory|                                         rb_7|         array|
|rb_7_ce0                |  out|    1|   ap_memory|                                         rb_7|         array|
|rb_7_q0                 |   in|  128|   ap_memory|                                         rb_7|         array|
|empty_418               |   in|    6|     ap_none|                                    empty_418|        scalar|
|empty_419               |   in|    6|     ap_none|                                    empty_419|        scalar|
|empty_420               |   in|    6|     ap_none|                                    empty_420|        scalar|
|empty_421               |   in|    6|     ap_none|                                    empty_421|        scalar|
|empty_422               |   in|    6|     ap_none|                                    empty_422|        scalar|
|empty_423               |   in|    6|     ap_none|                                    empty_423|        scalar|
|empty_424               |   in|    6|     ap_none|                                    empty_424|        scalar|
|empty_425               |   in|    6|     ap_none|                                    empty_425|        scalar|
|empty_426               |   in|    6|     ap_none|                                    empty_426|        scalar|
|empty_427               |   in|    6|     ap_none|                                    empty_427|        scalar|
|empty_428               |   in|    6|     ap_none|                                    empty_428|        scalar|
|empty_429               |   in|    6|     ap_none|                                    empty_429|        scalar|
|empty_430               |   in|    6|     ap_none|                                    empty_430|        scalar|
|empty_431               |   in|    6|     ap_none|                                    empty_431|        scalar|
|empty_432               |   in|    6|     ap_none|                                    empty_432|        scalar|
|empty_433               |   in|    6|     ap_none|                                    empty_433|        scalar|
|empty_434               |   in|    6|     ap_none|                                    empty_434|        scalar|
|empty_435               |   in|    6|     ap_none|                                    empty_435|        scalar|
|empty_436               |   in|    6|     ap_none|                                    empty_436|        scalar|
|empty_437               |   in|    6|     ap_none|                                    empty_437|        scalar|
|empty_438               |   in|    6|     ap_none|                                    empty_438|        scalar|
|empty_439               |   in|    6|     ap_none|                                    empty_439|        scalar|
|empty_440               |   in|    6|     ap_none|                                    empty_440|        scalar|
|empty_441               |   in|    6|     ap_none|                                    empty_441|        scalar|
|empty_442               |   in|    6|     ap_none|                                    empty_442|        scalar|
|empty_443               |   in|    6|     ap_none|                                    empty_443|        scalar|
|empty_444               |   in|    6|     ap_none|                                    empty_444|        scalar|
|empty_445               |   in|    6|     ap_none|                                    empty_445|        scalar|
|empty_446               |   in|    6|     ap_none|                                    empty_446|        scalar|
|empty_447               |   in|    6|     ap_none|                                    empty_447|        scalar|
|empty_448               |   in|    6|     ap_none|                                    empty_448|        scalar|
|empty_449               |   in|    6|     ap_none|                                    empty_449|        scalar|
|empty_450               |   in|    6|     ap_none|                                    empty_450|        scalar|
|empty_451               |   in|    6|     ap_none|                                    empty_451|        scalar|
|empty_452               |   in|    6|     ap_none|                                    empty_452|        scalar|
|empty_453               |   in|    6|     ap_none|                                    empty_453|        scalar|
|empty_454               |   in|    6|     ap_none|                                    empty_454|        scalar|
|empty_455               |   in|    6|     ap_none|                                    empty_455|        scalar|
|empty_456               |   in|    6|     ap_none|                                    empty_456|        scalar|
|empty_457               |   in|    6|     ap_none|                                    empty_457|        scalar|
|empty_458               |   in|    6|     ap_none|                                    empty_458|        scalar|
|empty_459               |   in|    6|     ap_none|                                    empty_459|        scalar|
|empty_460               |   in|    6|     ap_none|                                    empty_460|        scalar|
|empty_461               |   in|    6|     ap_none|                                    empty_461|        scalar|
|empty_462               |   in|    6|     ap_none|                                    empty_462|        scalar|
|empty_463               |   in|    6|     ap_none|                                    empty_463|        scalar|
|empty_464               |   in|    6|     ap_none|                                    empty_464|        scalar|
|empty_465               |   in|    6|     ap_none|                                    empty_465|        scalar|
|empty_466               |   in|    6|     ap_none|                                    empty_466|        scalar|
|empty_467               |   in|    6|     ap_none|                                    empty_467|        scalar|
|empty_468               |   in|    6|     ap_none|                                    empty_468|        scalar|
|empty_469               |   in|    6|     ap_none|                                    empty_469|        scalar|
|empty_470               |   in|    6|     ap_none|                                    empty_470|        scalar|
|empty_471               |   in|    6|     ap_none|                                    empty_471|        scalar|
|empty_472               |   in|    6|     ap_none|                                    empty_472|        scalar|
|empty_473               |   in|    6|     ap_none|                                    empty_473|        scalar|
|empty_474               |   in|    6|     ap_none|                                    empty_474|        scalar|
|empty_475               |   in|    6|     ap_none|                                    empty_475|        scalar|
|empty_476               |   in|    6|     ap_none|                                    empty_476|        scalar|
|empty_477               |   in|    6|     ap_none|                                    empty_477|        scalar|
|empty_478               |   in|    6|     ap_none|                                    empty_478|        scalar|
|empty_479               |   in|    6|     ap_none|                                    empty_479|        scalar|
|empty_480               |   in|    6|     ap_none|                                    empty_480|        scalar|
|empty_481               |   in|    6|     ap_none|                                    empty_481|        scalar|
|empty_482               |   in|    6|     ap_none|                                    empty_482|        scalar|
|empty_483               |   in|    6|     ap_none|                                    empty_483|        scalar|
|empty_484               |   in|    6|     ap_none|                                    empty_484|        scalar|
|empty_485               |   in|    6|     ap_none|                                    empty_485|        scalar|
|empty_486               |   in|    6|     ap_none|                                    empty_486|        scalar|
|empty_487               |   in|    6|     ap_none|                                    empty_487|        scalar|
|empty_488               |   in|    6|     ap_none|                                    empty_488|        scalar|
|empty_489               |   in|    6|     ap_none|                                    empty_489|        scalar|
|empty_490               |   in|    6|     ap_none|                                    empty_490|        scalar|
|empty_491               |   in|    6|     ap_none|                                    empty_491|        scalar|
|empty_492               |   in|    6|     ap_none|                                    empty_492|        scalar|
|empty_493               |   in|    6|     ap_none|                                    empty_493|        scalar|
|empty_494               |   in|    6|     ap_none|                                    empty_494|        scalar|
|empty_495               |   in|    6|     ap_none|                                    empty_495|        scalar|
|empty_496               |   in|    6|     ap_none|                                    empty_496|        scalar|
|empty_497               |   in|    6|     ap_none|                                    empty_497|        scalar|
|empty_498               |   in|    6|     ap_none|                                    empty_498|        scalar|
|empty_499               |   in|    6|     ap_none|                                    empty_499|        scalar|
|empty_500               |   in|    6|     ap_none|                                    empty_500|        scalar|
|empty_501               |   in|    6|     ap_none|                                    empty_501|        scalar|
|empty_502               |   in|    6|     ap_none|                                    empty_502|        scalar|
|empty_503               |   in|    6|     ap_none|                                    empty_503|        scalar|
|empty_504               |   in|    6|     ap_none|                                    empty_504|        scalar|
|empty_505               |   in|    6|     ap_none|                                    empty_505|        scalar|
|empty_506               |   in|    6|     ap_none|                                    empty_506|        scalar|
|empty_507               |   in|    6|     ap_none|                                    empty_507|        scalar|
|empty_508               |   in|    6|     ap_none|                                    empty_508|        scalar|
|empty_509               |   in|    6|     ap_none|                                    empty_509|        scalar|
|empty_510               |   in|    6|     ap_none|                                    empty_510|        scalar|
|empty_511               |   in|    6|     ap_none|                                    empty_511|        scalar|
|empty_512               |   in|    6|     ap_none|                                    empty_512|        scalar|
|empty_513               |   in|    6|     ap_none|                                    empty_513|        scalar|
|empty_514               |   in|    6|     ap_none|                                    empty_514|        scalar|
|empty_515               |   in|    6|     ap_none|                                    empty_515|        scalar|
|empty_516               |   in|    6|     ap_none|                                    empty_516|        scalar|
|empty_517               |   in|    6|     ap_none|                                    empty_517|        scalar|
|empty_518               |   in|    6|     ap_none|                                    empty_518|        scalar|
|empty_519               |   in|    6|     ap_none|                                    empty_519|        scalar|
|empty_520               |   in|    6|     ap_none|                                    empty_520|        scalar|
|empty_521               |   in|    6|     ap_none|                                    empty_521|        scalar|
|empty_522               |   in|    6|     ap_none|                                    empty_522|        scalar|
|empty_523               |   in|    6|     ap_none|                                    empty_523|        scalar|
|empty_524               |   in|    6|     ap_none|                                    empty_524|        scalar|
|empty_525               |   in|    6|     ap_none|                                    empty_525|        scalar|
|empty_526               |   in|    6|     ap_none|                                    empty_526|        scalar|
|empty_527               |   in|    6|     ap_none|                                    empty_527|        scalar|
|empty_528               |   in|    6|     ap_none|                                    empty_528|        scalar|
|empty_529               |   in|    6|     ap_none|                                    empty_529|        scalar|
|empty_530               |   in|    6|     ap_none|                                    empty_530|        scalar|
|empty_531               |   in|    6|     ap_none|                                    empty_531|        scalar|
|empty_532               |   in|    6|     ap_none|                                    empty_532|        scalar|
|empty_533               |   in|    6|     ap_none|                                    empty_533|        scalar|
|empty_534               |   in|    6|     ap_none|                                    empty_534|        scalar|
|empty_535               |   in|    6|     ap_none|                                    empty_535|        scalar|
|empty_536               |   in|    6|     ap_none|                                    empty_536|        scalar|
|empty_537               |   in|    6|     ap_none|                                    empty_537|        scalar|
|empty_538               |   in|    6|     ap_none|                                    empty_538|        scalar|
|empty_539               |   in|    6|     ap_none|                                    empty_539|        scalar|
|empty_540               |   in|    6|     ap_none|                                    empty_540|        scalar|
|empty_541               |   in|    6|     ap_none|                                    empty_541|        scalar|
|empty_542               |   in|    6|     ap_none|                                    empty_542|        scalar|
|empty_543               |   in|    6|     ap_none|                                    empty_543|        scalar|
|empty_544               |   in|    6|     ap_none|                                    empty_544|        scalar|
|empty                   |   in|    6|     ap_none|                                        empty|        scalar|
+------------------------+-----+-----+------------+---------------------------------------------+--------------+

