

================================================================
== Vitis HLS Report for 'mac_blocks_down_q6k5_Pipeline_VITIS_LOOP_614_4'
================================================================
* Date:           Sun Apr  5 16:07:12 2026

* Version:        2025.1 (Build 6135595 on May 21 2025)
* Project:        swiglu
* Solution:       hls (Vivado IP Flow Target)
* Product family: zynquplus
* Target device:  xck26-sfvc784-2LV-c


================================================================
== Performance Estimates
================================================================
+ Timing: 
    * Summary: 
    +--------+---------+----------+------------+
    |  Clock |  Target | Estimated| Uncertainty|
    +--------+---------+----------+------------+
    |ap_clk  |  3.33 ns|  2.431 ns|     0.90 ns|
    +--------+---------+----------+------------+

+ Latency: 
    * Summary: 
    +---------+---------+-----------+-----------+-----+-----+------------------------------------------------+
    |  Latency (cycles) |   Latency (absolute)  |  Interval |                    Pipeline                    |
    |   min   |   max   |    min    |    max    | min | max |                      Type                      |
    +---------+---------+-----------+-----------+-----+-----+------------------------------------------------+
    |       15|       15|  49.995 ns|  49.995 ns|    5|    5|  loop auto-rewind stp (delay=0 clock cycles(s))|
    +---------+---------+-----------+-----------+-----+-----+------------------------------------------------+

    + Detail: 
        * Instance: 
        N/A

        * Loop: 
        +--------------------+---------+---------+----------+-----------+-----------+------+----------+
        |                    |  Latency (cycles) | Iteration|  Initiation Interval  | Trip |          |
        |      Loop Name     |   min   |   max   |  Latency |  achieved |   target  | Count| Pipelined|
        +--------------------+---------+---------+----------+-----------+-----------+------+----------+
        |- VITIS_LOOP_614_4  |       13|       13|        11|          1|          1|     4|       yes|
        +--------------------+---------+---------+----------+-----------+-----------+------+----------+



================================================================
== Utilization Estimates
================================================================
* Summary: 
+-----------------+---------+------+--------+--------+-----+
|       Name      | BRAM_18K|  DSP |   FF   |   LUT  | URAM|
+-----------------+---------+------+--------+--------+-----+
|DSP              |        -|     -|       -|       -|    -|
|Expression       |        -|     -|       0|    1025|    -|
|FIFO             |        -|     -|       -|       -|    -|
|Instance         |        -|     6|     340|     408|    -|
|Memory           |        -|     -|       -|       -|    -|
|Multiplexer      |        -|     -|       0|      54|    -|
|Register         |        -|     -|     744|      64|    -|
+-----------------+---------+------+--------+--------+-----+
|Total            |        0|     6|    1084|    1551|    0|
+-----------------+---------+------+--------+--------+-----+
|Available        |      288|  1248|  234240|  117120|   64|
+-----------------+---------+------+--------+--------+-----+
|Utilization (%)  |        0|    ~0|      ~0|       1|    0|
+-----------------+---------+------+--------+--------+-----+

+ Detail: 
    * Instance: 
    +--------------------------------+--------------------------+---------+----+-----+-----+-----+
    |            Instance            |          Module          | BRAM_18K| DSP|  FF | LUT | URAM|
    +--------------------------------+--------------------------+---------+----+-----+-----+-----+
    |fpext_32ns_64_2_no_dsp_1_U2166  |fpext_32ns_64_2_no_dsp_1  |        0|   0|    0|    0|    0|
    |mul_50s_32s_82_5_1_U2167        |mul_50s_32s_82_5_1        |        0|   6|  340|   86|    0|
    |sparsemux_65_5_32_1_1_U2170     |sparsemux_65_5_32_1_1     |        0|   0|    0|  148|    0|
    |sparsemux_9_2_32_1_1_U2168      |sparsemux_9_2_32_1_1      |        0|   0|    0|   20|    0|
    |sparsemux_9_2_32_1_1_U2169      |sparsemux_9_2_32_1_1      |        0|   0|    0|   20|    0|
    |sparsemux_9_2_32_1_1_U2171      |sparsemux_9_2_32_1_1      |        0|   0|    0|   20|    0|
    |sparsemux_9_2_32_1_1_U2172      |sparsemux_9_2_32_1_1      |        0|   0|    0|   20|    0|
    |sparsemux_9_2_32_1_1_U2173      |sparsemux_9_2_32_1_1      |        0|   0|    0|   20|    0|
    |sparsemux_9_2_32_1_1_U2174      |sparsemux_9_2_32_1_1      |        0|   0|    0|   20|    0|
    |sparsemux_9_2_32_1_1_U2175      |sparsemux_9_2_32_1_1      |        0|   0|    0|   20|    0|
    |sparsemux_9_2_32_1_1_U2176      |sparsemux_9_2_32_1_1      |        0|   0|    0|   20|    0|
    |sparsemux_9_3_32_1_0_U2177      |sparsemux_9_3_32_1_0      |        0|   0|    0|   14|    0|
    +--------------------------------+--------------------------+---------+----+-----+-----+-----+
    |Total                           |                          |        0|   6|  340|  408|    0|
    +--------------------------------+--------------------------+---------+----+-----+-----+-----+

    * DSP: 
    N/A

    * Memory: 
    N/A

    * FIFO: 
    N/A

    * Expression: 
    +---------------------------+----------+----+---+-----+------------+------------+
    |       Variable Name       | Operation| DSP| FF| LUT | Bitwidth P0| Bitwidth P1|
    +---------------------------+----------+----+---+-----+------------+------------+
    |add_ln614_fu_758_p2        |         +|   0|  0|   10|           3|           1|
    |add_ln619_1_fu_1093_p2     |         +|   0|  0|   39|          32|          32|
    |add_ln619_2_fu_1099_p2     |         +|   0|  0|   32|          32|          32|
    |add_ln619_3_fu_1105_p2     |         +|   0|  0|   32|          32|          32|
    |add_ln619_4_fu_826_p2      |         +|   0|  0|   39|          32|          32|
    |add_ln619_5_fu_1111_p2     |         +|   0|  0|   32|          32|          32|
    |add_ln619_fu_1087_p2       |         +|   0|  0|   39|          32|          32|
    |add_ln621_1_fu_1386_p2     |         +|   0|  0|   96|          89|          89|
    |add_ln621_fu_1198_p2       |         +|   0|  0|   18|          11|           6|
    |sw_2_fu_1116_p2            |         +|   0|  0|   32|          32|          32|
    |tmp_s_fu_832_p66           |         +|   0|  0|   12|           5|           5|
    |sub_ln621_1_fu_1182_p2     |         -|   0|  0|   19|          11|          12|
    |sub_ln621_2_fu_1204_p2     |         -|   0|  0|   18|           5|          11|
    |sub_ln621_fu_1164_p2       |         -|   0|  0|   61|           1|          54|
    |and_ln621_1_fu_1311_p2     |       and|   0|  0|    2|           1|           1|
    |and_ln621_fu_1296_p2       |       and|   0|  0|    2|           1|           1|
    |ashr_ln621_fu_1256_p2      |      ashr|   0|  0|  159|          54|          54|
    |icmp_ln614_fu_752_p2       |      icmp|   0|  0|   12|           3|           4|
    |icmp_ln621_1_fu_1192_p2    |      icmp|   0|  0|   19|          12|           5|
    |icmp_ln621_2_fu_1218_p2    |      icmp|   0|  0|   19|          12|           5|
    |icmp_ln621_3_fu_1241_p2    |      icmp|   0|  0|   18|          11|           6|
    |icmp_ln621_4_fu_1273_p2    |      icmp|   0|  0|   13|           6|           1|
    |icmp_ln621_fu_1177_p2      |      icmp|   0|  0|   70|          63|           1|
    |or_ln621_fu_1301_p2        |        or|   0|  0|    2|           1|           1|
    |select_ln621_1_fu_1210_p3  |    select|   0|  0|   10|           1|          11|
    |select_ln621_4_fu_1246_p3  |    select|   0|  0|    2|           1|           2|
    |select_ln621_fu_1170_p3    |    select|   0|  0|   52|           1|          54|
    |storemerge4_i_fu_1325_p6   |    select|   0|  0|   32|           1|          32|
    |storemerge4_i_fu_1325_p8   |    select|   0|  0|   32|           1|          32|
    |shl_ln621_fu_1278_p2       |       shl|   0|  0|   96|          32|          32|
    |ap_enable_pp0              |       xor|   0|  0|    2|           1|           2|
    |xor_ln621_1_fu_1305_p2     |       xor|   0|  0|    2|           1|           2|
    |xor_ln621_fu_1291_p2       |       xor|   0|  0|    2|           1|           2|
    +---------------------------+----------+----+---+-----+------------+------------+
    |Total                      |          |   0|  0| 1025|         553|         650|
    +---------------------------+----------+----+---+-----+------------+------------+

    * Multiplexer: 
    +-------------------------+----+-----------+-----+-----------+
    |           Name          | LUT| Input Size| Bits| Total Bits|
    +-------------------------+----+-----------+-----+-----------+
    |add_i_i14_phi_fu_306     |   9|          2|   89|        178|
    |ap_done_int              |   9|          2|    1|          2|
    |ap_enable_reg_pp0_iter1  |   9|          2|    1|          2|
    |ap_sig_allocacmp_bsg_1   |   9|          2|    3|          6|
    |bsg_fu_314               |   9|          2|    3|          6|
    |total_3_fu_310           |   9|          2|   56|        112|
    +-------------------------+----+-----------+-----+-----------+
    |Total                    |  54|         12|  153|        306|
    +-------------------------+----+-----------+-----+-----------+

    * Register: 
    +----------------------------------+----+----+-----+-----------+
    |               Name               | FF | LUT| Bits| Const Bits|
    +----------------------------------+----+----+-----+-----------+
    |add_i_i14_phi_fu_306              |  89|   0|   89|          0|
    |add_ln619_4_reg_1571              |  32|   0|   32|          0|
    |ap_CS_fsm                         |   1|   0|    1|          0|
    |ap_done_reg                       |   1|   0|    1|          0|
    |ap_enable_reg_pp0_iter1           |   1|   0|    1|          0|
    |ap_enable_reg_pp0_iter10          |   1|   0|    1|          0|
    |ap_enable_reg_pp0_iter2           |   1|   0|    1|          0|
    |ap_enable_reg_pp0_iter3           |   1|   0|    1|          0|
    |ap_enable_reg_pp0_iter4           |   1|   0|    1|          0|
    |ap_enable_reg_pp0_iter5           |   1|   0|    1|          0|
    |ap_enable_reg_pp0_iter6           |   1|   0|    1|          0|
    |ap_enable_reg_pp0_iter7           |   1|   0|    1|          0|
    |ap_enable_reg_pp0_iter8           |   1|   0|    1|          0|
    |ap_enable_reg_pp0_iter9           |   1|   0|    1|          0|
    |ap_loop_exit_ready_pp0_iter1_reg  |   1|   0|    1|          0|
    |ap_loop_exit_ready_pp0_iter2_reg  |   1|   0|    1|          0|
    |ap_loop_exit_ready_pp0_iter3_reg  |   1|   0|    1|          0|
    |ap_loop_exit_ready_pp0_iter4_reg  |   1|   0|    1|          0|
    |ap_loop_exit_ready_pp0_iter5_reg  |   1|   0|    1|          0|
    |ap_loop_exit_ready_pp0_iter6_reg  |   1|   0|    1|          0|
    |ap_loop_exit_ready_pp0_iter7_reg  |   1|   0|    1|          0|
    |ap_loop_exit_ready_pp0_iter8_reg  |   1|   0|    1|          0|
    |ap_loop_exit_ready_pp0_iter9_reg  |   1|   0|    1|          0|
    |bsg_fu_314                        |   3|   0|    3|          0|
    |icmp_ln614_reg_1557               |   1|   0|    1|          0|
    |icmp_ln621_1_reg_1619             |   1|   0|    1|          0|
    |icmp_ln621_2_reg_1631             |   1|   0|    1|          0|
    |icmp_ln621_reg_1612               |   1|   0|    1|          0|
    |mul_ln621_reg_1663                |  82|   0|   82|          0|
    |select_ln621_1_reg_1624           |  11|   0|   11|          0|
    |select_ln621_reg_1607             |  54|   0|   54|          0|
    |storemerge4_i_reg_1648            |  32|   0|   32|          0|
    |sw_2_reg_1581                     |  32|   0|   32|          0|
    |tmp_169_reg_1643                  |   6|   0|    6|          0|
    |tmp_83_reg_1597                   |  11|   0|   11|          0|
    |tmp_reg_1591                      |   1|   0|    1|          0|
    |tmp_reg_1591_pp0_iter3_reg        |   1|   0|    1|          0|
    |tmp_s_reg_1576                    |  32|   0|   32|          0|
    |total_3_fu_310                    |  56|   0|   56|          0|
    |trunc_ln614_reg_1561              |   2|   0|    2|          0|
    |trunc_ln621_1_reg_1602            |  52|   0|   52|          0|
    |trunc_ln621_3_reg_1637            |  32|   0|   32|          0|
    |trunc_ln621_reg_1586              |  63|   0|   63|          0|
    |icmp_ln614_reg_1557               |  64|  32|    1|          0|
    |sw_2_reg_1581                     |  64|  32|   32|          0|
    +----------------------------------+----+----+-----+-----------+
    |Total                             | 744|  64|  649|          0|
    +----------------------------------+----+----+-----+-----------+



================================================================
== Interface
================================================================
* Summary: 
+--------------------------+-----+-----+------------+------------------------------------------------+--------------+
|         RTL Ports        | Dir | Bits|  Protocol  |                  Source Object                 |    C Type    |
+--------------------------+-----+-----+------------+------------------------------------------------+--------------+
|ap_clk                    |   in|    1|  ap_ctrl_hs|  mac_blocks_down_q6k5_Pipeline_VITIS_LOOP_614_4|  return value|
|ap_rst                    |   in|    1|  ap_ctrl_hs|  mac_blocks_down_q6k5_Pipeline_VITIS_LOOP_614_4|  return value|
|ap_start                  |   in|    1|  ap_ctrl_hs|  mac_blocks_down_q6k5_Pipeline_VITIS_LOOP_614_4|  return value|
|ap_done                   |  out|    1|  ap_ctrl_hs|  mac_blocks_down_q6k5_Pipeline_VITIS_LOOP_614_4|  return value|
|ap_idle                   |  out|    1|  ap_ctrl_hs|  mac_blocks_down_q6k5_Pipeline_VITIS_LOOP_614_4|  return value|
|ap_ready                  |  out|    1|  ap_ctrl_hs|  mac_blocks_down_q6k5_Pipeline_VITIS_LOOP_614_4|  return value|
|total                     |   in|   56|     ap_none|                                           total|        scalar|
|add_i_i14_lcssa_phi       |   in|   89|     ap_none|                             add_i_i14_lcssa_phi|        scalar|
|tmp_90                    |   in|    5|     ap_none|                                          tmp_90|        scalar|
|acc_local_load_reload     |   in|   32|     ap_none|                           acc_local_load_reload|        scalar|
|acc_local_8_load_reload   |   in|   32|     ap_none|                         acc_local_8_load_reload|        scalar|
|acc_local_16_load_reload  |   in|   32|     ap_none|                        acc_local_16_load_reload|        scalar|
|acc_local_24_load_reload  |   in|   32|     ap_none|                        acc_local_24_load_reload|        scalar|
|acc_local_1_load_reload   |   in|   32|     ap_none|                         acc_local_1_load_reload|        scalar|
|acc_local_9_load_reload   |   in|   32|     ap_none|                         acc_local_9_load_reload|        scalar|
|acc_local_17_load_reload  |   in|   32|     ap_none|                        acc_local_17_load_reload|        scalar|
|acc_local_25_load_reload  |   in|   32|     ap_none|                        acc_local_25_load_reload|        scalar|
|acc_local_2_load_reload   |   in|   32|     ap_none|                         acc_local_2_load_reload|        scalar|
|acc_local_10_load_reload  |   in|   32|     ap_none|                        acc_local_10_load_reload|        scalar|
|acc_local_18_load_reload  |   in|   32|     ap_none|                        acc_local_18_load_reload|        scalar|
|acc_local_26_load_reload  |   in|   32|     ap_none|                        acc_local_26_load_reload|        scalar|
|acc_local_3_load_reload   |   in|   32|     ap_none|                         acc_local_3_load_reload|        scalar|
|acc_local_11_load_reload  |   in|   32|     ap_none|                        acc_local_11_load_reload|        scalar|
|acc_local_19_load_reload  |   in|   32|     ap_none|                        acc_local_19_load_reload|        scalar|
|acc_local_27_load_reload  |   in|   32|     ap_none|                        acc_local_27_load_reload|        scalar|
|acc_local_4_load_reload   |   in|   32|     ap_none|                         acc_local_4_load_reload|        scalar|
|acc_local_12_load_reload  |   in|   32|     ap_none|                        acc_local_12_load_reload|        scalar|
|acc_local_20_load_reload  |   in|   32|     ap_none|                        acc_local_20_load_reload|        scalar|
|acc_local_28_load_reload  |   in|   32|     ap_none|                        acc_local_28_load_reload|        scalar|
|acc_local_5_load_reload   |   in|   32|     ap_none|                         acc_local_5_load_reload|        scalar|
|acc_local_13_load_reload  |   in|   32|     ap_none|                        acc_local_13_load_reload|        scalar|
|acc_local_21_load_reload  |   in|   32|     ap_none|                        acc_local_21_load_reload|        scalar|
|acc_local_29_load_reload  |   in|   32|     ap_none|                        acc_local_29_load_reload|        scalar|
|acc_local_6_load_reload   |   in|   32|     ap_none|                         acc_local_6_load_reload|        scalar|
|acc_local_14_load_reload  |   in|   32|     ap_none|                        acc_local_14_load_reload|        scalar|
|acc_local_22_load_reload  |   in|   32|     ap_none|                        acc_local_22_load_reload|        scalar|
|acc_local_30_load_reload  |   in|   32|     ap_none|                        acc_local_30_load_reload|        scalar|
|acc_local_7_load_reload   |   in|   32|     ap_none|                         acc_local_7_load_reload|        scalar|
|acc_local_15_load_reload  |   in|   32|     ap_none|                        acc_local_15_load_reload|        scalar|
|acc_local_23_load_reload  |   in|   32|     ap_none|                        acc_local_23_load_reload|        scalar|
|acc_local_31_load_reload  |   in|   32|     ap_none|                        acc_local_31_load_reload|        scalar|
|d_buf_0_val               |   in|   32|     ap_none|                                     d_buf_0_val|        scalar|
|d_buf_1_val               |   in|   32|     ap_none|                                     d_buf_1_val|        scalar|
|d_buf_2_val               |   in|   32|     ap_none|                                     d_buf_2_val|        scalar|
|d_buf_3_val               |   in|   32|     ap_none|                                     d_buf_3_val|        scalar|
|d_buf_4_val               |   in|   32|     ap_none|                                     d_buf_4_val|        scalar|
|d_buf_5_val               |   in|   32|     ap_none|                                     d_buf_5_val|        scalar|
|d_buf_6_val               |   in|   32|     ap_none|                                     d_buf_6_val|        scalar|
|d_buf_7_val               |   in|   32|     ap_none|                                     d_buf_7_val|        scalar|
|d_buf_8_val               |   in|   32|     ap_none|                                     d_buf_8_val|        scalar|
|d_buf_9_val               |   in|   32|     ap_none|                                     d_buf_9_val|        scalar|
|d_buf_10_val              |   in|   32|     ap_none|                                    d_buf_10_val|        scalar|
|d_buf_11_val              |   in|   32|     ap_none|                                    d_buf_11_val|        scalar|
|d_buf_12_val              |   in|   32|     ap_none|                                    d_buf_12_val|        scalar|
|d_buf_13_val              |   in|   32|     ap_none|                                    d_buf_13_val|        scalar|
|d_buf_14_val              |   in|   32|     ap_none|                                    d_buf_14_val|        scalar|
|d_buf_15_val              |   in|   32|     ap_none|                                    d_buf_15_val|        scalar|
|d_buf_16_val              |   in|   32|     ap_none|                                    d_buf_16_val|        scalar|
|d_buf_17_val              |   in|   32|     ap_none|                                    d_buf_17_val|        scalar|
|d_buf_18_val              |   in|   32|     ap_none|                                    d_buf_18_val|        scalar|
|d_buf_19_val              |   in|   32|     ap_none|                                    d_buf_19_val|        scalar|
|d_buf_20_val              |   in|   32|     ap_none|                                    d_buf_20_val|        scalar|
|d_buf_21_val              |   in|   32|     ap_none|                                    d_buf_21_val|        scalar|
|d_buf_22_val              |   in|   32|     ap_none|                                    d_buf_22_val|        scalar|
|d_buf_23_val              |   in|   32|     ap_none|                                    d_buf_23_val|        scalar|
|d_buf_24_val              |   in|   32|     ap_none|                                    d_buf_24_val|        scalar|
|d_buf_25_val              |   in|   32|     ap_none|                                    d_buf_25_val|        scalar|
|d_buf_26_val              |   in|   32|     ap_none|                                    d_buf_26_val|        scalar|
|d_buf_27_val              |   in|   32|     ap_none|                                    d_buf_27_val|        scalar|
|d_buf_28_val              |   in|   32|     ap_none|                                    d_buf_28_val|        scalar|
|d_buf_29_val              |   in|   32|     ap_none|                                    d_buf_29_val|        scalar|
|d_buf_30_val              |   in|   32|     ap_none|                                    d_buf_30_val|        scalar|
|d_buf_31_val              |   in|   32|     ap_none|                                    d_buf_31_val|        scalar|
|add_i_i14_phi_out         |  out|   89|      ap_vld|                               add_i_i14_phi_out|       pointer|
|add_i_i14_phi_out_ap_vld  |  out|    1|      ap_vld|                               add_i_i14_phi_out|       pointer|
+--------------------------+-----+-----+------------+------------------------------------------------+--------------+

