

================================================================
== Vitis HLS Report for 'load_row_wv'
================================================================
* Date:           Wed Apr  1 12:44:59 2026

* Version:        2025.1 (Build 6135595 on May 21 2025)
* Project:        swiglu
* Solution:       hls (Vivado IP Flow Target)
* Product family: zynquplus
* Target device:  xck26-sfvc784-2LV-c


================================================================
== Performance Estimates
================================================================
+ Timing: 
    * Summary: 
    +--------+----------+----------+------------+
    |  Clock |  Target  | Estimated| Uncertainty|
    +--------+----------+----------+------------+
    |ap_clk  |  10.00 ns|  8.000 ns|     2.00 ns|
    +--------+----------+----------+------------+

+ Latency: 
    * Summary: 
    +---------+---------+----------+----------+-----+-----+---------+
    |  Latency (cycles) |  Latency (absolute) |  Interval | Pipeline|
    |   min   |   max   |    min   |    max   | min | max |   Type  |
    +---------+---------+----------+----------+-----+-----+---------+
    |      148|      148|  1.480 us|  1.480 us|  148|  148|       no|
    +---------+---------+----------+----------+-----+-----+---------+

    + Detail: 
        * Instance: 
        N/A

        * Loop: 
        N/A

============================================================
+ Verbose Summary: Synthesis Manager
============================================================
InlineROM: 1
ExposeGlobal: 0
============================================================
+ Verbose Summary: CDFG Model
============================================================
IsTopModel: 0
ResetActiveHigh: 1
IsCombinational: 0
IsDatapathOnly: 0
HasWiredReturn: 1
HasMFsm: 0
HasVarLatency: 1
IsPipeline: 0
IsRtlPipelined: 0
IsInstanceOverlapped: 0
IsDontTouch: 0
HasImplIP: 0
IsGatedGlobalClock: 0


============================================================
+ Verbose Summary: Schedule
============================================================
* Number of FSM states : 74
* Pipeline : 0
* Dataflow Pipeline: 0

* FSM state transitions: 
1 --> 2 
2 --> 3 
3 --> 4 
4 --> 5 
5 --> 6 
6 --> 7 
7 --> 8 
8 --> 9 
9 --> 10 
10 --> 11 
11 --> 12 
12 --> 13 
13 --> 14 
14 --> 15 
15 --> 16 
16 --> 17 
17 --> 18 
18 --> 19 
19 --> 20 
20 --> 21 
21 --> 22 
22 --> 23 
23 --> 24 
24 --> 25 
25 --> 26 
26 --> 27 
27 --> 28 
28 --> 29 
29 --> 30 
30 --> 31 
31 --> 32 
32 --> 33 
33 --> 34 
34 --> 35 
35 --> 36 
36 --> 37 
37 --> 38 
38 --> 39 
39 --> 40 
40 --> 41 
41 --> 42 
42 --> 43 
43 --> 44 
44 --> 45 
45 --> 46 
46 --> 47 
47 --> 48 
48 --> 49 
49 --> 50 
50 --> 51 
51 --> 52 
52 --> 53 
53 --> 54 
54 --> 55 
55 --> 56 
56 --> 57 
57 --> 58 
58 --> 59 
59 --> 60 
60 --> 61 
61 --> 62 
62 --> 63 
63 --> 64 
64 --> 65 
65 --> 66 
66 --> 67 
67 --> 68 
68 --> 69 
69 --> 70 
70 --> 71 
71 --> 72 
72 --> 73 
73 --> 74 
74 --> 

* FSM state operations: 

State 1 <SV = 0> <Delay = 2.00>
ST_1 : Operation 75 [1/1] (0.00ns)   --->   "%row_read = read i13 @_ssdm_op_Read.ap_auto.i13, i13 %row"   --->   Operation 75 'read' 'row_read' <Predicate = true> <Delay = 0.00>
ST_1 : Operation 76 [1/1] (0.00ns)   --->   "%W_wide_read = read i64 @_ssdm_op_Read.ap_auto.i64, i64 %W_wide"   --->   Operation 76 'read' 'W_wide_read' <Predicate = true> <Delay = 0.00>
ST_1 : Operation 77 [1/1] (0.00ns)   --->   "%tmp = bitconcatenate i23 @_ssdm_op_BitConcatenate.i23.i13.i10, i13 %row_read, i10 0"   --->   Operation 77 'bitconcatenate' 'tmp' <Predicate = true> <Delay = 0.00>
ST_1 : Operation 78 [1/1] (0.00ns)   --->   "%p_shl = zext i23 %tmp"   --->   Operation 78 'zext' 'p_shl' <Predicate = true> <Delay = 0.00>
ST_1 : Operation 79 [1/1] (0.00ns)   --->   "%tmp_827 = bitconcatenate i20 @_ssdm_op_BitConcatenate.i20.i13.i7, i13 %row_read, i7 0"   --->   Operation 79 'bitconcatenate' 'tmp_827' <Predicate = true> <Delay = 0.00>
ST_1 : Operation 80 [1/1] (0.00ns)   --->   "%p_shl55 = zext i20 %tmp_827"   --->   Operation 80 'zext' 'p_shl55' <Predicate = true> <Delay = 0.00>
ST_1 : Operation 81 [1/1] (0.92ns)   --->   "%empty = add i24 %p_shl, i24 %p_shl55"   --->   Operation 81 'add' 'empty' <Predicate = true> <Delay = 0.92> <CoreInst = "Adder">   --->   Core 1 'Adder' <Latency = 0> <II = 1> <Delay = 0.92> <FuncUnit> <Opcode : 'add' 'sub'> <InPorts = 2> <OutPorts = 1>
ST_1 : Operation 82 [1/1] (0.00ns)   --->   "%p_cast = zext i24 %empty"   --->   Operation 82 'zext' 'p_cast' <Predicate = true> <Delay = 0.00>
ST_1 : Operation 83 [1/1] (1.08ns)   --->   "%empty_754 = add i64 %p_cast, i64 %W_wide_read"   --->   Operation 83 'add' 'empty_754' <Predicate = true> <Delay = 1.08> <CoreInst = "Adder">   --->   Core 1 'Adder' <Latency = 0> <II = 1> <Delay = 1.08> <FuncUnit> <Opcode : 'add' 'sub'> <InPorts = 2> <OutPorts = 1>
ST_1 : Operation 84 [1/1] (0.00ns)   --->   "%trunc_ln = partselect i60 @_ssdm_op_PartSelect.i60.i64.i32.i32, i64 %empty_754, i32 4, i32 63" [swiglu.cpp:101]   --->   Operation 84 'partselect' 'trunc_ln' <Predicate = true> <Delay = 0.00>

State 2 <SV = 1> <Delay = 8.00>
ST_2 : Operation 85 [1/1] (0.00ns)   --->   "%sext_ln101 = sext i60 %trunc_ln" [swiglu.cpp:101]   --->   Operation 85 'sext' 'sext_ln101' <Predicate = true> <Delay = 0.00>
ST_2 : Operation 86 [1/1] (0.00ns)   --->   "%gmem_V_addr = getelementptr i128 %gmem_V, i64 %sext_ln101" [swiglu.cpp:101]   --->   Operation 86 'getelementptr' 'gmem_V_addr' <Predicate = true> <Delay = 0.00>
ST_2 : Operation 87 [71/71] (8.00ns)   --->   "%empty_755 = readreq i1 @_ssdm_op_ReadReq.m_axi.p1i128, i128 %gmem_V_addr, i64 72" [swiglu.cpp:101]   --->   Operation 87 'readreq' 'empty_755' <Predicate = true> <Delay = 8.00> <CoreInst = "m_axi">   --->   Core 119 'm_axi' <Latency = 6> <II = 1> <Delay = 1.00> <Adapter> <Opcode : 'read' 'write' 'readreq' 'writereq' 'writeresp'>

State 3 <SV = 2> <Delay = 8.00>
ST_3 : Operation 88 [70/71] (8.00ns)   --->   "%empty_755 = readreq i1 @_ssdm_op_ReadReq.m_axi.p1i128, i128 %gmem_V_addr, i64 72" [swiglu.cpp:101]   --->   Operation 88 'readreq' 'empty_755' <Predicate = true> <Delay = 8.00> <CoreInst = "m_axi">   --->   Core 119 'm_axi' <Latency = 6> <II = 1> <Delay = 1.00> <Adapter> <Opcode : 'read' 'write' 'readreq' 'writereq' 'writeresp'>

State 4 <SV = 3> <Delay = 8.00>
ST_4 : Operation 89 [69/71] (8.00ns)   --->   "%empty_755 = readreq i1 @_ssdm_op_ReadReq.m_axi.p1i128, i128 %gmem_V_addr, i64 72" [swiglu.cpp:101]   --->   Operation 89 'readreq' 'empty_755' <Predicate = true> <Delay = 8.00> <CoreInst = "m_axi">   --->   Core 119 'm_axi' <Latency = 6> <II = 1> <Delay = 1.00> <Adapter> <Opcode : 'read' 'write' 'readreq' 'writereq' 'writeresp'>

State 5 <SV = 4> <Delay = 8.00>
ST_5 : Operation 90 [68/71] (8.00ns)   --->   "%empty_755 = readreq i1 @_ssdm_op_ReadReq.m_axi.p1i128, i128 %gmem_V_addr, i64 72" [swiglu.cpp:101]   --->   Operation 90 'readreq' 'empty_755' <Predicate = true> <Delay = 8.00> <CoreInst = "m_axi">   --->   Core 119 'm_axi' <Latency = 6> <II = 1> <Delay = 1.00> <Adapter> <Opcode : 'read' 'write' 'readreq' 'writereq' 'writeresp'>

State 6 <SV = 5> <Delay = 8.00>
ST_6 : Operation 91 [67/71] (8.00ns)   --->   "%empty_755 = readreq i1 @_ssdm_op_ReadReq.m_axi.p1i128, i128 %gmem_V_addr, i64 72" [swiglu.cpp:101]   --->   Operation 91 'readreq' 'empty_755' <Predicate = true> <Delay = 8.00> <CoreInst = "m_axi">   --->   Core 119 'm_axi' <Latency = 6> <II = 1> <Delay = 1.00> <Adapter> <Opcode : 'read' 'write' 'readreq' 'writereq' 'writeresp'>

State 7 <SV = 6> <Delay = 8.00>
ST_7 : Operation 92 [66/71] (8.00ns)   --->   "%empty_755 = readreq i1 @_ssdm_op_ReadReq.m_axi.p1i128, i128 %gmem_V_addr, i64 72" [swiglu.cpp:101]   --->   Operation 92 'readreq' 'empty_755' <Predicate = true> <Delay = 8.00> <CoreInst = "m_axi">   --->   Core 119 'm_axi' <Latency = 6> <II = 1> <Delay = 1.00> <Adapter> <Opcode : 'read' 'write' 'readreq' 'writereq' 'writeresp'>

State 8 <SV = 7> <Delay = 8.00>
ST_8 : Operation 93 [65/71] (8.00ns)   --->   "%empty_755 = readreq i1 @_ssdm_op_ReadReq.m_axi.p1i128, i128 %gmem_V_addr, i64 72" [swiglu.cpp:101]   --->   Operation 93 'readreq' 'empty_755' <Predicate = true> <Delay = 8.00> <CoreInst = "m_axi">   --->   Core 119 'm_axi' <Latency = 6> <II = 1> <Delay = 1.00> <Adapter> <Opcode : 'read' 'write' 'readreq' 'writereq' 'writeresp'>

State 9 <SV = 8> <Delay = 8.00>
ST_9 : Operation 94 [64/71] (8.00ns)   --->   "%empty_755 = readreq i1 @_ssdm_op_ReadReq.m_axi.p1i128, i128 %gmem_V_addr, i64 72" [swiglu.cpp:101]   --->   Operation 94 'readreq' 'empty_755' <Predicate = true> <Delay = 8.00> <CoreInst = "m_axi">   --->   Core 119 'm_axi' <Latency = 6> <II = 1> <Delay = 1.00> <Adapter> <Opcode : 'read' 'write' 'readreq' 'writereq' 'writeresp'>

State 10 <SV = 9> <Delay = 8.00>
ST_10 : Operation 95 [63/71] (8.00ns)   --->   "%empty_755 = readreq i1 @_ssdm_op_ReadReq.m_axi.p1i128, i128 %gmem_V_addr, i64 72" [swiglu.cpp:101]   --->   Operation 95 'readreq' 'empty_755' <Predicate = true> <Delay = 8.00> <CoreInst = "m_axi">   --->   Core 119 'm_axi' <Latency = 6> <II = 1> <Delay = 1.00> <Adapter> <Opcode : 'read' 'write' 'readreq' 'writereq' 'writeresp'>

State 11 <SV = 10> <Delay = 8.00>
ST_11 : Operation 96 [62/71] (8.00ns)   --->   "%empty_755 = readreq i1 @_ssdm_op_ReadReq.m_axi.p1i128, i128 %gmem_V_addr, i64 72" [swiglu.cpp:101]   --->   Operation 96 'readreq' 'empty_755' <Predicate = true> <Delay = 8.00> <CoreInst = "m_axi">   --->   Core 119 'm_axi' <Latency = 6> <II = 1> <Delay = 1.00> <Adapter> <Opcode : 'read' 'write' 'readreq' 'writereq' 'writeresp'>

State 12 <SV = 11> <Delay = 8.00>
ST_12 : Operation 97 [61/71] (8.00ns)   --->   "%empty_755 = readreq i1 @_ssdm_op_ReadReq.m_axi.p1i128, i128 %gmem_V_addr, i64 72" [swiglu.cpp:101]   --->   Operation 97 'readreq' 'empty_755' <Predicate = true> <Delay = 8.00> <CoreInst = "m_axi">   --->   Core 119 'm_axi' <Latency = 6> <II = 1> <Delay = 1.00> <Adapter> <Opcode : 'read' 'write' 'readreq' 'writereq' 'writeresp'>

State 13 <SV = 12> <Delay = 8.00>
ST_13 : Operation 98 [60/71] (8.00ns)   --->   "%empty_755 = readreq i1 @_ssdm_op_ReadReq.m_axi.p1i128, i128 %gmem_V_addr, i64 72" [swiglu.cpp:101]   --->   Operation 98 'readreq' 'empty_755' <Predicate = true> <Delay = 8.00> <CoreInst = "m_axi">   --->   Core 119 'm_axi' <Latency = 6> <II = 1> <Delay = 1.00> <Adapter> <Opcode : 'read' 'write' 'readreq' 'writereq' 'writeresp'>

State 14 <SV = 13> <Delay = 8.00>
ST_14 : Operation 99 [59/71] (8.00ns)   --->   "%empty_755 = readreq i1 @_ssdm_op_ReadReq.m_axi.p1i128, i128 %gmem_V_addr, i64 72" [swiglu.cpp:101]   --->   Operation 99 'readreq' 'empty_755' <Predicate = true> <Delay = 8.00> <CoreInst = "m_axi">   --->   Core 119 'm_axi' <Latency = 6> <II = 1> <Delay = 1.00> <Adapter> <Opcode : 'read' 'write' 'readreq' 'writereq' 'writeresp'>

State 15 <SV = 14> <Delay = 8.00>
ST_15 : Operation 100 [58/71] (8.00ns)   --->   "%empty_755 = readreq i1 @_ssdm_op_ReadReq.m_axi.p1i128, i128 %gmem_V_addr, i64 72" [swiglu.cpp:101]   --->   Operation 100 'readreq' 'empty_755' <Predicate = true> <Delay = 8.00> <CoreInst = "m_axi">   --->   Core 119 'm_axi' <Latency = 6> <II = 1> <Delay = 1.00> <Adapter> <Opcode : 'read' 'write' 'readreq' 'writereq' 'writeresp'>

State 16 <SV = 15> <Delay = 8.00>
ST_16 : Operation 101 [57/71] (8.00ns)   --->   "%empty_755 = readreq i1 @_ssdm_op_ReadReq.m_axi.p1i128, i128 %gmem_V_addr, i64 72" [swiglu.cpp:101]   --->   Operation 101 'readreq' 'empty_755' <Predicate = true> <Delay = 8.00> <CoreInst = "m_axi">   --->   Core 119 'm_axi' <Latency = 6> <II = 1> <Delay = 1.00> <Adapter> <Opcode : 'read' 'write' 'readreq' 'writereq' 'writeresp'>

State 17 <SV = 16> <Delay = 8.00>
ST_17 : Operation 102 [56/71] (8.00ns)   --->   "%empty_755 = readreq i1 @_ssdm_op_ReadReq.m_axi.p1i128, i128 %gmem_V_addr, i64 72" [swiglu.cpp:101]   --->   Operation 102 'readreq' 'empty_755' <Predicate = true> <Delay = 8.00> <CoreInst = "m_axi">   --->   Core 119 'm_axi' <Latency = 6> <II = 1> <Delay = 1.00> <Adapter> <Opcode : 'read' 'write' 'readreq' 'writereq' 'writeresp'>

State 18 <SV = 17> <Delay = 8.00>
ST_18 : Operation 103 [55/71] (8.00ns)   --->   "%empty_755 = readreq i1 @_ssdm_op_ReadReq.m_axi.p1i128, i128 %gmem_V_addr, i64 72" [swiglu.cpp:101]   --->   Operation 103 'readreq' 'empty_755' <Predicate = true> <Delay = 8.00> <CoreInst = "m_axi">   --->   Core 119 'm_axi' <Latency = 6> <II = 1> <Delay = 1.00> <Adapter> <Opcode : 'read' 'write' 'readreq' 'writereq' 'writeresp'>

State 19 <SV = 18> <Delay = 8.00>
ST_19 : Operation 104 [54/71] (8.00ns)   --->   "%empty_755 = readreq i1 @_ssdm_op_ReadReq.m_axi.p1i128, i128 %gmem_V_addr, i64 72" [swiglu.cpp:101]   --->   Operation 104 'readreq' 'empty_755' <Predicate = true> <Delay = 8.00> <CoreInst = "m_axi">   --->   Core 119 'm_axi' <Latency = 6> <II = 1> <Delay = 1.00> <Adapter> <Opcode : 'read' 'write' 'readreq' 'writereq' 'writeresp'>

State 20 <SV = 19> <Delay = 8.00>
ST_20 : Operation 105 [53/71] (8.00ns)   --->   "%empty_755 = readreq i1 @_ssdm_op_ReadReq.m_axi.p1i128, i128 %gmem_V_addr, i64 72" [swiglu.cpp:101]   --->   Operation 105 'readreq' 'empty_755' <Predicate = true> <Delay = 8.00> <CoreInst = "m_axi">   --->   Core 119 'm_axi' <Latency = 6> <II = 1> <Delay = 1.00> <Adapter> <Opcode : 'read' 'write' 'readreq' 'writereq' 'writeresp'>

State 21 <SV = 20> <Delay = 8.00>
ST_21 : Operation 106 [52/71] (8.00ns)   --->   "%empty_755 = readreq i1 @_ssdm_op_ReadReq.m_axi.p1i128, i128 %gmem_V_addr, i64 72" [swiglu.cpp:101]   --->   Operation 106 'readreq' 'empty_755' <Predicate = true> <Delay = 8.00> <CoreInst = "m_axi">   --->   Core 119 'm_axi' <Latency = 6> <II = 1> <Delay = 1.00> <Adapter> <Opcode : 'read' 'write' 'readreq' 'writereq' 'writeresp'>

State 22 <SV = 21> <Delay = 8.00>
ST_22 : Operation 107 [51/71] (8.00ns)   --->   "%empty_755 = readreq i1 @_ssdm_op_ReadReq.m_axi.p1i128, i128 %gmem_V_addr, i64 72" [swiglu.cpp:101]   --->   Operation 107 'readreq' 'empty_755' <Predicate = true> <Delay = 8.00> <CoreInst = "m_axi">   --->   Core 119 'm_axi' <Latency = 6> <II = 1> <Delay = 1.00> <Adapter> <Opcode : 'read' 'write' 'readreq' 'writereq' 'writeresp'>

State 23 <SV = 22> <Delay = 8.00>
ST_23 : Operation 108 [50/71] (8.00ns)   --->   "%empty_755 = readreq i1 @_ssdm_op_ReadReq.m_axi.p1i128, i128 %gmem_V_addr, i64 72" [swiglu.cpp:101]   --->   Operation 108 'readreq' 'empty_755' <Predicate = true> <Delay = 8.00> <CoreInst = "m_axi">   --->   Core 119 'm_axi' <Latency = 6> <II = 1> <Delay = 1.00> <Adapter> <Opcode : 'read' 'write' 'readreq' 'writereq' 'writeresp'>

State 24 <SV = 23> <Delay = 8.00>
ST_24 : Operation 109 [49/71] (8.00ns)   --->   "%empty_755 = readreq i1 @_ssdm_op_ReadReq.m_axi.p1i128, i128 %gmem_V_addr, i64 72" [swiglu.cpp:101]   --->   Operation 109 'readreq' 'empty_755' <Predicate = true> <Delay = 8.00> <CoreInst = "m_axi">   --->   Core 119 'm_axi' <Latency = 6> <II = 1> <Delay = 1.00> <Adapter> <Opcode : 'read' 'write' 'readreq' 'writereq' 'writeresp'>

State 25 <SV = 24> <Delay = 8.00>
ST_25 : Operation 110 [48/71] (8.00ns)   --->   "%empty_755 = readreq i1 @_ssdm_op_ReadReq.m_axi.p1i128, i128 %gmem_V_addr, i64 72" [swiglu.cpp:101]   --->   Operation 110 'readreq' 'empty_755' <Predicate = true> <Delay = 8.00> <CoreInst = "m_axi">   --->   Core 119 'm_axi' <Latency = 6> <II = 1> <Delay = 1.00> <Adapter> <Opcode : 'read' 'write' 'readreq' 'writereq' 'writeresp'>

State 26 <SV = 25> <Delay = 8.00>
ST_26 : Operation 111 [47/71] (8.00ns)   --->   "%empty_755 = readreq i1 @_ssdm_op_ReadReq.m_axi.p1i128, i128 %gmem_V_addr, i64 72" [swiglu.cpp:101]   --->   Operation 111 'readreq' 'empty_755' <Predicate = true> <Delay = 8.00> <CoreInst = "m_axi">   --->   Core 119 'm_axi' <Latency = 6> <II = 1> <Delay = 1.00> <Adapter> <Opcode : 'read' 'write' 'readreq' 'writereq' 'writeresp'>

State 27 <SV = 26> <Delay = 8.00>
ST_27 : Operation 112 [46/71] (8.00ns)   --->   "%empty_755 = readreq i1 @_ssdm_op_ReadReq.m_axi.p1i128, i128 %gmem_V_addr, i64 72" [swiglu.cpp:101]   --->   Operation 112 'readreq' 'empty_755' <Predicate = true> <Delay = 8.00> <CoreInst = "m_axi">   --->   Core 119 'm_axi' <Latency = 6> <II = 1> <Delay = 1.00> <Adapter> <Opcode : 'read' 'write' 'readreq' 'writereq' 'writeresp'>

State 28 <SV = 27> <Delay = 8.00>
ST_28 : Operation 113 [45/71] (8.00ns)   --->   "%empty_755 = readreq i1 @_ssdm_op_ReadReq.m_axi.p1i128, i128 %gmem_V_addr, i64 72" [swiglu.cpp:101]   --->   Operation 113 'readreq' 'empty_755' <Predicate = true> <Delay = 8.00> <CoreInst = "m_axi">   --->   Core 119 'm_axi' <Latency = 6> <II = 1> <Delay = 1.00> <Adapter> <Opcode : 'read' 'write' 'readreq' 'writereq' 'writeresp'>

State 29 <SV = 28> <Delay = 8.00>
ST_29 : Operation 114 [44/71] (8.00ns)   --->   "%empty_755 = readreq i1 @_ssdm_op_ReadReq.m_axi.p1i128, i128 %gmem_V_addr, i64 72" [swiglu.cpp:101]   --->   Operation 114 'readreq' 'empty_755' <Predicate = true> <Delay = 8.00> <CoreInst = "m_axi">   --->   Core 119 'm_axi' <Latency = 6> <II = 1> <Delay = 1.00> <Adapter> <Opcode : 'read' 'write' 'readreq' 'writereq' 'writeresp'>

State 30 <SV = 29> <Delay = 8.00>
ST_30 : Operation 115 [43/71] (8.00ns)   --->   "%empty_755 = readreq i1 @_ssdm_op_ReadReq.m_axi.p1i128, i128 %gmem_V_addr, i64 72" [swiglu.cpp:101]   --->   Operation 115 'readreq' 'empty_755' <Predicate = true> <Delay = 8.00> <CoreInst = "m_axi">   --->   Core 119 'm_axi' <Latency = 6> <II = 1> <Delay = 1.00> <Adapter> <Opcode : 'read' 'write' 'readreq' 'writereq' 'writeresp'>

State 31 <SV = 30> <Delay = 8.00>
ST_31 : Operation 116 [42/71] (8.00ns)   --->   "%empty_755 = readreq i1 @_ssdm_op_ReadReq.m_axi.p1i128, i128 %gmem_V_addr, i64 72" [swiglu.cpp:101]   --->   Operation 116 'readreq' 'empty_755' <Predicate = true> <Delay = 8.00> <CoreInst = "m_axi">   --->   Core 119 'm_axi' <Latency = 6> <II = 1> <Delay = 1.00> <Adapter> <Opcode : 'read' 'write' 'readreq' 'writereq' 'writeresp'>

State 32 <SV = 31> <Delay = 8.00>
ST_32 : Operation 117 [41/71] (8.00ns)   --->   "%empty_755 = readreq i1 @_ssdm_op_ReadReq.m_axi.p1i128, i128 %gmem_V_addr, i64 72" [swiglu.cpp:101]   --->   Operation 117 'readreq' 'empty_755' <Predicate = true> <Delay = 8.00> <CoreInst = "m_axi">   --->   Core 119 'm_axi' <Latency = 6> <II = 1> <Delay = 1.00> <Adapter> <Opcode : 'read' 'write' 'readreq' 'writereq' 'writeresp'>

State 33 <SV = 32> <Delay = 8.00>
ST_33 : Operation 118 [40/71] (8.00ns)   --->   "%empty_755 = readreq i1 @_ssdm_op_ReadReq.m_axi.p1i128, i128 %gmem_V_addr, i64 72" [swiglu.cpp:101]   --->   Operation 118 'readreq' 'empty_755' <Predicate = true> <Delay = 8.00> <CoreInst = "m_axi">   --->   Core 119 'm_axi' <Latency = 6> <II = 1> <Delay = 1.00> <Adapter> <Opcode : 'read' 'write' 'readreq' 'writereq' 'writeresp'>

State 34 <SV = 33> <Delay = 8.00>
ST_34 : Operation 119 [39/71] (8.00ns)   --->   "%empty_755 = readreq i1 @_ssdm_op_ReadReq.m_axi.p1i128, i128 %gmem_V_addr, i64 72" [swiglu.cpp:101]   --->   Operation 119 'readreq' 'empty_755' <Predicate = true> <Delay = 8.00> <CoreInst = "m_axi">   --->   Core 119 'm_axi' <Latency = 6> <II = 1> <Delay = 1.00> <Adapter> <Opcode : 'read' 'write' 'readreq' 'writereq' 'writeresp'>

State 35 <SV = 34> <Delay = 8.00>
ST_35 : Operation 120 [38/71] (8.00ns)   --->   "%empty_755 = readreq i1 @_ssdm_op_ReadReq.m_axi.p1i128, i128 %gmem_V_addr, i64 72" [swiglu.cpp:101]   --->   Operation 120 'readreq' 'empty_755' <Predicate = true> <Delay = 8.00> <CoreInst = "m_axi">   --->   Core 119 'm_axi' <Latency = 6> <II = 1> <Delay = 1.00> <Adapter> <Opcode : 'read' 'write' 'readreq' 'writereq' 'writeresp'>

State 36 <SV = 35> <Delay = 8.00>
ST_36 : Operation 121 [37/71] (8.00ns)   --->   "%empty_755 = readreq i1 @_ssdm_op_ReadReq.m_axi.p1i128, i128 %gmem_V_addr, i64 72" [swiglu.cpp:101]   --->   Operation 121 'readreq' 'empty_755' <Predicate = true> <Delay = 8.00> <CoreInst = "m_axi">   --->   Core 119 'm_axi' <Latency = 6> <II = 1> <Delay = 1.00> <Adapter> <Opcode : 'read' 'write' 'readreq' 'writereq' 'writeresp'>

State 37 <SV = 36> <Delay = 8.00>
ST_37 : Operation 122 [36/71] (8.00ns)   --->   "%empty_755 = readreq i1 @_ssdm_op_ReadReq.m_axi.p1i128, i128 %gmem_V_addr, i64 72" [swiglu.cpp:101]   --->   Operation 122 'readreq' 'empty_755' <Predicate = true> <Delay = 8.00> <CoreInst = "m_axi">   --->   Core 119 'm_axi' <Latency = 6> <II = 1> <Delay = 1.00> <Adapter> <Opcode : 'read' 'write' 'readreq' 'writereq' 'writeresp'>

State 38 <SV = 37> <Delay = 8.00>
ST_38 : Operation 123 [35/71] (8.00ns)   --->   "%empty_755 = readreq i1 @_ssdm_op_ReadReq.m_axi.p1i128, i128 %gmem_V_addr, i64 72" [swiglu.cpp:101]   --->   Operation 123 'readreq' 'empty_755' <Predicate = true> <Delay = 8.00> <CoreInst = "m_axi">   --->   Core 119 'm_axi' <Latency = 6> <II = 1> <Delay = 1.00> <Adapter> <Opcode : 'read' 'write' 'readreq' 'writereq' 'writeresp'>

State 39 <SV = 38> <Delay = 8.00>
ST_39 : Operation 124 [34/71] (8.00ns)   --->   "%empty_755 = readreq i1 @_ssdm_op_ReadReq.m_axi.p1i128, i128 %gmem_V_addr, i64 72" [swiglu.cpp:101]   --->   Operation 124 'readreq' 'empty_755' <Predicate = true> <Delay = 8.00> <CoreInst = "m_axi">   --->   Core 119 'm_axi' <Latency = 6> <II = 1> <Delay = 1.00> <Adapter> <Opcode : 'read' 'write' 'readreq' 'writereq' 'writeresp'>

State 40 <SV = 39> <Delay = 8.00>
ST_40 : Operation 125 [33/71] (8.00ns)   --->   "%empty_755 = readreq i1 @_ssdm_op_ReadReq.m_axi.p1i128, i128 %gmem_V_addr, i64 72" [swiglu.cpp:101]   --->   Operation 125 'readreq' 'empty_755' <Predicate = true> <Delay = 8.00> <CoreInst = "m_axi">   --->   Core 119 'm_axi' <Latency = 6> <II = 1> <Delay = 1.00> <Adapter> <Opcode : 'read' 'write' 'readreq' 'writereq' 'writeresp'>

State 41 <SV = 40> <Delay = 8.00>
ST_41 : Operation 126 [32/71] (8.00ns)   --->   "%empty_755 = readreq i1 @_ssdm_op_ReadReq.m_axi.p1i128, i128 %gmem_V_addr, i64 72" [swiglu.cpp:101]   --->   Operation 126 'readreq' 'empty_755' <Predicate = true> <Delay = 8.00> <CoreInst = "m_axi">   --->   Core 119 'm_axi' <Latency = 6> <II = 1> <Delay = 1.00> <Adapter> <Opcode : 'read' 'write' 'readreq' 'writereq' 'writeresp'>

State 42 <SV = 41> <Delay = 8.00>
ST_42 : Operation 127 [31/71] (8.00ns)   --->   "%empty_755 = readreq i1 @_ssdm_op_ReadReq.m_axi.p1i128, i128 %gmem_V_addr, i64 72" [swiglu.cpp:101]   --->   Operation 127 'readreq' 'empty_755' <Predicate = true> <Delay = 8.00> <CoreInst = "m_axi">   --->   Core 119 'm_axi' <Latency = 6> <II = 1> <Delay = 1.00> <Adapter> <Opcode : 'read' 'write' 'readreq' 'writereq' 'writeresp'>

State 43 <SV = 42> <Delay = 8.00>
ST_43 : Operation 128 [30/71] (8.00ns)   --->   "%empty_755 = readreq i1 @_ssdm_op_ReadReq.m_axi.p1i128, i128 %gmem_V_addr, i64 72" [swiglu.cpp:101]   --->   Operation 128 'readreq' 'empty_755' <Predicate = true> <Delay = 8.00> <CoreInst = "m_axi">   --->   Core 119 'm_axi' <Latency = 6> <II = 1> <Delay = 1.00> <Adapter> <Opcode : 'read' 'write' 'readreq' 'writereq' 'writeresp'>

State 44 <SV = 43> <Delay = 8.00>
ST_44 : Operation 129 [29/71] (8.00ns)   --->   "%empty_755 = readreq i1 @_ssdm_op_ReadReq.m_axi.p1i128, i128 %gmem_V_addr, i64 72" [swiglu.cpp:101]   --->   Operation 129 'readreq' 'empty_755' <Predicate = true> <Delay = 8.00> <CoreInst = "m_axi">   --->   Core 119 'm_axi' <Latency = 6> <II = 1> <Delay = 1.00> <Adapter> <Opcode : 'read' 'write' 'readreq' 'writereq' 'writeresp'>

State 45 <SV = 44> <Delay = 8.00>
ST_45 : Operation 130 [28/71] (8.00ns)   --->   "%empty_755 = readreq i1 @_ssdm_op_ReadReq.m_axi.p1i128, i128 %gmem_V_addr, i64 72" [swiglu.cpp:101]   --->   Operation 130 'readreq' 'empty_755' <Predicate = true> <Delay = 8.00> <CoreInst = "m_axi">   --->   Core 119 'm_axi' <Latency = 6> <II = 1> <Delay = 1.00> <Adapter> <Opcode : 'read' 'write' 'readreq' 'writereq' 'writeresp'>

State 46 <SV = 45> <Delay = 8.00>
ST_46 : Operation 131 [27/71] (8.00ns)   --->   "%empty_755 = readreq i1 @_ssdm_op_ReadReq.m_axi.p1i128, i128 %gmem_V_addr, i64 72" [swiglu.cpp:101]   --->   Operation 131 'readreq' 'empty_755' <Predicate = true> <Delay = 8.00> <CoreInst = "m_axi">   --->   Core 119 'm_axi' <Latency = 6> <II = 1> <Delay = 1.00> <Adapter> <Opcode : 'read' 'write' 'readreq' 'writereq' 'writeresp'>

State 47 <SV = 46> <Delay = 8.00>
ST_47 : Operation 132 [26/71] (8.00ns)   --->   "%empty_755 = readreq i1 @_ssdm_op_ReadReq.m_axi.p1i128, i128 %gmem_V_addr, i64 72" [swiglu.cpp:101]   --->   Operation 132 'readreq' 'empty_755' <Predicate = true> <Delay = 8.00> <CoreInst = "m_axi">   --->   Core 119 'm_axi' <Latency = 6> <II = 1> <Delay = 1.00> <Adapter> <Opcode : 'read' 'write' 'readreq' 'writereq' 'writeresp'>

State 48 <SV = 47> <Delay = 8.00>
ST_48 : Operation 133 [25/71] (8.00ns)   --->   "%empty_755 = readreq i1 @_ssdm_op_ReadReq.m_axi.p1i128, i128 %gmem_V_addr, i64 72" [swiglu.cpp:101]   --->   Operation 133 'readreq' 'empty_755' <Predicate = true> <Delay = 8.00> <CoreInst = "m_axi">   --->   Core 119 'm_axi' <Latency = 6> <II = 1> <Delay = 1.00> <Adapter> <Opcode : 'read' 'write' 'readreq' 'writereq' 'writeresp'>

State 49 <SV = 48> <Delay = 8.00>
ST_49 : Operation 134 [24/71] (8.00ns)   --->   "%empty_755 = readreq i1 @_ssdm_op_ReadReq.m_axi.p1i128, i128 %gmem_V_addr, i64 72" [swiglu.cpp:101]   --->   Operation 134 'readreq' 'empty_755' <Predicate = true> <Delay = 8.00> <CoreInst = "m_axi">   --->   Core 119 'm_axi' <Latency = 6> <II = 1> <Delay = 1.00> <Adapter> <Opcode : 'read' 'write' 'readreq' 'writereq' 'writeresp'>

State 50 <SV = 49> <Delay = 8.00>
ST_50 : Operation 135 [23/71] (8.00ns)   --->   "%empty_755 = readreq i1 @_ssdm_op_ReadReq.m_axi.p1i128, i128 %gmem_V_addr, i64 72" [swiglu.cpp:101]   --->   Operation 135 'readreq' 'empty_755' <Predicate = true> <Delay = 8.00> <CoreInst = "m_axi">   --->   Core 119 'm_axi' <Latency = 6> <II = 1> <Delay = 1.00> <Adapter> <Opcode : 'read' 'write' 'readreq' 'writereq' 'writeresp'>

State 51 <SV = 50> <Delay = 8.00>
ST_51 : Operation 136 [22/71] (8.00ns)   --->   "%empty_755 = readreq i1 @_ssdm_op_ReadReq.m_axi.p1i128, i128 %gmem_V_addr, i64 72" [swiglu.cpp:101]   --->   Operation 136 'readreq' 'empty_755' <Predicate = true> <Delay = 8.00> <CoreInst = "m_axi">   --->   Core 119 'm_axi' <Latency = 6> <II = 1> <Delay = 1.00> <Adapter> <Opcode : 'read' 'write' 'readreq' 'writereq' 'writeresp'>

State 52 <SV = 51> <Delay = 8.00>
ST_52 : Operation 137 [21/71] (8.00ns)   --->   "%empty_755 = readreq i1 @_ssdm_op_ReadReq.m_axi.p1i128, i128 %gmem_V_addr, i64 72" [swiglu.cpp:101]   --->   Operation 137 'readreq' 'empty_755' <Predicate = true> <Delay = 8.00> <CoreInst = "m_axi">   --->   Core 119 'm_axi' <Latency = 6> <II = 1> <Delay = 1.00> <Adapter> <Opcode : 'read' 'write' 'readreq' 'writereq' 'writeresp'>

State 53 <SV = 52> <Delay = 8.00>
ST_53 : Operation 138 [20/71] (8.00ns)   --->   "%empty_755 = readreq i1 @_ssdm_op_ReadReq.m_axi.p1i128, i128 %gmem_V_addr, i64 72" [swiglu.cpp:101]   --->   Operation 138 'readreq' 'empty_755' <Predicate = true> <Delay = 8.00> <CoreInst = "m_axi">   --->   Core 119 'm_axi' <Latency = 6> <II = 1> <Delay = 1.00> <Adapter> <Opcode : 'read' 'write' 'readreq' 'writereq' 'writeresp'>

State 54 <SV = 53> <Delay = 8.00>
ST_54 : Operation 139 [19/71] (8.00ns)   --->   "%empty_755 = readreq i1 @_ssdm_op_ReadReq.m_axi.p1i128, i128 %gmem_V_addr, i64 72" [swiglu.cpp:101]   --->   Operation 139 'readreq' 'empty_755' <Predicate = true> <Delay = 8.00> <CoreInst = "m_axi">   --->   Core 119 'm_axi' <Latency = 6> <II = 1> <Delay = 1.00> <Adapter> <Opcode : 'read' 'write' 'readreq' 'writereq' 'writeresp'>

State 55 <SV = 54> <Delay = 8.00>
ST_55 : Operation 140 [18/71] (8.00ns)   --->   "%empty_755 = readreq i1 @_ssdm_op_ReadReq.m_axi.p1i128, i128 %gmem_V_addr, i64 72" [swiglu.cpp:101]   --->   Operation 140 'readreq' 'empty_755' <Predicate = true> <Delay = 8.00> <CoreInst = "m_axi">   --->   Core 119 'm_axi' <Latency = 6> <II = 1> <Delay = 1.00> <Adapter> <Opcode : 'read' 'write' 'readreq' 'writereq' 'writeresp'>

State 56 <SV = 55> <Delay = 8.00>
ST_56 : Operation 141 [17/71] (8.00ns)   --->   "%empty_755 = readreq i1 @_ssdm_op_ReadReq.m_axi.p1i128, i128 %gmem_V_addr, i64 72" [swiglu.cpp:101]   --->   Operation 141 'readreq' 'empty_755' <Predicate = true> <Delay = 8.00> <CoreInst = "m_axi">   --->   Core 119 'm_axi' <Latency = 6> <II = 1> <Delay = 1.00> <Adapter> <Opcode : 'read' 'write' 'readreq' 'writereq' 'writeresp'>

State 57 <SV = 56> <Delay = 8.00>
ST_57 : Operation 142 [16/71] (8.00ns)   --->   "%empty_755 = readreq i1 @_ssdm_op_ReadReq.m_axi.p1i128, i128 %gmem_V_addr, i64 72" [swiglu.cpp:101]   --->   Operation 142 'readreq' 'empty_755' <Predicate = true> <Delay = 8.00> <CoreInst = "m_axi">   --->   Core 119 'm_axi' <Latency = 6> <II = 1> <Delay = 1.00> <Adapter> <Opcode : 'read' 'write' 'readreq' 'writereq' 'writeresp'>

State 58 <SV = 57> <Delay = 8.00>
ST_58 : Operation 143 [15/71] (8.00ns)   --->   "%empty_755 = readreq i1 @_ssdm_op_ReadReq.m_axi.p1i128, i128 %gmem_V_addr, i64 72" [swiglu.cpp:101]   --->   Operation 143 'readreq' 'empty_755' <Predicate = true> <Delay = 8.00> <CoreInst = "m_axi">   --->   Core 119 'm_axi' <Latency = 6> <II = 1> <Delay = 1.00> <Adapter> <Opcode : 'read' 'write' 'readreq' 'writereq' 'writeresp'>

State 59 <SV = 58> <Delay = 8.00>
ST_59 : Operation 144 [14/71] (8.00ns)   --->   "%empty_755 = readreq i1 @_ssdm_op_ReadReq.m_axi.p1i128, i128 %gmem_V_addr, i64 72" [swiglu.cpp:101]   --->   Operation 144 'readreq' 'empty_755' <Predicate = true> <Delay = 8.00> <CoreInst = "m_axi">   --->   Core 119 'm_axi' <Latency = 6> <II = 1> <Delay = 1.00> <Adapter> <Opcode : 'read' 'write' 'readreq' 'writereq' 'writeresp'>

State 60 <SV = 59> <Delay = 8.00>
ST_60 : Operation 145 [13/71] (8.00ns)   --->   "%empty_755 = readreq i1 @_ssdm_op_ReadReq.m_axi.p1i128, i128 %gmem_V_addr, i64 72" [swiglu.cpp:101]   --->   Operation 145 'readreq' 'empty_755' <Predicate = true> <Delay = 8.00> <CoreInst = "m_axi">   --->   Core 119 'm_axi' <Latency = 6> <II = 1> <Delay = 1.00> <Adapter> <Opcode : 'read' 'write' 'readreq' 'writereq' 'writeresp'>

State 61 <SV = 60> <Delay = 8.00>
ST_61 : Operation 146 [12/71] (8.00ns)   --->   "%empty_755 = readreq i1 @_ssdm_op_ReadReq.m_axi.p1i128, i128 %gmem_V_addr, i64 72" [swiglu.cpp:101]   --->   Operation 146 'readreq' 'empty_755' <Predicate = true> <Delay = 8.00> <CoreInst = "m_axi">   --->   Core 119 'm_axi' <Latency = 6> <II = 1> <Delay = 1.00> <Adapter> <Opcode : 'read' 'write' 'readreq' 'writereq' 'writeresp'>

State 62 <SV = 61> <Delay = 8.00>
ST_62 : Operation 147 [11/71] (8.00ns)   --->   "%empty_755 = readreq i1 @_ssdm_op_ReadReq.m_axi.p1i128, i128 %gmem_V_addr, i64 72" [swiglu.cpp:101]   --->   Operation 147 'readreq' 'empty_755' <Predicate = true> <Delay = 8.00> <CoreInst = "m_axi">   --->   Core 119 'm_axi' <Latency = 6> <II = 1> <Delay = 1.00> <Adapter> <Opcode : 'read' 'write' 'readreq' 'writereq' 'writeresp'>

State 63 <SV = 62> <Delay = 8.00>
ST_63 : Operation 148 [10/71] (8.00ns)   --->   "%empty_755 = readreq i1 @_ssdm_op_ReadReq.m_axi.p1i128, i128 %gmem_V_addr, i64 72" [swiglu.cpp:101]   --->   Operation 148 'readreq' 'empty_755' <Predicate = true> <Delay = 8.00> <CoreInst = "m_axi">   --->   Core 119 'm_axi' <Latency = 6> <II = 1> <Delay = 1.00> <Adapter> <Opcode : 'read' 'write' 'readreq' 'writereq' 'writeresp'>

State 64 <SV = 63> <Delay = 8.00>
ST_64 : Operation 149 [9/71] (8.00ns)   --->   "%empty_755 = readreq i1 @_ssdm_op_ReadReq.m_axi.p1i128, i128 %gmem_V_addr, i64 72" [swiglu.cpp:101]   --->   Operation 149 'readreq' 'empty_755' <Predicate = true> <Delay = 8.00> <CoreInst = "m_axi">   --->   Core 119 'm_axi' <Latency = 6> <II = 1> <Delay = 1.00> <Adapter> <Opcode : 'read' 'write' 'readreq' 'writereq' 'writeresp'>

State 65 <SV = 64> <Delay = 8.00>
ST_65 : Operation 150 [8/71] (8.00ns)   --->   "%empty_755 = readreq i1 @_ssdm_op_ReadReq.m_axi.p1i128, i128 %gmem_V_addr, i64 72" [swiglu.cpp:101]   --->   Operation 150 'readreq' 'empty_755' <Predicate = true> <Delay = 8.00> <CoreInst = "m_axi">   --->   Core 119 'm_axi' <Latency = 6> <II = 1> <Delay = 1.00> <Adapter> <Opcode : 'read' 'write' 'readreq' 'writereq' 'writeresp'>

State 66 <SV = 65> <Delay = 8.00>
ST_66 : Operation 151 [7/71] (8.00ns)   --->   "%empty_755 = readreq i1 @_ssdm_op_ReadReq.m_axi.p1i128, i128 %gmem_V_addr, i64 72" [swiglu.cpp:101]   --->   Operation 151 'readreq' 'empty_755' <Predicate = true> <Delay = 8.00> <CoreInst = "m_axi">   --->   Core 119 'm_axi' <Latency = 6> <II = 1> <Delay = 1.00> <Adapter> <Opcode : 'read' 'write' 'readreq' 'writereq' 'writeresp'>

State 67 <SV = 66> <Delay = 8.00>
ST_67 : Operation 152 [6/71] (8.00ns)   --->   "%empty_755 = readreq i1 @_ssdm_op_ReadReq.m_axi.p1i128, i128 %gmem_V_addr, i64 72" [swiglu.cpp:101]   --->   Operation 152 'readreq' 'empty_755' <Predicate = true> <Delay = 8.00> <CoreInst = "m_axi">   --->   Core 119 'm_axi' <Latency = 6> <II = 1> <Delay = 1.00> <Adapter> <Opcode : 'read' 'write' 'readreq' 'writereq' 'writeresp'>

State 68 <SV = 67> <Delay = 8.00>
ST_68 : Operation 153 [5/71] (8.00ns)   --->   "%empty_755 = readreq i1 @_ssdm_op_ReadReq.m_axi.p1i128, i128 %gmem_V_addr, i64 72" [swiglu.cpp:101]   --->   Operation 153 'readreq' 'empty_755' <Predicate = true> <Delay = 8.00> <CoreInst = "m_axi">   --->   Core 119 'm_axi' <Latency = 6> <II = 1> <Delay = 1.00> <Adapter> <Opcode : 'read' 'write' 'readreq' 'writereq' 'writeresp'>

State 69 <SV = 68> <Delay = 8.00>
ST_69 : Operation 154 [4/71] (8.00ns)   --->   "%empty_755 = readreq i1 @_ssdm_op_ReadReq.m_axi.p1i128, i128 %gmem_V_addr, i64 72" [swiglu.cpp:101]   --->   Operation 154 'readreq' 'empty_755' <Predicate = true> <Delay = 8.00> <CoreInst = "m_axi">   --->   Core 119 'm_axi' <Latency = 6> <II = 1> <Delay = 1.00> <Adapter> <Opcode : 'read' 'write' 'readreq' 'writereq' 'writeresp'>

State 70 <SV = 69> <Delay = 8.00>
ST_70 : Operation 155 [3/71] (8.00ns)   --->   "%empty_755 = readreq i1 @_ssdm_op_ReadReq.m_axi.p1i128, i128 %gmem_V_addr, i64 72" [swiglu.cpp:101]   --->   Operation 155 'readreq' 'empty_755' <Predicate = true> <Delay = 8.00> <CoreInst = "m_axi">   --->   Core 119 'm_axi' <Latency = 6> <II = 1> <Delay = 1.00> <Adapter> <Opcode : 'read' 'write' 'readreq' 'writereq' 'writeresp'>

State 71 <SV = 70> <Delay = 8.00>
ST_71 : Operation 156 [2/71] (8.00ns)   --->   "%empty_755 = readreq i1 @_ssdm_op_ReadReq.m_axi.p1i128, i128 %gmem_V_addr, i64 72" [swiglu.cpp:101]   --->   Operation 156 'readreq' 'empty_755' <Predicate = true> <Delay = 8.00> <CoreInst = "m_axi">   --->   Core 119 'm_axi' <Latency = 6> <II = 1> <Delay = 1.00> <Adapter> <Opcode : 'read' 'write' 'readreq' 'writereq' 'writeresp'>

State 72 <SV = 71> <Delay = 8.00>
ST_72 : Operation 157 [1/71] (8.00ns)   --->   "%empty_755 = readreq i1 @_ssdm_op_ReadReq.m_axi.p1i128, i128 %gmem_V_addr, i64 72" [swiglu.cpp:101]   --->   Operation 157 'readreq' 'empty_755' <Predicate = true> <Delay = 8.00> <CoreInst = "m_axi">   --->   Core 119 'm_axi' <Latency = 6> <II = 1> <Delay = 1.00> <Adapter> <Opcode : 'read' 'write' 'readreq' 'writereq' 'writeresp'>

State 73 <SV = 72> <Delay = 0.00>
ST_73 : Operation 158 [2/2] (0.00ns)   --->   "%call_ln101 = call void @load_row_wv_Pipeline_LOAD_WV_VITIS_LOOP_102_1, i128 %gmem_V, i60 %trunc_ln, i128 %rb_7, i128 %rb_6, i128 %rb_5, i128 %rb_4, i128 %rb_3, i128 %rb_2, i128 %rb_1, i128 %rb_0" [swiglu.cpp:101]   --->   Operation 158 'call' 'call_ln101' <Predicate = true> <Delay = 0.00> <CoreType = "Generic">   --->   Generic Core

State 74 <SV = 73> <Delay = 0.00>
ST_74 : Operation 159 [1/1] (0.00ns)   --->   "%specmemcore_ln0 = specmemcore void @_ssdm_op_SpecMemCore, i128 %rb_0, i64 666, i64 19, i64 18446744073709551615"   --->   Operation 159 'specmemcore' 'specmemcore_ln0' <Predicate = true> <Delay = 0.00>
ST_74 : Operation 160 [1/1] (0.00ns)   --->   "%specmemcore_ln0 = specmemcore void @_ssdm_op_SpecMemCore, i128 %rb_1, i64 666, i64 19, i64 18446744073709551615"   --->   Operation 160 'specmemcore' 'specmemcore_ln0' <Predicate = true> <Delay = 0.00>
ST_74 : Operation 161 [1/1] (0.00ns)   --->   "%specmemcore_ln0 = specmemcore void @_ssdm_op_SpecMemCore, i128 %rb_2, i64 666, i64 19, i64 18446744073709551615"   --->   Operation 161 'specmemcore' 'specmemcore_ln0' <Predicate = true> <Delay = 0.00>
ST_74 : Operation 162 [1/1] (0.00ns)   --->   "%specmemcore_ln0 = specmemcore void @_ssdm_op_SpecMemCore, i128 %rb_3, i64 666, i64 19, i64 18446744073709551615"   --->   Operation 162 'specmemcore' 'specmemcore_ln0' <Predicate = true> <Delay = 0.00>
ST_74 : Operation 163 [1/1] (0.00ns)   --->   "%specmemcore_ln0 = specmemcore void @_ssdm_op_SpecMemCore, i128 %rb_4, i64 666, i64 19, i64 18446744073709551615"   --->   Operation 163 'specmemcore' 'specmemcore_ln0' <Predicate = true> <Delay = 0.00>
ST_74 : Operation 164 [1/1] (0.00ns)   --->   "%specmemcore_ln0 = specmemcore void @_ssdm_op_SpecMemCore, i128 %rb_5, i64 666, i64 19, i64 18446744073709551615"   --->   Operation 164 'specmemcore' 'specmemcore_ln0' <Predicate = true> <Delay = 0.00>
ST_74 : Operation 165 [1/1] (0.00ns)   --->   "%specmemcore_ln0 = specmemcore void @_ssdm_op_SpecMemCore, i128 %rb_6, i64 666, i64 19, i64 18446744073709551615"   --->   Operation 165 'specmemcore' 'specmemcore_ln0' <Predicate = true> <Delay = 0.00>
ST_74 : Operation 166 [1/1] (0.00ns)   --->   "%specmemcore_ln0 = specmemcore void @_ssdm_op_SpecMemCore, i128 %rb_7, i64 666, i64 19, i64 18446744073709551615"   --->   Operation 166 'specmemcore' 'specmemcore_ln0' <Predicate = true> <Delay = 0.00>
ST_74 : Operation 167 [1/1] (0.00ns)   --->   "%specinterface_ln0 = specinterface void @_ssdm_op_SpecInterface, i128 %gmem_V, void @empty_33, i32 0, i32 0, void @empty_29, i32 64, i32 589824, void @empty_24, void @empty, void @empty_29, i32 2, i32 16, i32 256, i32 16, void @empty_29, void @empty_29, i32 4294967295, i32 0, i32 0"   --->   Operation 167 'specinterface' 'specinterface_ln0' <Predicate = true> <Delay = 0.00>
ST_74 : Operation 168 [1/2] (0.00ns)   --->   "%call_ln101 = call void @load_row_wv_Pipeline_LOAD_WV_VITIS_LOOP_102_1, i128 %gmem_V, i60 %trunc_ln, i128 %rb_7, i128 %rb_6, i128 %rb_5, i128 %rb_4, i128 %rb_3, i128 %rb_2, i128 %rb_1, i128 %rb_0" [swiglu.cpp:101]   --->   Operation 168 'call' 'call_ln101' <Predicate = true> <Delay = 0.00> <CoreType = "Generic">   --->   Generic Core
ST_74 : Operation 169 [1/1] (0.00ns)   --->   "%ret_ln107 = ret" [swiglu.cpp:107]   --->   Operation 169 'ret' 'ret_ln107' <Predicate = true> <Delay = 0.00>


============================================================
+ Verbose Summary: Timing violations
============================================================
Target clock period: 10.000ns, clock uncertainty: 2.000ns.

 <State 1>: 2.009ns
The critical path consists of the following:
	wire read operation ('row_read') on port 'row' [12]  (0.000 ns)
	'add' operation 24 bit ('empty') [27]  (0.924 ns)
	'add' operation 64 bit ('empty_754') [29]  (1.085 ns)

 <State 2>: 8.000ns
The critical path consists of the following:
	'getelementptr' operation 128 bit ('gmem_V_addr', swiglu.cpp:101) [32]  (0.000 ns)
	bus request operation ('empty_755', swiglu.cpp:101) on port 'gmem_V' (swiglu.cpp:101) [33]  (8.000 ns)

 <State 3>: 8.000ns
The critical path consists of the following:
	bus request operation ('empty_755', swiglu.cpp:101) on port 'gmem_V' (swiglu.cpp:101) [33]  (8.000 ns)

 <State 4>: 8.000ns
The critical path consists of the following:
	bus request operation ('empty_755', swiglu.cpp:101) on port 'gmem_V' (swiglu.cpp:101) [33]  (8.000 ns)

 <State 5>: 8.000ns
The critical path consists of the following:
	bus request operation ('empty_755', swiglu.cpp:101) on port 'gmem_V' (swiglu.cpp:101) [33]  (8.000 ns)

 <State 6>: 8.000ns
The critical path consists of the following:
	bus request operation ('empty_755', swiglu.cpp:101) on port 'gmem_V' (swiglu.cpp:101) [33]  (8.000 ns)

 <State 7>: 8.000ns
The critical path consists of the following:
	bus request operation ('empty_755', swiglu.cpp:101) on port 'gmem_V' (swiglu.cpp:101) [33]  (8.000 ns)

 <State 8>: 8.000ns
The critical path consists of the following:
	bus request operation ('empty_755', swiglu.cpp:101) on port 'gmem_V' (swiglu.cpp:101) [33]  (8.000 ns)

 <State 9>: 8.000ns
The critical path consists of the following:
	bus request operation ('empty_755', swiglu.cpp:101) on port 'gmem_V' (swiglu.cpp:101) [33]  (8.000 ns)

 <State 10>: 8.000ns
The critical path consists of the following:
	bus request operation ('empty_755', swiglu.cpp:101) on port 'gmem_V' (swiglu.cpp:101) [33]  (8.000 ns)

 <State 11>: 8.000ns
The critical path consists of the following:
	bus request operation ('empty_755', swiglu.cpp:101) on port 'gmem_V' (swiglu.cpp:101) [33]  (8.000 ns)

 <State 12>: 8.000ns
The critical path consists of the following:
	bus request operation ('empty_755', swiglu.cpp:101) on port 'gmem_V' (swiglu.cpp:101) [33]  (8.000 ns)

 <State 13>: 8.000ns
The critical path consists of the following:
	bus request operation ('empty_755', swiglu.cpp:101) on port 'gmem_V' (swiglu.cpp:101) [33]  (8.000 ns)

 <State 14>: 8.000ns
The critical path consists of the following:
	bus request operation ('empty_755', swiglu.cpp:101) on port 'gmem_V' (swiglu.cpp:101) [33]  (8.000 ns)

 <State 15>: 8.000ns
The critical path consists of the following:
	bus request operation ('empty_755', swiglu.cpp:101) on port 'gmem_V' (swiglu.cpp:101) [33]  (8.000 ns)

 <State 16>: 8.000ns
The critical path consists of the following:
	bus request operation ('empty_755', swiglu.cpp:101) on port 'gmem_V' (swiglu.cpp:101) [33]  (8.000 ns)

 <State 17>: 8.000ns
The critical path consists of the following:
	bus request operation ('empty_755', swiglu.cpp:101) on port 'gmem_V' (swiglu.cpp:101) [33]  (8.000 ns)

 <State 18>: 8.000ns
The critical path consists of the following:
	bus request operation ('empty_755', swiglu.cpp:101) on port 'gmem_V' (swiglu.cpp:101) [33]  (8.000 ns)

 <State 19>: 8.000ns
The critical path consists of the following:
	bus request operation ('empty_755', swiglu.cpp:101) on port 'gmem_V' (swiglu.cpp:101) [33]  (8.000 ns)

 <State 20>: 8.000ns
The critical path consists of the following:
	bus request operation ('empty_755', swiglu.cpp:101) on port 'gmem_V' (swiglu.cpp:101) [33]  (8.000 ns)

 <State 21>: 8.000ns
The critical path consists of the following:
	bus request operation ('empty_755', swiglu.cpp:101) on port 'gmem_V' (swiglu.cpp:101) [33]  (8.000 ns)

 <State 22>: 8.000ns
The critical path consists of the following:
	bus request operation ('empty_755', swiglu.cpp:101) on port 'gmem_V' (swiglu.cpp:101) [33]  (8.000 ns)

 <State 23>: 8.000ns
The critical path consists of the following:
	bus request operation ('empty_755', swiglu.cpp:101) on port 'gmem_V' (swiglu.cpp:101) [33]  (8.000 ns)

 <State 24>: 8.000ns
The critical path consists of the following:
	bus request operation ('empty_755', swiglu.cpp:101) on port 'gmem_V' (swiglu.cpp:101) [33]  (8.000 ns)

 <State 25>: 8.000ns
The critical path consists of the following:
	bus request operation ('empty_755', swiglu.cpp:101) on port 'gmem_V' (swiglu.cpp:101) [33]  (8.000 ns)

 <State 26>: 8.000ns
The critical path consists of the following:
	bus request operation ('empty_755', swiglu.cpp:101) on port 'gmem_V' (swiglu.cpp:101) [33]  (8.000 ns)

 <State 27>: 8.000ns
The critical path consists of the following:
	bus request operation ('empty_755', swiglu.cpp:101) on port 'gmem_V' (swiglu.cpp:101) [33]  (8.000 ns)

 <State 28>: 8.000ns
The critical path consists of the following:
	bus request operation ('empty_755', swiglu.cpp:101) on port 'gmem_V' (swiglu.cpp:101) [33]  (8.000 ns)

 <State 29>: 8.000ns
The critical path consists of the following:
	bus request operation ('empty_755', swiglu.cpp:101) on port 'gmem_V' (swiglu.cpp:101) [33]  (8.000 ns)

 <State 30>: 8.000ns
The critical path consists of the following:
	bus request operation ('empty_755', swiglu.cpp:101) on port 'gmem_V' (swiglu.cpp:101) [33]  (8.000 ns)

 <State 31>: 8.000ns
The critical path consists of the following:
	bus request operation ('empty_755', swiglu.cpp:101) on port 'gmem_V' (swiglu.cpp:101) [33]  (8.000 ns)

 <State 32>: 8.000ns
The critical path consists of the following:
	bus request operation ('empty_755', swiglu.cpp:101) on port 'gmem_V' (swiglu.cpp:101) [33]  (8.000 ns)

 <State 33>: 8.000ns
The critical path consists of the following:
	bus request operation ('empty_755', swiglu.cpp:101) on port 'gmem_V' (swiglu.cpp:101) [33]  (8.000 ns)

 <State 34>: 8.000ns
The critical path consists of the following:
	bus request operation ('empty_755', swiglu.cpp:101) on port 'gmem_V' (swiglu.cpp:101) [33]  (8.000 ns)

 <State 35>: 8.000ns
The critical path consists of the following:
	bus request operation ('empty_755', swiglu.cpp:101) on port 'gmem_V' (swiglu.cpp:101) [33]  (8.000 ns)

 <State 36>: 8.000ns
The critical path consists of the following:
	bus request operation ('empty_755', swiglu.cpp:101) on port 'gmem_V' (swiglu.cpp:101) [33]  (8.000 ns)

 <State 37>: 8.000ns
The critical path consists of the following:
	bus request operation ('empty_755', swiglu.cpp:101) on port 'gmem_V' (swiglu.cpp:101) [33]  (8.000 ns)

 <State 38>: 8.000ns
The critical path consists of the following:
	bus request operation ('empty_755', swiglu.cpp:101) on port 'gmem_V' (swiglu.cpp:101) [33]  (8.000 ns)

 <State 39>: 8.000ns
The critical path consists of the following:
	bus request operation ('empty_755', swiglu.cpp:101) on port 'gmem_V' (swiglu.cpp:101) [33]  (8.000 ns)

 <State 40>: 8.000ns
The critical path consists of the following:
	bus request operation ('empty_755', swiglu.cpp:101) on port 'gmem_V' (swiglu.cpp:101) [33]  (8.000 ns)

 <State 41>: 8.000ns
The critical path consists of the following:
	bus request operation ('empty_755', swiglu.cpp:101) on port 'gmem_V' (swiglu.cpp:101) [33]  (8.000 ns)

 <State 42>: 8.000ns
The critical path consists of the following:
	bus request operation ('empty_755', swiglu.cpp:101) on port 'gmem_V' (swiglu.cpp:101) [33]  (8.000 ns)

 <State 43>: 8.000ns
The critical path consists of the following:
	bus request operation ('empty_755', swiglu.cpp:101) on port 'gmem_V' (swiglu.cpp:101) [33]  (8.000 ns)

 <State 44>: 8.000ns
The critical path consists of the following:
	bus request operation ('empty_755', swiglu.cpp:101) on port 'gmem_V' (swiglu.cpp:101) [33]  (8.000 ns)

 <State 45>: 8.000ns
The critical path consists of the following:
	bus request operation ('empty_755', swiglu.cpp:101) on port 'gmem_V' (swiglu.cpp:101) [33]  (8.000 ns)

 <State 46>: 8.000ns
The critical path consists of the following:
	bus request operation ('empty_755', swiglu.cpp:101) on port 'gmem_V' (swiglu.cpp:101) [33]  (8.000 ns)

 <State 47>: 8.000ns
The critical path consists of the following:
	bus request operation ('empty_755', swiglu.cpp:101) on port 'gmem_V' (swiglu.cpp:101) [33]  (8.000 ns)

 <State 48>: 8.000ns
The critical path consists of the following:
	bus request operation ('empty_755', swiglu.cpp:101) on port 'gmem_V' (swiglu.cpp:101) [33]  (8.000 ns)

 <State 49>: 8.000ns
The critical path consists of the following:
	bus request operation ('empty_755', swiglu.cpp:101) on port 'gmem_V' (swiglu.cpp:101) [33]  (8.000 ns)

 <State 50>: 8.000ns
The critical path consists of the following:
	bus request operation ('empty_755', swiglu.cpp:101) on port 'gmem_V' (swiglu.cpp:101) [33]  (8.000 ns)

 <State 51>: 8.000ns
The critical path consists of the following:
	bus request operation ('empty_755', swiglu.cpp:101) on port 'gmem_V' (swiglu.cpp:101) [33]  (8.000 ns)

 <State 52>: 8.000ns
The critical path consists of the following:
	bus request operation ('empty_755', swiglu.cpp:101) on port 'gmem_V' (swiglu.cpp:101) [33]  (8.000 ns)

 <State 53>: 8.000ns
The critical path consists of the following:
	bus request operation ('empty_755', swiglu.cpp:101) on port 'gmem_V' (swiglu.cpp:101) [33]  (8.000 ns)

 <State 54>: 8.000ns
The critical path consists of the following:
	bus request operation ('empty_755', swiglu.cpp:101) on port 'gmem_V' (swiglu.cpp:101) [33]  (8.000 ns)

 <State 55>: 8.000ns
The critical path consists of the following:
	bus request operation ('empty_755', swiglu.cpp:101) on port 'gmem_V' (swiglu.cpp:101) [33]  (8.000 ns)

 <State 56>: 8.000ns
The critical path consists of the following:
	bus request operation ('empty_755', swiglu.cpp:101) on port 'gmem_V' (swiglu.cpp:101) [33]  (8.000 ns)

 <State 57>: 8.000ns
The critical path consists of the following:
	bus request operation ('empty_755', swiglu.cpp:101) on port 'gmem_V' (swiglu.cpp:101) [33]  (8.000 ns)

 <State 58>: 8.000ns
The critical path consists of the following:
	bus request operation ('empty_755', swiglu.cpp:101) on port 'gmem_V' (swiglu.cpp:101) [33]  (8.000 ns)

 <State 59>: 8.000ns
The critical path consists of the following:
	bus request operation ('empty_755', swiglu.cpp:101) on port 'gmem_V' (swiglu.cpp:101) [33]  (8.000 ns)

 <State 60>: 8.000ns
The critical path consists of the following:
	bus request operation ('empty_755', swiglu.cpp:101) on port 'gmem_V' (swiglu.cpp:101) [33]  (8.000 ns)

 <State 61>: 8.000ns
The critical path consists of the following:
	bus request operation ('empty_755', swiglu.cpp:101) on port 'gmem_V' (swiglu.cpp:101) [33]  (8.000 ns)

 <State 62>: 8.000ns
The critical path consists of the following:
	bus request operation ('empty_755', swiglu.cpp:101) on port 'gmem_V' (swiglu.cpp:101) [33]  (8.000 ns)

 <State 63>: 8.000ns
The critical path consists of the following:
	bus request operation ('empty_755', swiglu.cpp:101) on port 'gmem_V' (swiglu.cpp:101) [33]  (8.000 ns)

 <State 64>: 8.000ns
The critical path consists of the following:
	bus request operation ('empty_755', swiglu.cpp:101) on port 'gmem_V' (swiglu.cpp:101) [33]  (8.000 ns)

 <State 65>: 8.000ns
The critical path consists of the following:
	bus request operation ('empty_755', swiglu.cpp:101) on port 'gmem_V' (swiglu.cpp:101) [33]  (8.000 ns)

 <State 66>: 8.000ns
The critical path consists of the following:
	bus request operation ('empty_755', swiglu.cpp:101) on port 'gmem_V' (swiglu.cpp:101) [33]  (8.000 ns)

 <State 67>: 8.000ns
The critical path consists of the following:
	bus request operation ('empty_755', swiglu.cpp:101) on port 'gmem_V' (swiglu.cpp:101) [33]  (8.000 ns)

 <State 68>: 8.000ns
The critical path consists of the following:
	bus request operation ('empty_755', swiglu.cpp:101) on port 'gmem_V' (swiglu.cpp:101) [33]  (8.000 ns)

 <State 69>: 8.000ns
The critical path consists of the following:
	bus request operation ('empty_755', swiglu.cpp:101) on port 'gmem_V' (swiglu.cpp:101) [33]  (8.000 ns)

 <State 70>: 8.000ns
The critical path consists of the following:
	bus request operation ('empty_755', swiglu.cpp:101) on port 'gmem_V' (swiglu.cpp:101) [33]  (8.000 ns)

 <State 71>: 8.000ns
The critical path consists of the following:
	bus request operation ('empty_755', swiglu.cpp:101) on port 'gmem_V' (swiglu.cpp:101) [33]  (8.000 ns)

 <State 72>: 8.000ns
The critical path consists of the following:
	bus request operation ('empty_755', swiglu.cpp:101) on port 'gmem_V' (swiglu.cpp:101) [33]  (8.000 ns)

 <State 73>: 0.000ns
The critical path consists of the following:

 <State 74>: 0.000ns
The critical path consists of the following:


============================================================
+ Verbose Summary: Binding
============================================================
N/A
* FSMD analyzer results:
  - Output states:
 - Input state : 
  - Chain level:
	State 1
	State 2
	State 3
	State 4
	State 5
	State 6
	State 7
	State 8
	State 9
	State 10
	State 11
	State 12
	State 13
	State 14
	State 15
	State 16
	State 17
	State 18
	State 19
	State 20
	State 21
	State 22
	State 23
	State 24
	State 25
	State 26
	State 27
	State 28
	State 29
	State 30
	State 31
	State 32
	State 33
	State 34
	State 35
	State 36
	State 37
	State 38
	State 39
	State 40
	State 41
	State 42
	State 43
	State 44
	State 45
	State 46
	State 47
	State 48
	State 49
	State 50
	State 51
	State 52
	State 53
	State 54
	State 55
	State 56
	State 57
	State 58
	State 59
	State 60
	State 61
	State 62
	State 63
	State 64
	State 65
	State 66
	State 67
	State 68
	State 69
	State 70
	State 71
	State 72
	State 73
	State 74


============================================================
+ Verbose Summary: Datapath Resource usage 
============================================================
N/A
